<html>
<body>
<pre>
<h1>µVision Build Log</h1>
<h2>Tool Versions:</h2>
IDE-Version: ¦ÌVision V5.13.0.0
Copyright (C) 2014 ARM Ltd and ARM Germany GmbH. All rights reserved.
License Information: db Microsoft, Microsoft, LIC=----
 
Tool Versions:
Toolchain:       MDK-ARM Standard  Version: 5.13.0.0
Toolchain Path:  C:\Keil_v5\ARM\ARMCC\Bin
C Compiler:      Armcc.exe V5.05 update 1 (build 106)
Assembler:       Armasm.exe V5.05 update 1 (build 106)
Linker/Locator:  ArmLink.exe V5.05 update 1 (build 106)
Library Manager: ArmAr.exe V5.05 update 1 (build 106)
Hex Converter:   FromElf.exe V5.05 update 1 (build 106)
CPU DLL:         SARMCM3.DLL V5.13.0.0
Dialog DLL:      DCM.DLL V1.13.1.0
Target DLL:      Segger\JL2CM3.dll V2.95.0.0
Dialog DLL:      TCM.DLL V1.14.4.0
 
<h2>Project:</h2>
C:\Users\db\Desktop\driver2015\Driver2015.uvprojx
Project File Date:  01/16/2015

<h2>Output:</h2>
Build target 'STM32F405RGT6'
compiling list.c...
compiling queue.c...
compiling tasks.c...
compiling port.c...
FreeRTOS\port\ARM_CM4F\port.c(505): warning: A1581W: Added 2 bytes of padding at address 0xa6
compiling heap_2.c...
compiling croutine.c...
compiling event_groups.c...
compiling timers.c...
compiling main.c...
compiling stm32f4xx_it.c...
compiling system_stm32f4xx.c...
assembling startup_stm32f40xx.s...
compiling misc.c...
compiling stm32f4xx_adc.c...
compiling stm32f4xx_can.c...
compiling stm32f4xx_dma.c...
compiling stm32f4xx_exti.c...
compiling stm32f4xx_flash.c...
compiling stm32f4xx_gpio.c...
compiling stm32f4xx_rcc.c...
compiling stm32f4xx_spi.c...
compiling stm32f4xx_syscfg.c...
compiling stm32f4xx_tim.c...
compiling stm32f4xx_usart.c...
compiling canopen.c...
compiling cli.c...
compiling cloop.c...
compiling interpolation.c...
compiling ploop.c...
compiling statemonitor.c...
compiling vloop.c...
compiling calibration.c...
compiling ad.c...
compiling can.c...
compiling encoder.c...
compiling pwm.c...
compiling sci.c...
compiling led.c...
linking...
Program Size: Code=48204 RO-data=18972 RW-data=864 ZI-data=107800  
".\Objects\Driver2015.axf" - 0 Error(s), 1 Warning(s).

<h2>Collection of Component include folders:</h2>
  C:\Users\db\Desktop\driver2015\RTE
  C:\Keil_v5\ARM\PACK\Keil\STM32F4xx_DFP\2.3.0\Drivers\CMSIS\Device\ST\STM32F4xx\Include

<h2>Collection of Component Files used:</h2>
</pre>
</body>
</html>
