Component: ARM Compiler 5.05 update 1 (build 106) Tool: armlink [4d0efa]

==============================================================================

Section Cross References

    queue.o(.text) refers to port.o(.emb_text) for ulPortSetInterruptMask
    queue.o(.text) refers to port.o(.text) for vPortEnterCritical
    queue.o(.text) refers to tasks.o(.text) for xTaskRemoveFromEventList
    queue.o(.text) refers to list.o(.text) for vListInitialise
    queue.o(.text) refers to heap_2.o(.text) for pvPortMalloc
    queue.o(.text) refers to rt_memcpy_v6.o(.text) for __aeabi_memcpy
    queue.o(.text) refers to queue.o(.bss) for xQueueRegistry
    tasks.o(.text) refers to list.o(.text) for vListInitialise
    tasks.o(.text) refers to heap_2.o(.text) for pvPortMalloc
    tasks.o(.text) refers to port.o(.emb_text) for ulPortSetInterruptMask
    tasks.o(.text) refers to port.o(.text) for pxPortInitialiseStack
    tasks.o(.text) refers to tasks.o(.bss) for pxReadyTasksLists
    tasks.o(.text) refers to tasks.o(.data) for pxDelayedTaskList
    port.o(.emb_text) refers to tasks.o(.text) for vTaskSwitchContext
    port.o(.emb_text) refers to tasks.o(.data) for pxCurrentTCB
    port.o(.text) refers to port.o(.emb_text) for ulPortSetInterruptMask
    port.o(.text) refers to tasks.o(.text) for xTaskIncrementTick
    port.o(.text) refers to port.o(.data) for uxCriticalNesting
    heap_2.o(.text) refers to tasks.o(.text) for vTaskSuspendAll
    heap_2.o(.text) refers to heap_2.o(.bss) for ucHeap
    heap_2.o(.text) refers to heap_2.o(.data) for xStart
    croutine.o(.text) refers to list.o(.text) for vListInitialise
    croutine.o(.text) refers to heap_2.o(.text) for pvPortMalloc
    croutine.o(.text) refers to port.o(.emb_text) for ulPortSetInterruptMask
    croutine.o(.text) refers to tasks.o(.text) for xTaskGetTickCount
    croutine.o(.text) refers to croutine.o(.bss) for pxReadyCoRoutineLists
    croutine.o(.text) refers to croutine.o(.data) for pxDelayedCoRoutineList
    event_groups.o(.text) refers to heap_2.o(.text) for pvPortMalloc
    event_groups.o(.text) refers to list.o(.text) for vListInitialise
    event_groups.o(.text) refers to port.o(.emb_text) for ulPortSetInterruptMask
    event_groups.o(.text) refers to tasks.o(.text) for vTaskSuspendAll
    event_groups.o(.text) refers to port.o(.text) for vPortYield
    main.o(.text) refers to tasks.o(.text) for xTaskGenericCreate
    main.o(.text) refers to misc.o(.text) for NVIC_PriorityGroupConfig
    main.o(.text) refers to encoder.o(.text) for Encoder_Configuration
    main.o(.text) refers to sci.o(.text) for sciConfiguration
    main.o(.text) refers to system_stm32f4xx.o(.text) for SystemCoreClockUpdate
    main.o(.text) refers to main.o(.data) for ledTaskHandle
    main.o(.text) refers to led.o(.text) for ledTask
    main.o(.text) refers to as5047d.o(.text) for as5047dTask
    system_stm32f4xx.o(.text) refers to system_stm32f4xx.o(.data) for SystemCoreClock
    startup_stm32f40xx.o(STACK) refers (Special) to heapauxi.o(.text) for __use_two_region_memory
    startup_stm32f40xx.o(HEAP) refers (Special) to heapauxi.o(.text) for __use_two_region_memory
    startup_stm32f40xx.o(RESET) refers (Special) to heapauxi.o(.text) for __use_two_region_memory
    startup_stm32f40xx.o(RESET) refers to startup_stm32f40xx.o(STACK) for __initial_sp
    startup_stm32f40xx.o(RESET) refers to startup_stm32f40xx.o(.text) for Reset_Handler
    startup_stm32f40xx.o(RESET) refers to stm32f4xx_it.o(.text) for NMI_Handler
    startup_stm32f40xx.o(RESET) refers to port.o(.emb_text) for SVC_Handler
    startup_stm32f40xx.o(RESET) refers to port.o(.text) for SysTick_Handler
    startup_stm32f40xx.o(RESET) refers to ad.o(.text) for ADC_IRQHandler
    startup_stm32f40xx.o(RESET) refers to can.o(.text) for CAN1_RX0_IRQHandler
    startup_stm32f40xx.o(RESET) refers to pwm.o(.text) for TIM1_CC_IRQHandler
    startup_stm32f40xx.o(RESET) refers to sci.o(.text) for USART3_IRQHandler
    startup_stm32f40xx.o(RESET) refers to encoder.o(.text) for UART4_IRQHandler
    startup_stm32f40xx.o(.text) refers (Special) to heapauxi.o(.text) for __use_two_region_memory
    startup_stm32f40xx.o(.text) refers to system_stm32f4xx.o(.text) for SystemInit
    startup_stm32f40xx.o(.text) refers to __main.o(!!!main) for __main
    startup_stm32f40xx.o(.text) refers to startup_stm32f40xx.o(HEAP) for Heap_Mem
    startup_stm32f40xx.o(.text) refers to startup_stm32f40xx.o(STACK) for Stack_Mem
    stm32f4xx_adc.o(.text) refers to stm32f4xx_rcc.o(.text) for RCC_APB2PeriphResetCmd
    stm32f4xx_can.o(.text) refers to stm32f4xx_rcc.o(.text) for RCC_APB1PeriphResetCmd
    stm32f4xx_gpio.o(.text) refers to stm32f4xx_rcc.o(.text) for RCC_AHB1PeriphResetCmd
    stm32f4xx_rcc.o(.text) refers to stm32f4xx_rcc.o(.data) for APBAHBPrescTable
    stm32f4xx_spi.o(.text) refers to stm32f4xx_rcc.o(.text) for RCC_APB2PeriphResetCmd
    stm32f4xx_syscfg.o(.text) refers to stm32f4xx_rcc.o(.text) for RCC_APB2PeriphResetCmd
[...]
    __Vectors_End                            0x08000188   Data           0  startup_stm32f40xx.o(RESET)
    __main                                   0x08000189   Thumb Code     8  __main.o(!!!main)
    __scatterload                            0x08000191   Thumb Code     0  __scatter.o(!!!scatter)
    __scatterload_rt2                        0x08000191   Thumb Code    44  __scatter.o(!!!scatter)
    __scatterload_rt2_thumb_only             0x08000191   Thumb Code     0  __scatter.o(!!!scatter)
    __scatterload_null                       0x0800019f   Thumb Code     0  __scatter.o(!!!scatter)
    __decompress                             0x080001c5   Thumb Code    90  __dczerorl2.o(!!dczerorl2)
    __decompress1                            0x080001c5   Thumb Code     0  __dczerorl2.o(!!dczerorl2)
    __scatterload_zeroinit                   0x08000221   Thumb Code    28  __scatter_zi.o(!!handler_zi)
    __rt_lib_init                            0x0800023d   Thumb Code     0  libinit.o(.ARM.Collect$$libinit$$00000000)
    __rt_lib_init_fp_1                       0x0800023f   Thumb Code     0  libinit2.o(.ARM.Collect$$libinit$$00000001)
    __rt_lib_init_alloca_1                   0x08000243   Thumb Code     0  libinit2.o(.ARM.Collect$$libinit$$0000002E)
    __rt_lib_init_argv_1                     0x08000243   Thumb Code     0  libinit2.o(.ARM.Collect$$libinit$$0000002C)
    __rt_lib_init_atexit_1                   0x08000243   Thumb Code     0  libinit2.o(.ARM.Collect$$libinit$$0000001B)
    __rt_lib_init_clock_1                    0x08000243   Thumb Code     0  libinit2.o(.ARM.Collect$$libinit$$00000021)
    __rt_lib_init_cpp_1                      0x08000243   Thumb Code     0  libinit2.o(.ARM.Collect$$libinit$$00000032)
    __rt_lib_init_exceptions_1               0x08000243   Thumb Code     0  libinit2.o(.ARM.Collect$$libinit$$00000030)
    __rt_lib_init_fp_trap_1                  0x08000243   Thumb Code     0  libinit2.o(.ARM.Collect$$libinit$$0000001F)
    __rt_lib_init_getenv_1                   0x08000243   Thumb Code     0  libinit2.o(.ARM.Collect$$libinit$$00000023)
    __rt_lib_init_heap_1                     0x08000243   Thumb Code     0  libinit2.o(.ARM.Collect$$libinit$$0000000A)
    __rt_lib_init_lc_collate_1               0x08000243   Thumb Code     0  libinit2.o(.ARM.Collect$$libinit$$00000011)
    __rt_lib_init_lc_ctype_1                 0x08000243   Thumb Code     0  libinit2.o(.ARM.Collect$$libinit$$00000013)
    __rt_lib_init_lc_monetary_1              0x08000243   Thumb Code     0  libinit2.o(.ARM.Collect$$libinit$$00000015)
    __rt_lib_init_lc_numeric_1               0x08000243   Thumb Code     0  libinit2.o(.ARM.Collect$$libinit$$00000017)
    __rt_lib_init_lc_time_1                  0x08000243   Thumb Code     0  libinit2.o(.ARM.Collect$$libinit$$00000019)
    __rt_lib_init_preinit_1                  0x08000243   Thumb Code     0  libinit2.o(.ARM.Collect$$libinit$$00000004)
    __rt_lib_init_rand_1                     0x08000243   Thumb Code     0  libinit2.o(.ARM.Collect$$libinit$$0000000E)
    __rt_lib_init_return                     0x08000243   Thumb Code     0  libinit2.o(.ARM.Collect$$libinit$$00000033)
    __rt_lib_init_signal_1                   0x08000243   Thumb Code     0  libinit2.o(.ARM.Collect$$libinit$$0000001D)
    __rt_lib_init_stdio_1                    0x08000243   Thumb Code     0  libinit2.o(.ARM.Collect$$libinit$$00000025)
    __rt_lib_init_user_alloc_1               0x08000243   Thumb Code     0  libinit2.o(.ARM.Collect$$libinit$$0000000C)
    __rt_lib_shutdown                        0x08000245   Thumb Code     0  libshutdown.o(.ARM.Collect$$libshutdown$$00000000)
    __rt_lib_shutdown_fp_trap_1              0x08000247   Thumb Code     0  libshutdown2.o(.ARM.Collect$$libshutdown$$00000006)
    __rt_lib_shutdown_heap_1                 0x08000247   Thumb Code     0  libshutdown2.o(.ARM.Collect$$libshutdown$$0000000E)
    __rt_lib_shutdown_return                 0x08000247   Thumb Code     0  libshutdown2.o(.ARM.Collect$$libshutdown$$0000000F)
    __rt_lib_shutdown_signal_1               0x08000247   Thumb Code     0  libshutdown2.o(.ARM.Collect$$libshutdown$$00000009)
    __rt_lib_shutdown_stdio_1                0x08000247   Thumb Code     0  libshutdown2.o(.ARM.Collect$$libshutdown$$00000003)
    __rt_lib_shutdown_user_alloc_1           0x08000247   Thumb Code     0  libshutdown2.o(.ARM.Collect$$libshutdown$$0000000B)
    __rt_entry                               0x08000249   Thumb Code     0  __rtentry.o(.ARM.Collect$$rtentry$$00000000)
    __rt_entry_presh_1                       0x08000249   Thumb Code     0  __rtentry2.o(.ARM.Collect$$rtentry$$00000002)
    __rt_entry_sh                            0x08000249   Thumb Code     0  __rtentry4.o(.ARM.Collect$$rtentry$$00000004)
    __rt_entry_li                            0x0800024f   Thumb Code     0  __rtentry2.o(.ARM.Collect$$rtentry$$0000000A)
    __rt_entry_postsh_1                      0x0800024f   Thumb Code     0  __rtentry2.o(.ARM.Collect$$rtentry$$00000009)
    __rt_entry_main                          0x08000253   Thumb Code     0  __rtentry2.o(.ARM.Collect$$rtentry$$0000000D)
    __rt_entry_postli_1                      0x08000253   Thumb Code     0  __rtentry2.o(.ARM.Collect$$rtentry$$0000000C)
    __rt_exit                                0x0800025b   Thumb Code     0  rtexit.o(.ARM.Collect$$rtexit$$00000000)
    __rt_exit_ls                             0x0800025d   Thumb Code     0  rtexit2.o(.ARM.Collect$$rtexit$$00000003)
    __rt_exit_prels_1                        0x0800025d   Thumb Code     0  rtexit2.o(.ARM.Collect$$rtexit$$00000002)
    __rt_exit_exit                           0x08000261   Thumb Code     0  rtexit2.o(.ARM.Collect$$rtexit$$00000004)
    SVC_Handler                              0x08000269   Thumb Code    28  port.o(.emb_text)
    __asm___6_port_c_39a90d8d__prvStartFirstTask 0x08000289   Thumb Code    28  port.o(.emb_text)
    __asm___6_port_c_39a90d8d__prvEnableVFP  0x080002a9   Thumb Code    16  port.o(.emb_text)
    PendSV_Handler                           0x080002bd   Thumb Code    82  port.o(.emb_text)
    ulPortSetInterruptMask                   0x08000315   Thumb Code    14  port.o(.emb_text)
    vPortClearInterruptMask                  0x08000323   Thumb Code     6  port.o(.emb_text)
    vPortGetIPSR                             0x08000329   Thumb Code     6  port.o(.emb_text)
    vListInitialise                          0x0800032f   Thumb Code    26  list.o(.text)
    vListInitialiseItem                      0x08000349   Thumb Code     6  list.o(.text)
    vListInsertEnd                           0x0800034f   Thumb Code    24  list.o(.text)
    vListInsert                              0x08000367   Thumb Code    52  list.o(.text)
    uxListRemove                             0x0800039b   Thumb Code    40  list.o(.text)
    xQueueGenericReset                       0x080003c5   Thumb Code   112  queue.o(.text)
    xQueueGenericCreate                      0x08000435   Thumb Code    86  queue.o(.text)
    xQueueGenericSend                        0x080005a7   Thumb Code   280  queue.o(.text)
    xQueueCreateMutex                        0x080006bf   Thumb Code    82  queue.o(.text)
    xQueueGiveMutexRecursive                 0x08000711   Thumb Code    58  queue.o(.text)
    xQueueGenericReceive                     0x0800078f   Thumb Code   304  queue.o(.text)
    xQueueTakeMutexRecursive                 0x080008bf   Thumb Code    70  queue.o(.text)
    xQueueCreateCountingSemaphore            0x08000905   Thumb Code    74  queue.o(.text)
    xQueueGenericSendFromISR                 0x0800094f   Thumb Code   180  queue.o(.text)
    xQueueReceiveFromISR                     0x08000a03   Thumb Code   136  queue.o(.text)
    xQueuePeekFromISR                        0x08000a8b   Thumb Code    90  queue.o(.text)
    uxQueueMessagesWaiting                   0x08000ae5   Thumb Code    28  queue.o(.text)
    uxQueueSpacesAvailable                   0x08000b01   Thumb Code    34  queue.o(.text)
    uxQueueMessagesWaitingFromISR            0x08000b23   Thumb Code    20  queue.o(.text)
    vQueueUnregisterQueue                    0x08000b37   Thumb Code    38  queue.o(.text)
    vQueueDelete                             0x08000b5d   Thumb Code    40  queue.o(.text)
    xQueueIsQueueEmptyFromISR                0x08000b85   Thumb Code    28  queue.o(.text)
    xQueueIsQueueFullFromISR                 0x08000ba1   Thumb Code    32  queue.o(.text)
    vQueueAddToRegistry                      0x08000bc1   Thumb Code    38  queue.o(.text)
    xTaskGenericCreate                       0x08000cbb   Thumb Code   272  tasks.o(.text)
    vTaskDelete                              0x08000df5   Thumb Code   160  tasks.o(.text)
    xTaskIncrementTick                       0x08000e95   Thumb Code   220  tasks.o(.text)
    xTaskResumeAll                           0x08000f71   Thumb Code   272  tasks.o(.text)
    vTaskSuspendAll                          0x080010bf   Thumb Code    12  tasks.o(.text)
    vTaskDelayUntil                          0x080010cb   Thumb Code   176  tasks.o(.text)
    vTaskDelay                               0x0800117b   Thumb Code    94  tasks.o(.text)
    uxTaskPriorityGet                        0x080011d9   Thumb Code    30  tasks.o(.text)
    vTaskPrioritySet                         0x080011f7   Thumb Code   224  tasks.o(.text)
    vTaskSwitchContext                       0x080012d7   Thumb Code   106  tasks.o(.text)
    vTaskSuspend                             0x08001341   Thumb Code   172  tasks.o(.text)
    vTaskResume                              0x08001469   Thumb Code    92  tasks.o(.text)
    xTaskResumeFromISR                       0x080014c5   Thumb Code   126  tasks.o(.text)
    vTaskStartScheduler                      0x080015b7   Thumb Code    64  tasks.o(.text)
    vTaskEndScheduler                        0x080015f7   Thumb Code    18  tasks.o(.text)
    xTaskGetTickCount                        0x08001609   Thumb Code    18  tasks.o(.text)
    xTaskGetTickCountFromISR                 0x0800161b   Thumb Code    26  tasks.o(.text)
    uxTaskGetNumberOfTasks                   0x08001635   Thumb Code     6  tasks.o(.text)
    vTaskPlaceOnEventList                    0x0800163b   Thumb Code    94  tasks.o(.text)
    vTaskPlaceOnUnorderedEventList           0x08001699   Thumb Code   132  tasks.o(.text)
    xTaskRemoveFromEventList                 0x0800171d   Thumb Code   114  tasks.o(.text)
    xTaskRemoveFromUnorderedEventList        0x0800178f   Thumb Code   126  tasks.o(.text)
    vTaskSetTimeOutState                     0x0800180d   Thumb Code    28  tasks.o(.text)
    xTaskCheckForTimeOut                     0x08001829   Thumb Code   174  tasks.o(.text)
    vTaskMissedYield                         0x080018d7   Thumb Code     8  tasks.o(.text)
    xTaskGetCurrentTaskHandle                0x080018df   Thumb Code     6  tasks.o(.text)
    vTaskPriorityInherit                     0x080018e5   Thumb Code   164  tasks.o(.text)
    xTaskPriorityDisinherit                  0x08001989   Thumb Code   136  tasks.o(.text)
    uxTaskResetEventItemValue                0x08001a11   Thumb Code    24  tasks.o(.text)
    pvTaskIncrementMutexHeldCount            0x08001a29   Thumb Code    26  tasks.o(.text)
    pxPortInitialiseStack                    0x08001a79   Thumb Code    34  port.o(.text)
    vPortSetupTimerInterrupt                 0x08001a9b   Thumb Code    14  port.o(.text)
    xPortStartScheduler                      0x08001aa9   Thumb Code   156  port.o(.text)
    vPortEndScheduler                        0x08001b45   Thumb Code    30  port.o(.text)
    vPortYield                               0x08001b63   Thumb Code    20  port.o(.text)
    vPortEnterCritical                       0x08001b77   Thumb Code    62  port.o(.text)
    vPortExitCritical                        0x08001bb5   Thumb Code    40  port.o(.text)
    SysTick_Handler                          0x08001bdd   Thumb Code    30  port.o(.text)
    vPortValidateInterruptPriority           0x08001bfb   Thumb Code    80  port.o(.text)
    pvPortMalloc                             0x08001c93   Thumb Code   164  heap_2.o(.text)
    vPortFree                                0x08001d37   Thumb Code    56  heap_2.o(.text)
    xPortGetFreeHeapSize                     0x08001d6f   Thumb Code     6  heap_2.o(.text)
    vPortInitialiseBlocks                    0x08001d75   Thumb Code     2  heap_2.o(.text)
    startTask                                0x08001d91   Thumb Code   124  main.o(.text)
    main                                     0x08001e21   Thumb Code    52  main.o(.text)
    NMI_Handler                              0x08001ea5   Thumb Code     2  stm32f4xx_it.o(.text)
    HardFault_Handler                        0x08001ea7   Thumb Code     4  stm32f4xx_it.o(.text)
    MemManage_Handler                        0x08001eab   Thumb Code     4  stm32f4xx_it.o(.text)
    BusFault_Handler                         0x08001eaf   Thumb Code     4  stm32f4xx_it.o(.text)
    UsageFault_Handler                       0x08001eb3   Thumb Code     4  stm32f4xx_it.o(.text)
    DebugMon_Handler                         0x08001eb7   Thumb Code     2  stm32f4xx_it.o(.text)
    SystemInit                               0x08001f95   Thumb Code    88  system_stm32f4xx.o(.text)
    SystemCoreClockUpdate                    0x08001fed   Thumb Code   174  system_stm32f4xx.o(.text)
    Reset_Handler                            0x080020c9   Thumb Code     8  startup_stm32f40xx.o(.text)
    CAN1_RX1_IRQHandler                      0x080020e3   Thumb Code     0  startup_stm32f40xx.o(.text)
    CAN1_SCE_IRQHandler                      0x080020e3   Thumb Code     0  startup_stm32f40xx.o(.text)
    CAN1_TX_IRQHandler                       0x080020e3   Thumb Code     0  startup_stm32f40xx.o(.text)
    CAN2_RX0_IRQHandler                      0x080020e3   Thumb Code     0  startup_stm32f40xx.o(.text)
    CAN2_RX1_IRQHandler                      0x080020e3   Thumb Code     0  startup_stm32f40xx.o(.text)
    CAN2_SCE_IRQHandler                      0x080020e3   Thumb Code     0  startup_stm32f40xx.o(.text)
    CAN2_TX_IRQHandler                       0x080020e3   Thumb Code     0  startup_stm32f40xx.o(.text)
    CRYP_IRQHandler                          0x080020e3   Thumb Code     0  startup_stm32f40xx.o(.text)
    DCMI_IRQHandler                          0x080020e3   Thumb Code     0  startup_stm32f40xx.o(.text)
    DMA1_Stream0_IRQHandler                  0x080020e3   Thumb Code     0  startup_stm32f40xx.o(.text)
    DMA1_Stream1_IRQHandler                  0x080020e3   Thumb Code     0  startup_stm32f40xx.o(.text)
    DMA1_Stream2_IRQHandler                  0x080020e3   Thumb Code     0  startup_stm32f40xx.o(.text)
    DMA1_Stream3_IRQHandler                  0x080020e3   Thumb Code     0  startup_stm32f40xx.o(.text)
    DMA1_Stream4_IRQHandler                  0x080020e3   Thumb Code     0  startup_stm32f40xx.o(.text)
    DMA1_Stream5_IRQHandler                  0x080020e3   Thumb Code     0  startup_stm32f40xx.o(.text)
    DMA1_Stream6_IRQHandler                  0x080020e3   Thumb Code     0  startup_stm32f40xx.o(.text)
    DMA1_Stream7_IRQHandler                  0x080020e3   Thumb Code     0  startup_stm32f40xx.o(.text)
    DMA2_Stream0_IRQHandler                  0x080020e3   Thumb Code     0  startup_stm32f40xx.o(.text)
    DMA2_Stream1_IRQHandler                  0x080020e3   Thumb Code     0  startup_stm32f40xx.o(.text)
    DMA2_Stream2_IRQHandler                  0x080020e3   Thumb Code     0  startup_stm32f40xx.o(.text)
    DMA2_Stream3_IRQHandler                  0x080020e3   Thumb Code     0  startup_stm32f40xx.o(.text)
    DMA2_Stream4_IRQHandler                  0x080020e3   Thumb Code     0  startup_stm32f40xx.o(.text)
    DMA2_Stream5_IRQHandler                  0x080020e3   Thumb Code     0  startup_stm32f40xx.o(.text)
    DMA2_Stream6_IRQHandler                  0x080020e3   Thumb Code     0  startup_stm32f40xx.o(.text)
    DMA2_Stream7_IRQHandler                  0x080020e3   Thumb Code     0  startup_stm32f40xx.o(.text)
    ETH_IRQHandler                           0x080020e3   Thumb Code     0  startup_stm32f40xx.o(.text)
    ETH_WKUP_IRQHandler                      0x080020e3   Thumb Code     0  startup_stm32f40xx.o(.text)
    EXTI0_IRQHandler                         0x080020e3   Thumb Code     0  startup_stm32f40xx.o(.text)
    EXTI15_10_IRQHandler                     0x080020e3   Thumb Code     0  startup_stm32f40xx.o(.text)
    EXTI1_IRQHandler                         0x080020e3   Thumb Code     0  startup_stm32f40xx.o(.text)
    EXTI2_IRQHandler                         0x080020e3   Thumb Code     0  startup_stm32f40xx.o(.text)
    EXTI3_IRQHandler                         0x080020e3   Thumb Code     0  startup_stm32f40xx.o(.text)
    EXTI4_IRQHandler                         0x080020e3   Thumb Code     0  startup_stm32f40xx.o(.text)
    EXTI9_5_IRQHandler                       0x080020e3   Thumb Code     0  startup_stm32f40xx.o(.text)
    FLASH_IRQHandler                         0x080020e3   Thumb Code     0  startup_stm32f40xx.o(.text)
    FPU_IRQHandler                           0x080020e3   Thumb Code     0  startup_stm32f40xx.o(.text)
    FSMC_IRQHandler                          0x080020e3   Thumb Code     0  startup_stm32f40xx.o(.text)
    HASH_RNG_IRQHandler                      0x080020e3   Thumb Code     0  startup_stm32f40xx.o(.text)
    I2C1_ER_IRQHandler                       0x080020e3   Thumb Code     0  startup_stm32f40xx.o(.text)
    I2C1_EV_IRQHandler                       0x080020e3   Thumb Code     0  startup_stm32f40xx.o(.text)
    I2C2_ER_IRQHandler                       0x080020e3   Thumb Code     0  startup_stm32f40xx.o(.text)
    I2C2_EV_IRQHandler                       0x080020e3   Thumb Code     0  startup_stm32f40xx.o(.text)
    I2C3_ER_IRQHandler                       0x080020e3   Thumb Code     0  startup_stm32f40xx.o(.text)
    I2C3_EV_IRQHandler                       0x080020e3   Thumb Code     0  startup_stm32f40xx.o(.text)
    OTG_FS_IRQHandler                        0x080020e3   Thumb Code     0  startup_stm32f40xx.o(.text)
    OTG_FS_WKUP_IRQHandler                   0x080020e3   Thumb Code     0  startup_stm32f40xx.o(.text)
    OTG_HS_EP1_IN_IRQHandler                 0x080020e3   Thumb Code     0  startup_stm32f40xx.o(.text)
    OTG_HS_EP1_OUT_IRQHandler                0x080020e3   Thumb Code     0  startup_stm32f40xx.o(.text)
    OTG_HS_IRQHandler                        0x080020e3   Thumb Code     0  startup_stm32f40xx.o(.text)
    OTG_HS_WKUP_IRQHandler                   0x080020e3   Thumb Code     0  startup_stm32f40xx.o(.text)
    PVD_IRQHandler                           0x080020e3   Thumb Code     0  startup_stm32f40xx.o(.text)
    RCC_IRQHandler                           0x080020e3   Thumb Code     0  startup_stm32f40xx.o(.text)
    RTC_Alarm_IRQHandler                     0x080020e3   Thumb Code     0  startup_stm32f40xx.o(.text)
    RTC_WKUP_IRQHandler                      0x080020e3   Thumb Code     0  startup_stm32f40xx.o(.text)
    SDIO_IRQHandler                          0x080020e3   Thumb Code     0  startup_stm32f40xx.o(.text)
    SPI1_IRQHandler                          0x080020e3   Thumb Code     0  startup_stm32f40xx.o(.text)
    SPI2_IRQHandler                          0x080020e3   Thumb Code     0  startup_stm32f40xx.o(.text)
    SPI3_IRQHandler                          0x080020e3   Thumb Code     0  startup_stm32f40xx.o(.text)
    TAMP_STAMP_IRQHandler                    0x080020e3   Thumb Code     0  startup_stm32f40xx.o(.text)
    TIM1_BRK_TIM9_IRQHandler                 0x080020e3   Thumb Code     0  startup_stm32f40xx.o(.text)
    TIM1_TRG_COM_TIM11_IRQHandler            0x080020e3   Thumb Code     0  startup_stm32f40xx.o(.text)
    TIM1_UP_TIM10_IRQHandler                 0x080020e3   Thumb Code     0  startup_stm32f40xx.o(.text)
    TIM2_IRQHandler                          0x080020e3   Thumb Code     0  startup_stm32f40xx.o(.text)
    TIM3_IRQHandler                          0x080020e3   Thumb Code     0  startup_stm32f40xx.o(.text)
    TIM5_IRQHandler                          0x080020e3   Thumb Code     0  startup_stm32f40xx.o(.text)
    TIM7_IRQHandler                          0x080020e3   Thumb Code     0  startup_stm32f40xx.o(.text)
    TIM8_BRK_TIM12_IRQHandler                0x080020e3   Thumb Code     0  startup_stm32f40xx.o(.text)
    TIM8_CC_IRQHandler                       0x080020e3   Thumb Code     0  startup_stm32f40xx.o(.text)
    TIM8_TRG_COM_TIM14_IRQHandler            0x080020e3   Thumb Code     0  startup_stm32f40xx.o(.text)
    TIM8_UP_TIM13_IRQHandler                 0x080020e3   Thumb Code     0  startup_stm32f40xx.o(.text)
    UART5_IRQHandler                         0x080020e3   Thumb Code     0  startup_stm32f40xx.o(.text)
    USART1_IRQHandler                        0x080020e3   Thumb Code     0  startup_stm32f40xx.o(.text)
    USART2_IRQHandler                        0x080020e3   Thumb Code     0  startup_stm32f40xx.o(.text)
    USART6_IRQHandler                        0x080020e3   Thumb Code     0  startup_stm32f40xx.o(.text)
    WWDG_IRQHandler                          0x080020e3   Thumb Code     0  startup_stm32f40xx.o(.text)
    __user_initial_stackheap                 0x080020e5   Thumb Code     0  startup_stm32f40xx.o(.text)
    NVIC_PriorityGroupConfig                 0x08002109   Thumb Code    10  misc.o(.text)
    NVIC_Init                                0x08002113   Thumb Code   106  misc.o(.text)
    NVIC_SetVectorTable                      0x0800217d   Thumb Code    14  misc.o(.text)
    NVIC_SystemLPConfig                      0x0800218b   Thumb Code    34  misc.o(.text)
    SysTick_CLKSourceConfig                  0x080021ad   Thumb Code    40  misc.o(.text)
    ADC_DeInit                               0x080021e9   Thumb Code    22  stm32f4xx_adc.o(.text)
    ADC_Init                                 0x080021ff   Thumb Code    74  stm32f4xx_adc.o(.text)
    ADC_StructInit                           0x08002249   Thumb Code    20  stm32f4xx_adc.o(.text)
    ADC_CommonInit                           0x0800225d   Thumb Code    34  stm32f4xx_adc.o(.text)
    ADC_CommonStructInit                     0x0800227f   Thumb Code    12  stm32f4xx_adc.o(.text)
    ADC_Cmd                                  0x0800228b   Thumb Code    22  stm32f4xx_adc.o(.text)
    ADC_AnalogWatchdogCmd                    0x080022a1   Thumb Code    16  stm32f4xx_adc.o(.text)
    ADC_AnalogWatchdogThresholdsConfig       0x080022b1   Thumb Code     6  stm32f4xx_adc.o(.text)
    ADC_AnalogWatchdogSingleChannelConfig    0x080022b7   Thumb Code    16  stm32f4xx_adc.o(.text)
    ADC_TempSensorVrefintCmd                 0x080022c7   Thumb Code    34  stm32f4xx_adc.o(.text)
    ADC_VBATCmd                              0x080022e9   Thumb Code    34  stm32f4xx_adc.o(.text)
    ADC_RegularChannelConfig                 0x0800230b   Thumb Code   184  stm32f4xx_adc.o(.text)
    ADC_SoftwareStartConv                    0x080023c3   Thumb Code    10  stm32f4xx_adc.o(.text)
    ADC_GetSoftwareStartConvStatus           0x080023cd   Thumb Code    20  stm32f4xx_adc.o(.text)
    ADC_EOCOnEachRegularChannelCmd           0x080023e1   Thumb Code    22  stm32f4xx_adc.o(.text)
    ADC_ContinuousModeCmd                    0x080023f7   Thumb Code    22  stm32f4xx_adc.o(.text)
    ADC_DiscModeChannelCountConfig           0x0800240d   Thumb Code    24  stm32f4xx_adc.o(.text)
    ADC_DiscModeCmd                          0x08002425   Thumb Code    22  stm32f4xx_adc.o(.text)
    ADC_GetConversionValue                   0x0800243b   Thumb Code     8  stm32f4xx_adc.o(.text)
    ADC_GetMultiModeConversionValue          0x08002443   Thumb Code     8  stm32f4xx_adc.o(.text)
    ADC_DMACmd                               0x0800244b   Thumb Code    22  stm32f4xx_adc.o(.text)
    ADC_DMARequestAfterLastTransferCmd       0x08002461   Thumb Code    22  stm32f4xx_adc.o(.text)
    ADC_MultiModeDMARequestAfterLastTransferCmd 0x08002477   Thumb Code    34  stm32f4xx_adc.o(.text)
    ADC_InjectedChannelConfig                0x08002499   Thumb Code   130  stm32f4xx_adc.o(.text)
    ADC_InjectedSequencerLengthConfig        0x0800251b   Thumb Code    24  stm32f4xx_adc.o(.text)
    ADC_SetInjectedOffset                    0x08002533   Thumb Code    20  stm32f4xx_adc.o(.text)
    ADC_ExternalTrigInjectedConvConfig       0x08002547   Thumb Code    16  stm32f4xx_adc.o(.text)
    ADC_ExternalTrigInjectedConvEdgeConfig   0x08002557   Thumb Code    16  stm32f4xx_adc.o(.text)
    ADC_SoftwareStartInjectedConv            0x08002567   Thumb Code    10  stm32f4xx_adc.o(.text)
    ADC_GetSoftwareStartInjectedConvCmdStatus 0x08002571   Thumb Code    20  stm32f4xx_adc.o(.text)
    ADC_AutoInjectedConvCmd                  0x08002585   Thumb Code    22  stm32f4xx_adc.o(.text)
    ADC_InjectedDiscModeCmd                  0x0800259b   Thumb Code    22  stm32f4xx_adc.o(.text)
    ADC_GetInjectedConversionValue           0x080025b1   Thumb Code    28  stm32f4xx_adc.o(.text)
    ADC_ITConfig                             0x080025cd   Thumb Code    56  stm32f4xx_adc.o(.text)
    ADC_GetFlagStatus                        0x08002605   Thumb Code    18  stm32f4xx_adc.o(.text)
    ADC_ClearFlag                            0x08002617   Thumb Code     6  stm32f4xx_adc.o(.text)
    ADC_GetITStatus                          0x0800261d   Thumb Code    38  stm32f4xx_adc.o(.text)
    ADC_ClearITPendingBit                    0x08002643   Thumb Code    10  stm32f4xx_adc.o(.text)
    CAN_DeInit                               0x0800264d   Thumb Code    50  stm32f4xx_can.o(.text)
    CAN_Init                                 0x0800267f   Thumb Code   276  stm32f4xx_can.o(.text)
    CAN_FilterInit                           0x08002793   Thumb Code   258  stm32f4xx_can.o(.text)
    CAN_StructInit                           0x08002895   Thumb Code    32  stm32f4xx_can.o(.text)
    CAN_SlaveStartBank                       0x080028b5   Thumb Code    48  stm32f4xx_can.o(.text)
    CAN_DBGFreeze                            0x080028e5   Thumb Code    22  stm32f4xx_can.o(.text)
    CAN_TTComModeCmd                         0x080028fb   Thumb Code   118  stm32f4xx_can.o(.text)
    CAN_Transmit                             0x08002971   Thumb Code   304  stm32f4xx_can.o(.text)
    CAN_TransmitStatus                       0x08002aa1   Thumb Code   138  stm32f4xx_can.o(.text)
    CAN_CancelTransmit                       0x08002b2b   Thumb Code    48  stm32f4xx_can.o(.text)
    CAN_Receive                              0x08002b5b   Thumb Code   240  stm32f4xx_can.o(.text)
    CAN_FIFORelease                          0x08002c4b   Thumb Code    22  stm32f4xx_can.o(.text)
    CAN_MessagePending                       0x08002c61   Thumb Code    30  stm32f4xx_can.o(.text)
    CAN_OperatingModeRequest                 0x08002c7f   Thumb Code   162  stm32f4xx_can.o(.text)
    CAN_Sleep                                0x08002d21   Thumb Code    30  stm32f4xx_can.o(.text)
    CAN_WakeUp                               0x08002d3f   Thumb Code    48  stm32f4xx_can.o(.text)
    CAN_GetLastErrorCode                     0x08002d6f   Thumb Code    12  stm32f4xx_can.o(.text)
    CAN_GetReceiveErrorCounter               0x08002d7b   Thumb Code    10  stm32f4xx_can.o(.text)
    CAN_GetLSBTransmitErrorCounter           0x08002d85   Thumb Code    12  stm32f4xx_can.o(.text)
    CAN_ITConfig                             0x08002d91   Thumb Code    18  stm32f4xx_can.o(.text)
    CAN_GetFlagStatus                        0x08002da3   Thumb Code   120  stm32f4xx_can.o(.text)
    CAN_ClearFlag                            0x08002e1b   Thumb Code    52  stm32f4xx_can.o(.text)
    CAN_GetITStatus                          0x08002e61   Thumb Code   310  stm32f4xx_can.o(.text)
    CAN_ClearITPendingBit                    0x08002f97   Thumb Code   162  stm32f4xx_can.o(.text)
    GPIO_DeInit                              0x0800303d   Thumb Code   268  stm32f4xx_gpio.o(.text)
    GPIO_Init                                0x08003149   Thumb Code   144  stm32f4xx_gpio.o(.text)
    GPIO_StructInit                          0x080031d9   Thumb Code    18  stm32f4xx_gpio.o(.text)
    GPIO_PinLockConfig                       0x080031eb   Thumb Code    34  stm32f4xx_gpio.o(.text)
    GPIO_ReadInputDataBit                    0x0800320d   Thumb Code    18  stm32f4xx_gpio.o(.text)
    GPIO_ReadInputData                       0x0800321f   Thumb Code     8  stm32f4xx_gpio.o(.text)
    GPIO_ReadOutputDataBit                   0x08003227   Thumb Code    18  stm32f4xx_gpio.o(.text)
    GPIO_ReadOutputData                      0x08003239   Thumb Code     8  stm32f4xx_gpio.o(.text)
    GPIO_SetBits                             0x08003241   Thumb Code     4  stm32f4xx_gpio.o(.text)
    GPIO_ResetBits                           0x08003245   Thumb Code     4  stm32f4xx_gpio.o(.text)
    GPIO_WriteBit                            0x08003249   Thumb Code    10  stm32f4xx_gpio.o(.text)
    GPIO_Write                               0x08003253   Thumb Code     4  stm32f4xx_gpio.o(.text)
    GPIO_ToggleBits                          0x08003257   Thumb Code     8  stm32f4xx_gpio.o(.text)
    GPIO_PinAFConfig                         0x0800325f   Thumb Code    70  stm32f4xx_gpio.o(.text)
    RCC_DeInit                               0x080032d1   Thumb Code    82  stm32f4xx_rcc.o(.text)
    RCC_HSEConfig                            0x08003323   Thumb Code    14  stm32f4xx_rcc.o(.text)
    RCC_GetFlagStatus                        0x08003331   Thumb Code    60  stm32f4xx_rcc.o(.text)
    RCC_WaitForHSEStartUp                    0x0800336d   Thumb Code    56  stm32f4xx_rcc.o(.text)
    RCC_AdjustHSICalibrationValue            0x080033a5   Thumb Code    20  stm32f4xx_rcc.o(.text)
    RCC_HSICmd                               0x080033b9   Thumb Code     6  stm32f4xx_rcc.o(.text)
    RCC_LSEConfig                            0x080033bf   Thumb Code    46  stm32f4xx_rcc.o(.text)
    RCC_LSICmd                               0x080033ed   Thumb Code     6  stm32f4xx_rcc.o(.text)
    RCC_PLLConfig                            0x080033f3   Thumb Code    32  stm32f4xx_rcc.o(.text)
    RCC_PLLCmd                               0x08003413   Thumb Code     6  stm32f4xx_rcc.o(.text)
    RCC_PLLI2SConfig                         0x08003419   Thumb Code    14  stm32f4xx_rcc.o(.text)
    RCC_PLLI2SCmd                            0x08003427   Thumb Code     6  stm32f4xx_rcc.o(.text)
    RCC_PLLSAIConfig                         0x0800342d   Thumb Code    20  stm32f4xx_rcc.o(.text)
    RCC_PLLSAICmd                            0x08003441   Thumb Code     6  stm32f4xx_rcc.o(.text)
    RCC_ClockSecuritySystemCmd               0x08003447   Thumb Code     6  stm32f4xx_rcc.o(.text)
    RCC_MCO1Config                           0x0800344d   Thumb Code    28  stm32f4xx_rcc.o(.text)
    RCC_MCO2Config                           0x08003469   Thumb Code    28  stm32f4xx_rcc.o(.text)
    RCC_SYSCLKConfig                         0x08003485   Thumb Code    20  stm32f4xx_rcc.o(.text)
    RCC_GetSYSCLKSource                      0x08003499   Thumb Code    12  stm32f4xx_rcc.o(.text)
    RCC_HCLKConfig                           0x080034a5   Thumb Code    20  stm32f4xx_rcc.o(.text)
    RCC_PCLK1Config                          0x080034b9   Thumb Code    20  stm32f4xx_rcc.o(.text)
    RCC_PCLK2Config                          0x080034cd   Thumb Code    22  stm32f4xx_rcc.o(.text)
    RCC_GetClocksFreq                        0x080034e3   Thumb Code   222  stm32f4xx_rcc.o(.text)
    RCC_RTCCLKConfig                         0x080035c1   Thumb Code    54  stm32f4xx_rcc.o(.text)
    RCC_RTCCLKCmd                            0x080035f7   Thumb Code     8  stm32f4xx_rcc.o(.text)
    RCC_BackupResetCmd                       0x080035ff   Thumb Code     8  stm32f4xx_rcc.o(.text)
    RCC_I2SCLKConfig                         0x08003607   Thumb Code     6  stm32f4xx_rcc.o(.text)
    RCC_SAIPLLI2SClkDivConfig                0x0800360d   Thumb Code    26  stm32f4xx_rcc.o(.text)
    RCC_SAIPLLSAIClkDivConfig                0x08003627   Thumb Code    28  stm32f4xx_rcc.o(.text)
    RCC_SAIBlockACLKConfig                   0x08003643   Thumb Code    20  stm32f4xx_rcc.o(.text)
    RCC_SAIBlockBCLKConfig                   0x08003657   Thumb Code    20  stm32f4xx_rcc.o(.text)
    RCC_LTDCCLKDivConfig                     0x0800366b   Thumb Code    20  stm32f4xx_rcc.o(.text)
    RCC_TIMCLKPresConfig                     0x0800367f   Thumb Code     6  stm32f4xx_rcc.o(.text)
    RCC_AHB1PeriphClockCmd                   0x08003685   Thumb Code    34  stm32f4xx_rcc.o(.text)
    RCC_AHB2PeriphClockCmd                   0x080036a7   Thumb Code    78  stm32f4xx_rcc.o(.text)
    RCC_AHB3PeriphClockCmd                   0x080036f5   Thumb Code    34  stm32f4xx_rcc.o(.text)
    RCC_APB1PeriphClockCmd                   0x08003717   Thumb Code    34  stm32f4xx_rcc.o(.text)
    RCC_APB2PeriphClockCmd                   0x08003739   Thumb Code    34  stm32f4xx_rcc.o(.text)
    RCC_AHB1PeriphResetCmd                   0x0800375b   Thumb Code    34  stm32f4xx_rcc.o(.text)
    RCC_AHB2PeriphResetCmd                   0x0800377d   Thumb Code    34  stm32f4xx_rcc.o(.text)
    RCC_AHB3PeriphResetCmd                   0x0800379f   Thumb Code    34  stm32f4xx_rcc.o(.text)
    RCC_APB1PeriphResetCmd                   0x080037c1   Thumb Code    34  stm32f4xx_rcc.o(.text)
    RCC_APB2PeriphResetCmd                   0x080037e3   Thumb Code    34  stm32f4xx_rcc.o(.text)
    RCC_AHB1PeriphClockLPModeCmd             0x08003805   Thumb Code    34  stm32f4xx_rcc.o(.text)
    RCC_AHB2PeriphClockLPModeCmd             0x08003827   Thumb Code    34  stm32f4xx_rcc.o(.text)
    RCC_AHB3PeriphClockLPModeCmd             0x08003849   Thumb Code    34  stm32f4xx_rcc.o(.text)
    RCC_APB1PeriphClockLPModeCmd             0x0800386b   Thumb Code    34  stm32f4xx_rcc.o(.text)
    RCC_APB2PeriphClockLPModeCmd             0x0800388d   Thumb Code    34  stm32f4xx_rcc.o(.text)
    RCC_LSEModeConfig                        0x080038af   Thumb Code    40  stm32f4xx_rcc.o(.text)
    RCC_ITConfig                             0x080038d7   Thumb Code    34  stm32f4xx_rcc.o(.text)
    RCC_ClearFlag                            0x080038f9   Thumb Code    18  stm32f4xx_rcc.o(.text)
    RCC_GetITStatus                          0x0800390b   Thumb Code    22  stm32f4xx_rcc.o(.text)
    RCC_ClearITPendingBit                    0x08003921   Thumb Code     8  stm32f4xx_rcc.o(.text)
    SPI_I2S_DeInit                           0x0800392d   Thumb Code   152  stm32f4xx_spi.o(.text)
    SPI_Init                                 0x080039c5   Thumb Code    60  stm32f4xx_spi.o(.text)
    I2S_Init                                 0x08003a01   Thumb Code   396  stm32f4xx_spi.o(.text)
    SPI_StructInit                           0x08003b8d   Thumb Code    24  stm32f4xx_spi.o(.text)
    I2S_StructInit                           0x08003ba5   Thumb Code    20  stm32f4xx_spi.o(.text)
    SPI_Cmd                                  0x08003bb9   Thumb Code    24  stm32f4xx_spi.o(.text)
    I2S_Cmd                                  0x08003bd1   Thumb Code    24  stm32f4xx_spi.o(.text)
    SPI_DataSizeConfig                       0x08003be9   Thumb Code    18  stm32f4xx_spi.o(.text)
    SPI_BiDirectionalLineConfig              0x08003bfb   Thumb Code    28  stm32f4xx_spi.o(.text)
    SPI_NSSInternalSoftwareConfig            0x08003c17   Thumb Code    30  stm32f4xx_spi.o(.text)
    SPI_SSOutputCmd                          0x08003c35   Thumb Code    24  stm32f4xx_spi.o(.text)
    SPI_TIModeCmd                            0x08003c4d   Thumb Code    24  stm32f4xx_spi.o(.text)
    I2S_FullDuplexConfig                     0x08003c65   Thumb Code    80  stm32f4xx_spi.o(.text)
    SPI_I2S_ReceiveData                      0x08003cb5   Thumb Code     6  stm32f4xx_spi.o(.text)
    SPI_I2S_SendData                         0x08003cbb   Thumb Code     4  stm32f4xx_spi.o(.text)
    SPI_CalculateCRC                         0x08003cbf   Thumb Code    24  stm32f4xx_spi.o(.text)
    SPI_TransmitCRC                          0x08003cd7   Thumb Code    10  stm32f4xx_spi.o(.text)
    SPI_GetCRC                               0x08003ce1   Thumb Code    16  stm32f4xx_spi.o(.text)
    SPI_GetCRCPolynomial                     0x08003cf1   Thumb Code     6  stm32f4xx_spi.o(.text)
    SPI_I2S_DMACmd                           0x08003cf7   Thumb Code    18  stm32f4xx_spi.o(.text)
    SPI_I2S_ITConfig                         0x08003d09   Thumb Code    68  stm32f4xx_spi.o(.text)
    SPI_I2S_GetFlagStatus                    0x08003d4d   Thumb Code    18  stm32f4xx_spi.o(.text)
    SPI_I2S_ClearFlag                        0x08003d5f   Thumb Code     6  stm32f4xx_spi.o(.text)
    SPI_I2S_GetITStatus                      0x08003d65   Thumb Code    52  stm32f4xx_spi.o(.text)
    SPI_I2S_ClearITPendingBit                0x08003d99   Thumb Code    20  stm32f4xx_spi.o(.text)
    TIM_DeInit                               0x08003dad   Thumb Code   346  stm32f4xx_tim.o(.text)
    TIM_TimeBaseInit                         0x08003f07   Thumb Code   104  stm32f4xx_tim.o(.text)
    TIM_TimeBaseStructInit                   0x08003f6f   Thumb Code    18  stm32f4xx_tim.o(.text)
    TIM_PrescalerConfig                      0x08003f81   Thumb Code     6  stm32f4xx_tim.o(.text)
    TIM_CounterModeConfig                    0x08003f87   Thumb Code    18  stm32f4xx_tim.o(.text)
    TIM_SetCounter                           0x08003f99   Thumb Code     4  stm32f4xx_tim.o(.text)
    TIM_SetAutoreload                        0x08003f9d   Thumb Code     4  stm32f4xx_tim.o(.text)
    TIM_GetCounter                           0x08003fa1   Thumb Code     6  stm32f4xx_tim.o(.text)
    TIM_GetPrescaler                         0x08003fa7   Thumb Code     6  stm32f4xx_tim.o(.text)
    TIM_UpdateDisableConfig                  0x08003fad   Thumb Code    24  stm32f4xx_tim.o(.text)
    TIM_UpdateRequestConfig                  0x08003fc5   Thumb Code    24  stm32f4xx_tim.o(.text)
    TIM_ARRPreloadConfig                     0x08003fdd   Thumb Code    24  stm32f4xx_tim.o(.text)
    TIM_SelectOnePulseMode                   0x08003ff5   Thumb Code    18  stm32f4xx_tim.o(.text)
    TIM_SetClockDivision                     0x08004007   Thumb Code    18  stm32f4xx_tim.o(.text)
    TIM_Cmd                                  0x08004019   Thumb Code    24  stm32f4xx_tim.o(.text)
    TIM_OC1Init                              0x08004031   Thumb Code   114  stm32f4xx_tim.o(.text)
    TIM_OC2Init                              0x080040a3   Thumb Code   154  stm32f4xx_tim.o(.text)
    TIM_OC3Init                              0x0800413d   Thumb Code   204  stm32f4xx_tim.o(.text)
    TIM_OC4Init                              0x08004209   Thumb Code   112  stm32f4xx_tim.o(.text)
    TIM_OCStructInit                         0x08004279   Thumb Code    20  stm32f4xx_tim.o(.text)
    TIM_SelectOCxM                           0x0800428d   Thumb Code    86  stm32f4xx_tim.o(.text)
    TIM_SetCompare1                          0x080042e3   Thumb Code     4  stm32f4xx_tim.o(.text)
    TIM_SetCompare2                          0x080042e7   Thumb Code     4  stm32f4xx_tim.o(.text)
    TIM_SetCompare3                          0x080042eb   Thumb Code     4  stm32f4xx_tim.o(.text)
    TIM_SetCompare4                          0x080042ef   Thumb Code     4  stm32f4xx_tim.o(.text)
    TIM_ForcedOC1Config                      0x080042f3   Thumb Code    18  stm32f4xx_tim.o(.text)
    TIM_ForcedOC2Config                      0x08004305   Thumb Code    26  stm32f4xx_tim.o(.text)
    TIM_ForcedOC3Config                      0x0800431f   Thumb Code    18  stm32f4xx_tim.o(.text)
    TIM_ForcedOC4Config                      0x08004331   Thumb Code    26  stm32f4xx_tim.o(.text)
    TIM_OC1PreloadConfig                     0x0800434b   Thumb Code    18  stm32f4xx_tim.o(.text)
    TIM_OC2PreloadConfig                     0x0800435d   Thumb Code    26  stm32f4xx_tim.o(.text)
    TIM_OC3PreloadConfig                     0x08004377   Thumb Code    18  stm32f4xx_tim.o(.text)
    TIM_OC4PreloadConfig                     0x08004389   Thumb Code    26  stm32f4xx_tim.o(.text)
    TIM_OC1FastConfig                        0x080043a3   Thumb Code    18  stm32f4xx_tim.o(.text)
    TIM_OC2FastConfig                        0x080043b5   Thumb Code    26  stm32f4xx_tim.o(.text)
    TIM_OC3FastConfig                        0x080043cf   Thumb Code    18  stm32f4xx_tim.o(.text)
    TIM_OC4FastConfig                        0x080043e1   Thumb Code    26  stm32f4xx_tim.o(.text)
    TIM_ClearOC1Ref                          0x080043fb   Thumb Code    18  stm32f4xx_tim.o(.text)
    TIM_ClearOC2Ref                          0x0800440d   Thumb Code    24  stm32f4xx_tim.o(.text)
    TIM_ClearOC3Ref                          0x08004425   Thumb Code    18  stm32f4xx_tim.o(.text)
    TIM_ClearOC4Ref                          0x08004437   Thumb Code    24  stm32f4xx_tim.o(.text)
    TIM_OC1PolarityConfig                    0x0800444f   Thumb Code    18  stm32f4xx_tim.o(.text)
    TIM_OC1NPolarityConfig                   0x08004461   Thumb Code    18  stm32f4xx_tim.o(.text)
    TIM_OC2PolarityConfig                    0x08004473   Thumb Code    26  stm32f4xx_tim.o(.text)
    TIM_OC2NPolarityConfig                   0x0800448d   Thumb Code    26  stm32f4xx_tim.o(.text)
    TIM_OC3PolarityConfig                    0x080044a7   Thumb Code    26  stm32f4xx_tim.o(.text)
    TIM_OC3NPolarityConfig                   0x080044c1   Thumb Code    26  stm32f4xx_tim.o(.text)
    TIM_OC4PolarityConfig                    0x080044db   Thumb Code    26  stm32f4xx_tim.o(.text)
    TIM_CCxCmd                               0x080044f5   Thumb Code    30  stm32f4xx_tim.o(.text)
    TIM_CCxNCmd                              0x08004513   Thumb Code    30  stm32f4xx_tim.o(.text)
    TIM_SetIC4Prescaler                      0x08004531   Thumb Code    26  stm32f4xx_tim.o(.text)
    TIM_SetIC3Prescaler                      0x0800459b   Thumb Code    18  stm32f4xx_tim.o(.text)
    TIM_SetIC2Prescaler                      0x080045f5   Thumb Code    26  stm32f4xx_tim.o(.text)
    TIM_SetIC1Prescaler                      0x08004669   Thumb Code    18  stm32f4xx_tim.o(.text)
    TIM_ICInit                               0x080046b5   Thumb Code   110  stm32f4xx_tim.o(.text)
    TIM_ICStructInit                         0x08004723   Thumb Code    18  stm32f4xx_tim.o(.text)
    TIM_PWMIConfig                           0x08004735   Thumb Code   124  stm32f4xx_tim.o(.text)
    TIM_GetCapture1                          0x080047b1   Thumb Code     6  stm32f4xx_tim.o(.text)
    TIM_GetCapture2                          0x080047b7   Thumb Code     6  stm32f4xx_tim.o(.text)
    TIM_GetCapture3                          0x080047bd   Thumb Code     6  stm32f4xx_tim.o(.text)
    TIM_GetCapture4                          0x080047c3   Thumb Code     6  stm32f4xx_tim.o(.text)
    TIM_BDTRConfig                           0x080047c9   Thumb Code    32  stm32f4xx_tim.o(.text)
    TIM_BDTRStructInit                       0x080047e9   Thumb Code    18  stm32f4xx_tim.o(.text)
    TIM_CtrlPWMOutputs                       0x080047fb   Thumb Code    30  stm32f4xx_tim.o(.text)
    TIM_SelectCOM                            0x08004819   Thumb Code    24  stm32f4xx_tim.o(.text)
    TIM_CCPreloadControl                     0x08004831   Thumb Code    24  stm32f4xx_tim.o(.text)
    TIM_ITConfig                             0x08004849   Thumb Code    18  stm32f4xx_tim.o(.text)
    TIM_GenerateEvent                        0x0800485b   Thumb Code     4  stm32f4xx_tim.o(.text)
    TIM_GetFlagStatus                        0x0800485f   Thumb Code    18  stm32f4xx_tim.o(.text)
    TIM_ClearFlag                            0x08004871   Thumb Code     6  stm32f4xx_tim.o(.text)
    TIM_GetITStatus                          0x08004877   Thumb Code    34  stm32f4xx_tim.o(.text)
    TIM_ClearITPendingBit                    0x08004899   Thumb Code     6  stm32f4xx_tim.o(.text)
    TIM_DMAConfig                            0x0800489f   Thumb Code    10  stm32f4xx_tim.o(.text)
    TIM_DMACmd                               0x080048a9   Thumb Code    18  stm32f4xx_tim.o(.text)
    TIM_SelectCCDMA                          0x080048bb   Thumb Code    24  stm32f4xx_tim.o(.text)
    TIM_InternalClockConfig                  0x080048d3   Thumb Code    12  stm32f4xx_tim.o(.text)
    TIM_SelectInputTrigger                   0x080048df   Thumb Code    18  stm32f4xx_tim.o(.text)
    TIM_ITRxExternalClockConfig              0x080048f1   Thumb Code    24  stm32f4xx_tim.o(.text)
    TIM_TIxExternalClockConfig               0x08004909   Thumb Code    62  stm32f4xx_tim.o(.text)
    TIM_ETRConfig                            0x08004947   Thumb Code    28  stm32f4xx_tim.o(.text)
    TIM_ETRClockMode1Config                  0x08004963   Thumb Code    54  stm32f4xx_tim.o(.text)
    TIM_ETRClockMode2Config                  0x08004999   Thumb Code    32  stm32f4xx_tim.o(.text)
    TIM_SelectOutputTrigger                  0x080049b9   Thumb Code    18  stm32f4xx_tim.o(.text)
    TIM_SelectSlaveMode                      0x080049cb   Thumb Code    18  stm32f4xx_tim.o(.text)
    TIM_SelectMasterSlaveMode                0x080049dd   Thumb Code    18  stm32f4xx_tim.o(.text)
    TIM_EncoderInterfaceConfig               0x080049ef   Thumb Code    66  stm32f4xx_tim.o(.text)
    TIM_SelectHallSensor                     0x08004a31   Thumb Code    24  stm32f4xx_tim.o(.text)
    TIM_RemapConfig                          0x08004a49   Thumb Code     6  stm32f4xx_tim.o(.text)
    USART_DeInit                             0x08004a51   Thumb Code   206  stm32f4xx_usart.o(.text)
    USART_Init                               0x08004b1f   Thumb Code   204  stm32f4xx_usart.o(.text)
    USART_StructInit                         0x08004beb   Thumb Code    24  stm32f4xx_usart.o(.text)
    USART_ClockInit                          0x08004c03   Thumb Code    32  stm32f4xx_usart.o(.text)
    USART_ClockStructInit                    0x08004c23   Thumb Code    12  stm32f4xx_usart.o(.text)
    USART_Cmd                                0x08004c2f   Thumb Code    24  stm32f4xx_usart.o(.text)
    USART_SetPrescaler                       0x08004c47   Thumb Code    16  stm32f4xx_usart.o(.text)
    USART_OverSampling8Cmd                   0x08004c57   Thumb Code    22  stm32f4xx_usart.o(.text)
    USART_OneBitMethodCmd                    0x08004c6d   Thumb Code    24  stm32f4xx_usart.o(.text)
    USART_SendData                           0x08004c85   Thumb Code     8  stm32f4xx_usart.o(.text)
    USART_ReceiveData                        0x08004c8d   Thumb Code    10  stm32f4xx_usart.o(.text)
    USART_SetAddress                         0x08004c97   Thumb Code    18  stm32f4xx_usart.o(.text)
    USART_ReceiverWakeUpCmd                  0x08004ca9   Thumb Code    24  stm32f4xx_usart.o(.text)
    USART_WakeUpConfig                       0x08004cc1   Thumb Code    18  stm32f4xx_usart.o(.text)
    USART_LINBreakDetectLengthConfig         0x08004cd3   Thumb Code    18  stm32f4xx_usart.o(.text)
    USART_LINCmd                             0x08004ce5   Thumb Code    24  stm32f4xx_usart.o(.text)
    USART_SendBreak                          0x08004cfd   Thumb Code    10  stm32f4xx_usart.o(.text)
    USART_HalfDuplexCmd                      0x08004d07   Thumb Code    24  stm32f4xx_usart.o(.text)
    USART_SetGuardTime                       0x08004d1f   Thumb Code    16  stm32f4xx_usart.o(.text)
    USART_SmartCardCmd                       0x08004d2f   Thumb Code    24  stm32f4xx_usart.o(.text)
    USART_SmartCardNACKCmd                   0x08004d47   Thumb Code    24  stm32f4xx_usart.o(.text)
    USART_IrDAConfig                         0x08004d5f   Thumb Code    18  stm32f4xx_usart.o(.text)
    USART_IrDACmd                            0x08004d71   Thumb Code    24  stm32f4xx_usart.o(.text)
    USART_DMACmd                             0x08004d89   Thumb Code    18  stm32f4xx_usart.o(.text)
    USART_ITConfig                           0x08004d9b   Thumb Code    74  stm32f4xx_usart.o(.text)
    USART_GetFlagStatus                      0x08004de5   Thumb Code    26  stm32f4xx_usart.o(.text)
    USART_ClearFlag                          0x08004dff   Thumb Code    18  stm32f4xx_usart.o(.text)
    USART_GetITStatus                        0x08004e11   Thumb Code   118  stm32f4xx_usart.o(.text)
    USART_ClearITPendingBit                  0x08004e87   Thumb Code    30  stm32f4xx_usart.o(.text)
    cmdlen                                   0x08004ea5   Thumb Code    24  cli.o(.text)
    string2number                            0x08004ebd   Thumb Code   982  cli.o(.text)
    checkNumbers                             0x08005293   Thumb Code   200  cli.o(.text)
    createCommandList                        0x0800535b   Thumb Code    10  cli.o(.text)
    addCommandToList                         0x08005365   Thumb Code     2  cli.o(.text)
    findCommandInList                        0x08005367   Thumb Code  4132  cli.o(.text)
    SIN                                      0x080064e5   Thumb Code    34  cloop.o(.text)
    COS                                      0x08006507   Thumb Code    36  cloop.o(.text)
    ATAN                                     0x0800652b   Thumb Code   372  cloop.o(.text)
    currentLoopInit                          0x0800669f   Thumb Code    94  cloop.o(.text)
    runSVPWM                                 0x080066fd   Thumb Code  1542  cloop.o(.text)
    cloopTuning                              0x08006d03   Thumb Code   154  cloop.o(.text)
    currentLoop                              0x08006d9d   Thumb Code   772  cloop.o(.text)
    test_cloopTask                           0x080070a1   Thumb Code    14  cloop.o(.text)
    vPI_Init                                 0x080070d9   Thumb Code    38  vloop.o(.text)
    vloopTuning                              0x080070ff   Thumb Code    78  vloop.o(.text)
    vloopControl                             0x0800714d   Thumb Code   180  vloop.o(.text)
    evenParity                               0x0800721d   Thumb Code    60  as5047d.o(.text)
    asSend                                   0x08007259   Thumb Code    18  as5047d.o(.text)
    asWrite                                  0x0800726b   Thumb Code    24  as5047d.o(.text)
    asRead                                   0x08007283   Thumb Code    22  as5047d.o(.text)
    as5047dTask                              0x08007299   Thumb Code    36  as5047d.o(.text)
    ADC_Configuration                        0x080072c1   Thumb Code   256  ad.o(.text)
    ADC_IRQHandler                           0x080073c1   Thumb Code    50  ad.o(.text)
    CANMessageQueueInit                      0x08007431   Thumb Code     8  can.o(.text)
    TIM4_Configuration                       0x08007439   Thumb Code    98  can.o(.text)
    CAN_Configuration                        0x0800749b   Thumb Code   296  can.o(.text)
    CANSendCmd                               0x080075c3   Thumb Code    50  can.o(.text)
    CAN_SendToQueue                          0x080075f5   Thumb Code    58  can.o(.text)
    CAN_send                                 0x0800762f   Thumb Code    94  can.o(.text)
    ReceiveData                              0x0800768d   Thumb Code   232  can.o(.text)
    TIM4_IRQHandler                          0x08007775   Thumb Code    38  can.o(.text)
    CAN1_RX0_IRQHandler                      0x0800779b   Thumb Code    28  can.o(.text)
    EncoderObjInit                           0x08007821   Thumb Code    22  encoder.o(.text)
    TIM6_Configuration                       0x08007837   Thumb Code    98  encoder.o(.text)
    Encoder_Configuration                    0x08007899   Thumb Code   134  encoder.o(.text)
    USART4_Configuration                     0x0800791f   Thumb Code   226  encoder.o(.text)
    UART4_IRQHandler                         0x08007a01   Thumb Code   296  encoder.o(.text)
    TIM6_DAC_IRQHandler                      0x08007b29   Thumb Code   278  encoder.o(.text)
    pwmConfiguration                         0x08007c41   Thumb Code   368  pwm.o(.text)
    TIM1_CC_IRQHandler                       0x08007db1   Thumb Code    38  pwm.o(.text)
    sciConfiguration                         0x08007de9   Thumb Code   276  sci.o(.text)
    sciSendChar                              0x08007efd   Thumb Code    24  sci.o(.text)
    sciSendHalfword                          0x08007f15   Thumb Code    34  sci.o(.text)
    sciSendWord                              0x08007f37   Thumb Code    60  sci.o(.text)
    sciSendString                            0x08007f73   Thumb Code    26  sci.o(.text)
    int2String                               0x08007f8d   Thumb Code   158  sci.o(.text)
    float2String                             0x0800802b   Thumb Code   392  sci.o(.text)
    hex2String                               0x080081b3   Thumb Code   236  sci.o(.text)
    USART3_IRQHandler                        0x0800829f   Thumb Code   124  sci.o(.text)
    sciSendTask                              0x0800831b   Thumb Code    92  sci.o(.text)
    CLITask                                  0x08008377   Thumb Code    72  sci.o(.text)
    ledObjInit                               0x08008409   Thumb Code    16  led.o(.text)
    delay_ms                                 0x08008419   Thumb Code    26  led.o(.text)
    FLASHING_Once                            0x08008433   Thumb Code    38  led.o(.text)
    LED_Configuration                        0x08008459   Thumb Code   134  led.o(.text)
    LedOn                                    0x080084df   Thumb Code   112  led.o(.text)
    LedOff                                   0x0800854f   Thumb Code    60  led.o(.text)
    ledTask                                  0x0800858b   Thumb Code   124  led.o(.text)
    LEDALLOFF                                0x08008607   Thumb Code    38  led.o(.text)
    SPI1_Init                                0x08008639   Thumb Code   240  spi.o(.text)
    SPI_SEND                                 0x08008729   Thumb Code    68  spi.o(.text)
    SPI_READ                                 0x0800876d   Thumb Code   130  spi.o(.text)
    strlen                                   0x080087f9   Thumb Code    62  strlen.o(.text)
    __aeabi_memcpy                           0x08008837   Thumb Code     0  rt_memcpy_v6.o(.text)
    __rt_memcpy                              0x08008837   Thumb Code   138  rt_memcpy_v6.o(.text)
    _memcpy_lastbytes                        0x0800889d   Thumb Code     0  rt_memcpy_v6.o(.text)
    __aeabi_memcpy4                          0x080088c1   Thumb Code     0  rt_memcpy_w.o(.text)
    __aeabi_memcpy8                          0x080088c1   Thumb Code     0  rt_memcpy_w.o(.text)
    __rt_memcpy_w                            0x080088c1   Thumb Code   100  rt_memcpy_w.o(.text)
    _memcpy_lastbytes_aligned                0x08008909   Thumb Code     0  rt_memcpy_w.o(.text)
    strcmp                                   0x08008925   Thumb Code   128  strcmpv7m.o(.text)
    __use_two_region_memory                  0x080089a5   Thumb Code     2  heapauxi.o(.text)
    __rt_heap_escrow$2region                 0x080089a7   Thumb Code     2  heapauxi.o(.text)
    __rt_heap_expand$2region                 0x080089a9   Thumb Code     2  heapauxi.o(.text)
    __read_errno                             0x080089ab   Thumb Code    10  _rserrno.o(.text)
    __set_errno                              0x080089b5   Thumb Code    12  _rserrno.o(.text)
    __aeabi_errno_addr                       0x080089c1   Thumb Code     8  rt_errno_addr_intlibspace.o(.text)
    __errno$intlibspace                      0x080089c1   Thumb Code     0  rt_errno_addr_intlibspace.o(.text)
    __rt_errno_addr$intlibspace              0x080089c1   Thumb Code     0  rt_errno_addr_intlibspace.o(.text)
    __user_libspace                          0x080089c9   Thumb Code     8  libspace.o(.text)
    __user_perproc_libspace                  0x080089c9   Thumb Code     0  libspace.o(.text)
    __user_perthread_libspace                0x080089c9   Thumb Code     0  libspace.o(.text)
    __user_setup_stackheap                   0x080089d1   Thumb Code    74  sys_stackheap_outer.o(.text)
    exit                                     0x08008a1b   Thumb Code    12  exit.o(.text)
    _sys_exit                                0x08008a29   Thumb Code     8  sys_exit.o(.text)
    __I$use$semihosting                      0x08008a35   Thumb Code     0  use_no_semi.o(.text)
    __use_no_semihosting_swi                 0x08008a35   Thumb Code     2  use_no_semi.o(.text)
    __ARM_fpclassify                         0x08008a37   Thumb Code    48  fpclassify.o(i.__ARM_fpclassify)
    __semihosting_library_function           0x08008a37   Thumb Code     0  indicate_semi.o(.text)
    __hardfp_pow                             0x08008a69   Thumb Code  3044  pow.o(i.__hardfp_pow)
    __hardfp_sqrt                            0x080096a1   Thumb Code   122  sqrt.o(i.__hardfp_sqrt)
    __kernel_poly                            0x0800971b   Thumb Code   248  poly.o(i.__kernel_poly)
    __mathlib_dbl_divzero                    0x08009819   Thumb Code    28  dunder.o(i.__mathlib_dbl_divzero)
    __mathlib_dbl_infnan2                    0x08009849   Thumb Code    20  dunder.o(i.__mathlib_dbl_infnan2)
    __mathlib_dbl_invalid                    0x08009861   Thumb Code    24  dunder.o(i.__mathlib_dbl_invalid)
    __mathlib_dbl_overflow                   0x08009881   Thumb Code    24  dunder.o(i.__mathlib_dbl_overflow)
    __mathlib_dbl_underflow                  0x080098a1   Thumb Code    24  dunder.o(i.__mathlib_dbl_underflow)
    fabs                                     0x080098c1   Thumb Code    24  fabs.o(i.fabs)
    sqrt                                     0x080098d9   Thumb Code   110  sqrt.o(i.sqrt)
    __aeabi_dneg                             0x08009947   Thumb Code     0  basic.o(x$fpl$basic)
    _dneg                                    0x08009947   Thumb Code     6  basic.o(x$fpl$basic)
    __aeabi_fneg                             0x0800994d   Thumb Code     0  basic.o(x$fpl$basic)
    _fneg                                    0x0800994d   Thumb Code     6  basic.o(x$fpl$basic)
    _dabs                                    0x08009953   Thumb Code     6  basic.o(x$fpl$basic)
    _fabs                                    0x08009959   Thumb Code     6  basic.o(x$fpl$basic)
    __aeabi_d2f                              0x08009961   Thumb Code     0  d2f.o(x$fpl$d2f)
    _d2f                                     0x08009961   Thumb Code    98  d2f.o(x$fpl$d2f)
    __aeabi_dadd                             0x080099c5   Thumb Code     0  daddsub_clz.o(x$fpl$dadd)
    _dadd                                    0x080099c5   Thumb Code   332  daddsub_clz.o(x$fpl$dadd)
    __fpl_dcheck_NaN1                        0x08009b15   Thumb Code    10  dcheck1.o(x$fpl$dcheck1)
    __fpl_dcmp_Inf                           0x08009b25   Thumb Code    24  dcmpi.o(x$fpl$dcmpinf)
    __aeabi_ddiv                             0x08009b3d   Thumb Code     0  ddiv.o(x$fpl$ddiv)
    _ddiv                                    0x08009b3d   Thumb Code   552  ddiv.o(x$fpl$ddiv)
    __aeabi_d2iz                             0x08009ded   Thumb Code     0  dfix.o(x$fpl$dfix)
    _dfix                                    0x08009ded   Thumb Code    94  dfix.o(x$fpl$dfix)
    __aeabi_i2d                              0x08009e4b   Thumb Code     0  dflt_clz.o(x$fpl$dflt)
    _dflt                                    0x08009e4b   Thumb Code    46  dflt_clz.o(x$fpl$dflt)
    __aeabi_ui2d                             0x08009e79   Thumb Code     0  dflt_clz.o(x$fpl$dfltu)
    _dfltu                                   0x08009e79   Thumb Code    38  dflt_clz.o(x$fpl$dfltu)
    __aeabi_cdcmple                          0x08009ea1   Thumb Code     0  dleqf.o(x$fpl$dleqf)
    _dcmple                                  0x08009ea1   Thumb Code   120  dleqf.o(x$fpl$dleqf)
    __fpl_dcmple_InfNaN                      0x08009f03   Thumb Code     0  dleqf.o(x$fpl$dleqf)
    __aeabi_dmul                             0x08009f19   Thumb Code     0  dmul.o(x$fpl$dmul)
    _dmul                                    0x08009f19   Thumb Code   332  dmul.o(x$fpl$dmul)
    __fpl_dnaninf                            0x0800a06d   Thumb Code   156  dnaninf.o(x$fpl$dnaninf)
    __fpl_dretinf                            0x0800a109   Thumb Code    12  dretinf.o(x$fpl$dretinf)
    __aeabi_cdrcmple                         0x0800a115   Thumb Code     0  drleqf.o(x$fpl$drleqf)
    _drcmple                                 0x0800a115   Thumb Code   108  drleqf.o(x$fpl$drleqf)
    __aeabi_drsub                            0x0800a181   Thumb Code     0  daddsub_clz.o(x$fpl$drsb)
    _drsb                                    0x0800a181   Thumb Code    22  daddsub_clz.o(x$fpl$drsb)
    _dsqrt                                   0x0800a199   Thumb Code   404  dsqrt_umaal.o(x$fpl$dsqrt)
    __aeabi_dsub                             0x0800a331   Thumb Code     0  daddsub_clz.o(x$fpl$dsub)
    _dsub                                    0x0800a331   Thumb Code   464  daddsub_clz.o(x$fpl$dsub)
    __aeabi_f2d                              0x0800a505   Thumb Code     0  f2d.o(x$fpl$f2d)
    _f2d                                     0x0800a505   Thumb Code    86  f2d.o(x$fpl$f2d)
    __fpl_fnaninf                            0x0800a55b   Thumb Code   140  fnaninf.o(x$fpl$fnaninf)
    _fp_init                                 0x0800a5e7   Thumb Code    10  fpinit.o(x$fpl$fpinit)
    __fplib_config_fpu_vfp                   0x0800a5ef   Thumb Code     0  fpinit.o(x$fpl$fpinit)
    __fplib_config_pureend_doubles           0x0800a5ef   Thumb Code     0  fpinit.o(x$fpl$fpinit)
    __fpl_fretinf                            0x0800a5f1   Thumb Code    10  fretinf.o(x$fpl$fretinf)
    __fpl_return_NaN                         0x0800a5fb   Thumb Code   100  retnan.o(x$fpl$retnan)
    __ARM_scalbn                             0x0800a65f   Thumb Code    92  scalbn.o(x$fpl$scalbn)
    __fpl_cmpreturn                          0x0800a6bb   Thumb Code    48  trapv.o(x$fpl$trapveneer)
    __I$use$fp                               0x0800a6ea   Number         0  usenofp.o(x$fpl$usenofp)
    SinBox                                   0x0800a6ec   Data       14400  cloop.o(.constdata)
    ATanBox                                  0x0800df2c   Data        4000  cloop.o(.constdata)
    __mathlib_zero                           0x0800ef58   Data           8  qnan.o(.constdata)
    Region$$Table$$Base                      0x0800ef60   Number         0  anon$$obj.o(Region$$Table)
    Region$$Table$$Limit                     0x0800ef80   Number         0  anon$$obj.o(Region$$Table)
    pxCurrentTCB                             0x20000000   Data           4  tasks.o(.data)
    ledTaskHandle                            0x2000005c   Data           4  main.o(.data)
    encoderTaskHandle                        0x20000060   Data           4  main.o(.data)
    sciTaskHandle                            0x20000064   Data           4  main.o(.data)
    CLITaskHandle                            0x20000068   Data           4  main.o(.data)
    ploopTaskHandle                          0x2000006c   Data           4  main.o(.data)
    interpolationTaskHandle                  0x20000070   Data           4  main.o(.data)
    ledTask_PRIORITY                         0x20000074   Data           4  main.o(.data)
    sciSendTask_PRIORITY                     0x20000078   Data           4  main.o(.data)
    CLITask_PRIORITY                         0x2000007c   Data           4  main.o(.data)
    SystemCoreClock                          0x20000080   Data           4  system_stm32f4xx.o(.data)
    AHBPrescTable                            0x20000084   Data          16  system_stm32f4xx.o(.data)
    ControlWord                              0x200000a4   Data          16  canopen.o(.data)
    StatusWord                               0x200000b4   Data          16  canopen.o(.data)
    TargetTorque                             0x200000c4   Data          16  canopen.o(.data)
    TargetVelocity                           0x200000d4   Data          16  canopen.o(.data)
    ModesofOperation                         0x200000e4   Data          16  canopen.o(.data)
    ModesofOperationDisplay                  0x200000f4   Data          16  canopen.o(.data)
    MotorType                                0x20000104   Data          16  canopen.o(.data)
    CurrentLoopKcp                           0x20000114   Data          16  canopen.o(.data)
    CurrentLoopKci                           0x20000124   Data          16  canopen.o(.data)
    CurrentLoopKcff                          0x20000134   Data          16  canopen.o(.data)
    MaxCurrent                               0x20000144   Data          16  canopen.o(.data)
    TargetPosition                           0x20000154   Data          16  canopen.o(.data)
    ActualPosition                           0x20000164   Data          16  canopen.o(.data)
    Joint1                                   0x20000174   Data         100  canopen.o(.data)
    Joint2                                   0x200001d8   Data         100  canopen.o(.data)
    Joint3                                   0x2000023c   Data         100  canopen.o(.data)
    Joint4                                   0x200002a0   Data         100  canopen.o(.data)
    feedback                                 0x20000304   Data           4  cli.o(.data)
    A                                        0x20000308   Data           4  cli.o(.data)
    Cn                                       0x2000030c   Data           4  cloop.o(.data)
    tuningStartFlag                          0x20000310   Data           4  cloop.o(.data)
    Cti                                      0x20000314   Data           4  cloop.o(.data)
    Tra                                      0x20000318   Data           8  interpolation.o(.data)
    LastTra                                  0x20000320   Data           8  interpolation.o(.data)
    sendFlag                                 0x20000328   Data           4  ploop.o(.data)
    Joint1Angle                              0x2000032c   Data           4  ploop.o(.data)
    Joint2Angle                              0x20000330   Data           4  ploop.o(.data)
    JointH                                   0x20000334   Data           4  ploop.o(.data)
    JointAngle                               0x20000338   Data           4  ploop.o(.data)
    Pn                                       0x2000033c   Data           4  ploop.o(.data)
    pTuningStartFlag                         0x20000340   Data           4  ploop.o(.data)
    tra                                      0x20000344   Data           8  ploop.o(.data)
    Vn                                       0x2000034c   Data           4  vloop.o(.data)
    vloopTuningStartFlag                     0x20000350   Data           4  vloop.o(.data)
    Vt                                       0x20000354   Data           4  vloop.o(.data)
    value                                    0x20000358   Data           4  as5047d.o(.data)
    device_id                                0x2000035c   Data           4  can.o(.data)
    bMessage                                 0x20000360   Data           4  sci.o(.data)
    xQueueRegistry                           0x20000364   Data          64  queue.o(.bss)
    Current                                  0x200130d0   Data         144  cloop.o(.bss)
    SVPWM                                    0x20013160   Data          44  cloop.o(.bss)
    Cq                                       0x2001318c   Data        4000  cloop.o(.bss)
    Position                                 0x2001412c   Data          60  ploop.o(.bss)
    Pp                                       0x20014168   Data        4000  ploop.o(.bss)
    Pv                                       0x20015108   Data        4000  ploop.o(.bss)
    Pe                                       0x200160a8   Data        4000  ploop.o(.bss)
    Po                                       0x20017048   Data        4000  ploop.o(.bss)
    state                                    0x20017fe8   Data          16  statemonitor.o(.bss)
    Velocity                                 0x20017ff8   Data          44  vloop.o(.bss)
    V                                        0x20018024   Data        4000  vloop.o(.bss)
    Vo                                       0x20018fc4   Data        4000  vloop.o(.bss)
    TxMessage                                0x20019f64   Data          20  can.o(.bss)
    RxMessage                                0x20019f78   Data          20  can.o(.bss)
    CANMessageQueue                          0x20019f8c   Data         408  can.o(.bss)
    Encoder                                  0x2001a124   Data          36  encoder.o(.bss)
    absEnc                                   0x2001a148   Data          40  encoder.o(.bss)
    cmdBuf                                   0x2001a170   Data          56  sci.o(.bss)
    LED                                      0x2001a1a8   Data          12  led.o(.bss)
    __libspace_start                         0x2001a1b4   Data          96  libspace.o(.bss)
    __temporary_stack_top$libspace           0x2001a214   Data           0  libspace.o(.bss)



==============================================================================

Memory Map of the image

  Image Entry point : 0x08000189

  Load Region LR_IROM1 (Base: 0x08000000, Size: 0x0000f2e4, Max: 0x00100000, ABSOLUTE, COMPRESSED[0x0000eff0])

    Execution Region ER_IROM1 (Base: 0x08000000, Size: 0x0000ef80, Max: 0x00100000, ABSOLUTE)

    Base Addr    Size         Type   Attr      Idx    E Section Name        Object

    0x08000000   0x00000188   Data   RO          442    RESET               startup_stm32f40xx.o
    0x08000188   0x00000008   Code   RO         1152  * !!!main             c_w.l(__main.o)
    0x08000190   0x00000034   Code   RO         1421    !!!scatter          c_w.l(__scatter.o)
    0x080001c4   0x0000005a   Code   RO         1419    !!dczerorl2         c_w.l(__dczerorl2.o)
    0x0800021e   0x00000002   PAD
    0x08000220   0x0000001c   Code   RO         1423    !!handler_zi        c_w.l(__scatter_zi.o)
    0x0800023c   0x00000002   Code   RO         1289    .ARM.Collect$$libinit$$00000000  c_w.l(libinit.o)
    0x0800023e   0x00000004   Code   RO         1294    .ARM.Collect$$libinit$$00000001  c_w.l(libinit2.o)
    0x08000242   0x00000000   Code   RO         1297    .ARM.Collect$$libinit$$00000004  c_w.l(libinit2.o)
    0x08000242   0x00000000   Code   RO         1300    .ARM.Collect$$libinit$$0000000A  c_w.l(libinit2.o)
    0x08000242   0x00000000   Code   RO         1302    .ARM.Collect$$libinit$$0000000C  c_w.l(libinit2.o)
    0x08000242   0x00000000   Code   RO         1304    .ARM.Collect$$libinit$$0000000E  c_w.l(libinit2.o)
    0x08000242   0x00000000   Code   RO         1307    .ARM.Collect$$libinit$$00000011  c_w.l(libinit2.o)
    0x08000242   0x00000000   Code   RO         1309    .ARM.Collect$$libinit$$00000013  c_w.l(libinit2.o)
    0x08000242   0x00000000   Code   RO         1311    .ARM.Collect$$libinit$$00000015  c_w.l(libinit2.o)
    0x08000242   0x00000000   Code   RO         1313    .ARM.Collect$$libinit$$00000017  c_w.l(libinit2.o)
    0x08000242   0x00000000   Code   RO         1315    .ARM.Collect$$libinit$$00000019  c_w.l(libinit2.o)
    0x08000242   0x00000000   Code   RO         1317    .ARM.Collect$$libinit$$0000001B  c_w.l(libinit2.o)
    0x08000242   0x00000000   Code   RO         1319    .ARM.Collect$$libinit$$0000001D  c_w.l(libinit2.o)
    0x08000242   0x00000000   Code   RO         1321    .ARM.Collect$$libinit$$0000001F  c_w.l(libinit2.o)
    0x08000242   0x00000000   Code   RO         1323    .ARM.Collect$$libinit$$00000021  c_w.l(libinit2.o)
    0x08000242   0x00000000   Code   RO         1325    .ARM.Collect$$libinit$$00000023  c_w.l(libinit2.o)
    0x08000242   0x00000000   Code   RO         1327    .ARM.Collect$$libinit$$00000025  c_w.l(libinit2.o)
    0x08000242   0x00000000   Code   RO         1331    .ARM.Collect$$libinit$$0000002C  c_w.l(libinit2.o)
    0x08000242   0x00000000   Code   RO         1333    .ARM.Collect$$libinit$$0000002E  c_w.l(libinit2.o)
    0x08000242   0x00000000   Code   RO         1335    .ARM.Collect$$libinit$$00000030  c_w.l(libinit2.o)
    0x08000242   0x00000000   Code   RO         1337    .ARM.Collect$$libinit$$00000032  c_w.l(libinit2.o)
    0x08000242   0x00000002   Code   RO         1338    .ARM.Collect$$libinit$$00000033  c_w.l(libinit2.o)
    0x08000244   0x00000002   Code   RO         1360    .ARM.Collect$$libshutdown$$00000000  c_w.l(libshutdown.o)
    0x08000246   0x00000000   Code   RO         1374    .ARM.Collect$$libshutdown$$00000003  c_w.l(libshutdown2.o)
    0x08000246   0x00000000   Code   RO         1377    .ARM.Collect$$libshutdown$$00000006  c_w.l(libshutdown2.o)
    0x08000246   0x00000000   Code   RO         1380    .ARM.Collect$$libshutdown$$00000009  c_w.l(libshutdown2.o)
    0x08000246   0x00000000   Code   RO         1382    .ARM.Collect$$libshutdown$$0000000B  c_w.l(libshutdown2.o)
    0x08000246   0x00000000   Code   RO         1385    .ARM.Collect$$libshutdown$$0000000E  c_w.l(libshutdown2.o)
    0x08000246   0x00000002   Code   RO         1386    .ARM.Collect$$libshutdown$$0000000F  c_w.l(libshutdown2.o)
    0x08000248   0x00000000   Code   RO         1210    .ARM.Collect$$rtentry$$00000000  c_w.l(__rtentry.o)
    0x08000248   0x00000000   Code   RO         1254    .ARM.Collect$$rtentry$$00000002  c_w.l(__rtentry2.o)
    0x08000248   0x00000006   Code   RO         1266    .ARM.Collect$$rtentry$$00000004  c_w.l(__rtentry4.o)
    0x0800024e   0x00000000   Code   RO         1256    .ARM.Collect$$rtentry$$00000009  c_w.l(__rtentry2.o)
    0x0800024e   0x00000004   Code   RO         1257    .ARM.Collect$$rtentry$$0000000A  c_w.l(__rtentry2.o)
    0x08000252   0x00000000   Code   RO         1259    .ARM.Collect$$rtentry$$0000000C  c_w.l(__rtentry2.o)
    0x08000252   0x00000008   Code   RO         1260    .ARM.Collect$$rtentry$$0000000D  c_w.l(__rtentry2.o)
    0x0800025a   0x00000002   Code   RO         1292    .ARM.Collect$$rtexit$$00000000  c_w.l(rtexit.o)
    0x0800025c   0x00000000   Code   RO         1342    .ARM.Collect$$rtexit$$00000002  c_w.l(rtexit2.o)
    0x0800025c   0x00000004   Code   RO         1343    .ARM.Collect$$rtexit$$00000003  c_w.l(rtexit2.o)
    0x08000260   0x00000006   Code   RO         1344    .ARM.Collect$$rtexit$$00000004  c_w.l(rtexit2.o)
    0x08000266   0x00000002   PAD
    0x08000268   0x000000c6   Code   RO           91    .emb_text           port.o
    0x0800032e   0x00000094   Code   RO            1    .text               list.o
    0x080003c2   0x00000002   PAD
    0x080003c4   0x00000828   Code   RO           45    .text               queue.o
    0x08000bec   0x00000e6c   Code   RO           69    .text               tasks.o
    0x08001a58   0x00000214   Code   RO           92    .text               port.o
    0x08001c6c   0x00000124   Code   RO          116    .text               heap_2.o
    0x08001d90   0x00000114   Code   RO          173    .text               main.o
    0x08001ea4   0x00000014   Code   RO          386    .text               stm32f4xx_it.o
    0x08001eb8   0x00000210   Code   RO          416    .text               system_stm32f4xx.o
    0x080020c8   0x00000040   Code   RO          443    .text               startup_stm32f40xx.o
    0x08002108   0x000000e0   Code   RO          449    .text               misc.o
    0x080021e8   0x00000464   Code   RO          495    .text               stm32f4xx_adc.o
    0x0800264c   0x000009f0   Code   RO          515    .text               stm32f4xx_can.o
    0x0800303c   0x00000294   Code   RO          595    .text               stm32f4xx_gpio.o
    0x080032d0   0x0000065c   Code   RO          615    .text               stm32f4xx_rcc.o
    0x0800392c   0x00000480   Code   RO          637    .text               stm32f4xx_spi.o
    0x08003dac   0x00000ca2   Code   RO          677    .text               stm32f4xx_tim.o
    0x08004a4e   0x00000002   PAD
    0x08004a50   0x00000454   Code   RO          697    .text               stm32f4xx_usart.o
    0x08004ea4   0x00001640   Code   RO          749    .text               cli.o
    0x080064e4   0x00000bf4   Code   RO          782    .text               cloop.o
    0x080070d8   0x00000144   Code   RO          898    .text               vloop.o
    0x0800721c   0x000000a4   Code   RO          945    .text               as5047d.o
    0x080072c0   0x00000150   Code   RO          971    .text               ad.o
    0x08007410   0x000003f0   Code   RO          995    .text               can.o
    0x08007800   0x0000043e   Code   RO         1023    .text               encoder.o
    0x08007c3e   0x00000002   PAD
    0x08007c40   0x000001a8   Code   RO         1049    .text               pwm.o
    0x08007de8   0x00000620   Code   RO         1069    .text               sci.o
    0x08008408   0x00000230   Code   RO         1096    .text               led.o
    0x08008638   0x000001c0   Code   RO         1122    .text               spi.o
    0x080087f8   0x0000003e   Code   RO         1142    .text               c_w.l(strlen.o)
    0x08008836   0x0000008a   Code   RO         1144    .text               c_w.l(rt_memcpy_v6.o)
    0x080088c0   0x00000064   Code   RO         1146    .text               c_w.l(rt_memcpy_w.o)
    0x08008924   0x00000080   Code   RO         1148    .text               c_w.l(strcmpv7m.o)
    0x080089a4   0x00000006   Code   RO         1150    .text               c_w.l(heapauxi.o)
    0x080089aa   0x00000016   Code   RO         1211    .text               c_w.l(_rserrno.o)
    0x080089c0   0x00000008   Code   RO         1271    .text               c_w.l(rt_errno_addr_intlibspace.o)
    0x080089c8   0x00000008   Code   RO         1277    .text               c_w.l(libspace.o)
    0x080089d0   0x0000004a   Code   RO         1280    .text               c_w.l(sys_stackheap_outer.o)
    0x08008a1a   0x0000000c   Code   RO         1282    .text               c_w.l(exit.o)
    0x08008a26   0x00000002   PAD
    0x08008a28   0x0000000c   Code   RO         1352    .text               c_w.l(sys_exit.o)
    0x08008a34   0x00000002   Code   RO         1363    .text               c_w.l(use_no_semi.o)
    0x08008a36   0x00000000   Code   RO         1365    .text               c_w.l(indicate_semi.o)
    0x08008a36   0x00000030   Code   RO         1248    i.__ARM_fpclassify  m_wm.l(fpclassify.o)
    0x08008a66   0x00000002   PAD
    0x08008a68   0x00000c38   Code   RO         1184    i.__hardfp_pow      m_wm.l(pow.o)
    0x080096a0   0x0000007a   Code   RO         1198    i.__hardfp_sqrt     m_wm.l(sqrt.o)
    0x0800971a   0x000000f8   Code   RO         1250    i.__kernel_poly     m_wm.l(poly.o)
    0x08009812   0x00000006   PAD
    0x08009818   0x00000030   Code   RO         1228    i.__mathlib_dbl_divzero  m_wm.l(dunder.o)
    0x08009848   0x00000014   Code   RO         1230    i.__mathlib_dbl_infnan2  m_wm.l(dunder.o)
    0x0800985c   0x00000004   PAD
    0x08009860   0x00000020   Code   RO         1231    i.__mathlib_dbl_invalid  m_wm.l(dunder.o)
    0x08009880   0x00000020   Code   RO         1232    i.__mathlib_dbl_overflow  m_wm.l(dunder.o)
    0x080098a0   0x00000020   Code   RO         1234    i.__mathlib_dbl_underflow  m_wm.l(dunder.o)
    0x080098c0   0x00000018   Code   RO         1244    i.fabs              m_wm.l(fabs.o)
    0x080098d8   0x0000006e   Code   RO         1200    i.sqrt              m_wm.l(sqrt.o)
    0x08009946   0x00000018   Code   RO         1154    x$fpl$basic         fz_wm.l(basic.o)
    0x0800995e   0x00000002   PAD
    0x08009960   0x00000062   Code   RO         1156    x$fpl$d2f           fz_wm.l(d2f.o)
    0x080099c2   0x00000002   PAD
    0x080099c4   0x00000150   Code   RO         1158    x$fpl$dadd          fz_wm.l(daddsub_clz.o)
    0x08009b14   0x00000010   Code   RO         1273    x$fpl$dcheck1       fz_wm.l(dcheck1.o)
    0x08009b24   0x00000018   Code   RO         1275    x$fpl$dcmpinf       fz_wm.l(dcmpi.o)
    0x08009b3c   0x000002b0   Code   RO         1165    x$fpl$ddiv          fz_wm.l(ddiv.o)
    0x08009dec   0x0000005e   Code   RO         1168    x$fpl$dfix          fz_wm.l(dfix.o)
    0x08009e4a   0x0000002e   Code   RO         1173    x$fpl$dflt          fz_wm.l(dflt_clz.o)
    0x08009e78   0x00000026   Code   RO         1172    x$fpl$dfltu         fz_wm.l(dflt_clz.o)
    0x08009e9e   0x00000002   PAD
    0x08009ea0   0x00000078   Code   RO         1213    x$fpl$dleqf         fz_wm.l(dleqf.o)
    0x08009f18   0x00000154   Code   RO         1178    x$fpl$dmul          fz_wm.l(dmul.o)
    0x0800a06c   0x0000009c   Code   RO         1215    x$fpl$dnaninf       fz_wm.l(dnaninf.o)
    0x0800a108   0x0000000c   Code   RO         1217    x$fpl$dretinf       fz_wm.l(dretinf.o)
    0x0800a114   0x0000006c   Code   RO         1180    x$fpl$drleqf        fz_wm.l(drleqf.o)
    0x0800a180   0x00000016   Code   RO         1159    x$fpl$drsb          fz_wm.l(daddsub_clz.o)
    0x0800a196   0x00000002   PAD
    0x0800a198   0x00000198   Code   RO         1219    x$fpl$dsqrt         fz_wm.l(dsqrt_umaal.o)
    0x0800a330   0x000001d4   Code   RO         1160    x$fpl$dsub          fz_wm.l(daddsub_clz.o)
    0x0800a504   0x00000056   Code   RO         1182    x$fpl$f2d           fz_wm.l(f2d.o)
    0x0800a55a   0x0000008c   Code   RO         1221    x$fpl$fnaninf       fz_wm.l(fnaninf.o)
    0x0800a5e6   0x0000000a   Code   RO         1350    x$fpl$fpinit        fz_wm.l(fpinit.o)
    0x0800a5f0   0x0000000a   Code   RO         1223    x$fpl$fretinf       fz_wm.l(fretinf.o)
    0x0800a5fa   0x00000064   Code   RO         1290    x$fpl$retnan        fz_wm.l(retnan.o)
    0x0800a65e   0x0000005c   Code   RO         1225    x$fpl$scalbn        fz_wm.l(scalbn.o)
    0x0800a6ba   0x00000030   Code   RO         1339    x$fpl$trapveneer    fz_wm.l(trapv.o)
    0x0800a6ea   0x00000000   Code   RO         1227    x$fpl$usenofp       fz_wm.l(usenofp.o)
    0x0800a6ea   0x00000002   PAD
    0x0800a6ec   0x000047e0   Data   RO          784    .constdata          cloop.o
    0x0800eecc   0x00000004   PAD
    0x0800eed0   0x00000088   Data   RO         1187    .constdata          m_wm.l(pow.o)
    0x0800ef58   0x00000008   Data   RO         1252    .constdata          m_wm.l(qnan.o)
    0x0800ef60   0x00000020   Data   RO         1417    Region$$Table       anon$$obj.o


    Execution Region RW_IRAM1 (Base: 0x20000000, Size: 0x0001a818, Max: 0x00020000, ABSOLUTE, COMPRESSED[0x00000070])

    Base Addr    Size         Type   Attr      Idx    E Section Name        Object

    0x20000000   0x00000038   Data   RW           71    .data               tasks.o
    0x20000038   0x0000000c   Data   RW           93    .data               port.o
    0x20000044   0x00000018   Data   RW          118    .data               heap_2.o
    0x2000005c   0x00000024   Data   RW          174    .data               main.o
    0x20000080   0x00000014   Data   RW          417    .data               system_stm32f4xx.o
    0x20000094   0x00000010   Data   RW          616    .data               stm32f4xx_rcc.o
    0x200000a4   0x00000260   Data   RW          718    .data               canopen.o
    0x20000304   0x00000008   Data   RW          750    .data               cli.o
    0x2000030c   0x0000000c   Data   RW          785    .data               cloop.o
    0x20000318   0x00000010   Data   RW          816    .data               interpolation.o
    0x20000328   0x00000024   Data   RW          847    .data               ploop.o
    0x2000034c   0x0000000c   Data   RW          900    .data               vloop.o
    0x20000358   0x00000004   Data   RW          946    .data               as5047d.o
    0x2000035c   0x00000004   Data   RW          997    .data               can.o
    0x20000360   0x00000004   Data   RW         1071    .data               sci.o
    0x20000364   0x00000040   Zero   RW           46    .bss                queue.o
    0x200003a4   0x0000012c   Zero   RW           70    .bss                tasks.o
    0x200004d0   0x00012c00   Zero   RW          117    .bss                heap_2.o
    0x200130d0   0x0000105c   Zero   RW          783    .bss                cloop.o
    0x2001412c   0x00003ebc   Zero   RW          846    .bss                ploop.o
    0x20017fe8   0x00000010   Zero   RW          873    .bss                statemonitor.o
    0x20017ff8   0x00001f6c   Zero   RW          899    .bss                vloop.o
    0x20019f64   0x000001c0   Zero   RW          996    .bss                can.o
    0x2001a124   0x0000004c   Zero   RW         1024    .bss                encoder.o
    0x2001a170   0x00000038   Zero   RW         1070    .bss                sci.o
    0x2001a1a8   0x0000000c   Zero   RW         1097    .bss                led.o
    0x2001a1b4   0x00000060   Zero   RW         1278    .bss                c_w.l(libspace.o)
    0x2001a214   0x00000004   PAD
    0x2001a218   0x00000200   Zero   RW          441    HEAP                startup_stm32f40xx.o
    0x2001a418   0x00000400   Zero   RW          440    STACK               startup_stm32f40xx.o


==============================================================================

Image component sizes


      Code (inc. data)   RO Data    RW Data    ZI Data      Debug   Object Name

       336         30          0          0          0      27318   ad.o
       164          4          0          4          0       1623   as5047d.o
      1008         74          0          4        448       3647   can.o
         0          0          0        608          0       5043   canopen.o
      5696       1078          0          8          0       5378   cli.o
      3060        122      18400         12       4188       4608   cloop.o
      1086         48          0          0         76       3305   encoder.o
       292         26          0         24      76800       3132   heap_2.o
         0          0          0         16          0        774   interpolation.o
       560         12          0          0         12       2683   led.o
       148          0          0          0          0      12610   list.o
       276         80          0         36          0      62571   main.o
       224         20          0          0          0     252861   misc.o
         0          0          0         36      16060       1650   ploop.o
       730         52          0         12          0       5346   port.o
       424         18          0          0          0        874   pwm.o
      2088          6          0          0         64      15361   queue.o
      1568        142          0          4         56       5032   sci.o
       448         10          0          0          0       1102   spi.o
        64         26        392          0       1536        804   startup_stm32f40xx.o
         0          0          0          0         16        608   statemonitor.o
      1124         24          0          0          0      10438   stm32f4xx_adc.o
      2544         38          0          0          0       7912   stm32f4xx_can.o
       660         44          0          0          0       4041   stm32f4xx_gpio.o
        20          0          0          0          0        939   stm32f4xx_it.o
      1628         52          0         16          0      12808   stm32f4xx_rcc.o
      1152         36          0          0          0       6789   stm32f4xx_spi.o
      3234         60          0          0          0      22240   stm32f4xx_tim.o
      1108         34          0          0          0       7740   stm32f4xx_usart.o
       528         46          0         20          0       1759   system_stm32f4xx.o
      3692        222          0         56        300      14905   tasks.o
       324         28          0         12       8044       1971   vloop.o

    ----------------------------------------------------------------------
     34192       2332      18828        868     107600     507872   Object Totals
         0          0         32          0          0          0   (incl. Generated)
         6          0          4          0          0          0   (incl. Padding)

    ----------------------------------------------------------------------

      Code (inc. data)   RO Data    RW Data    ZI Data      Debug   Library Member Name

        90          0          0          0          0          0   __dczerorl2.o
         8          0          0          0          0         68   __main.o
         0          0          0          0          0          0   __rtentry.o
        12          0          0          0          0          0   __rtentry2.o
         6          0          0          0          0          0   __rtentry4.o
        52          8          0          0          0          0   __scatter.o
        28          0          0          0          0          0   __scatter_zi.o
        22          0          0          0          0        100   _rserrno.o
        12          0          0          0          0         72   exit.o
         6          0          0          0          0        152   heapauxi.o
         0          0          0          0          0          0   indicate_semi.o
         2          0          0          0          0          0   libinit.o
         6          0          0          0          0          0   libinit2.o
         2          0          0          0          0          0   libshutdown.o
         2          0          0          0          0          0   libshutdown2.o
         8          4          0          0         96         68   libspace.o
         8          4          0          0          0         68   rt_errno_addr_intlibspace.o
       138          0          0          0          0         68   rt_memcpy_v6.o
       100          0          0          0          0         80   rt_memcpy_w.o
         2          0          0          0          0          0   rtexit.o
        10          0          0          0          0          0   rtexit2.o
       128          0          0          0          0         68   strcmpv7m.o
        62          0          0          0          0         76   strlen.o
        12          4          0          0          0         68   sys_exit.o
        74          0          0          0          0         80   sys_stackheap_outer.o
         2          0          0          0          0         68   use_no_semi.o
        24          0          0          0          0        164   basic.o
        98          4          0          0          0        140   d2f.o
       826         16          0          0          0        492   daddsub_clz.o
        16          4          0          0          0        116   dcheck1.o
        24          0          0          0          0        116   dcmpi.o
       688        140          0          0          0        256   ddiv.o
        94          4          0          0          0        140   dfix.o
        84          0          0          0          0        232   dflt_clz.o
       120          4          0          0          0        140   dleqf.o
       340         12          0          0          0        152   dmul.o
       156          4          0          0          0        140   dnaninf.o
        12          0          0          0          0        116   dretinf.o
       108          0          0          0          0        128   drleqf.o
       408         56          0          0          0        168   dsqrt_umaal.o
        86          4          0          0          0        132   f2d.o
       140          4          0          0          0        132   fnaninf.o
        10          0          0          0          0        116   fpinit.o
        10          0          0          0          0        116   fretinf.o
       100          0          0          0          0        116   retnan.o
        92          0          0          0          0        116   scalbn.o
        48          0          0          0          0        116   trapv.o
         0          0          0          0          0          0   usenofp.o
       164         44          0          0          0        620   dunder.o
        24          0          0          0          0        124   fabs.o
        48          0          0          0          0        124   fpclassify.o
       248          0          0          0          0        152   poly.o
      3128        302        136          0          0        356   pow.o
         0          0          8          0          0          0   qnan.o
       232          0          0          0          0        296   sqrt.o

    ----------------------------------------------------------------------
      8148        618        144          0        100       6052   Library Totals
        28          0          0          0          4          0   (incl. Padding)

    ----------------------------------------------------------------------

      Code (inc. data)   RO Data    RW Data    ZI Data      Debug   Library Name

       792         20          0          0         96       1036   c_w.l
      3484        252          0          0          0       3344   fz_wm.l
      3844        346        144          0          0       1672   m_wm.l

    ----------------------------------------------------------------------
      8148        618        144          0        100       6052   Library Totals

    ----------------------------------------------------------------------

==============================================================================


      Code (inc. data)   RO Data    RW Data    ZI Data      Debug   

     42340       2950      18972        868     107700     503356   Grand Totals
     42340       2950      18972        112     107700     503356   ELF Image Totals (compressed)
     42340       2950      18972        112          0          0   ROM Totals

==============================================================================

    Total RO  Size (Code + RO Data)                61312 (  59.88kB)
    Total RW  Size (RW Data + ZI Data)            108568 ( 106.02kB)
    Total ROM Size (Code + RO Data + RW Data)      61424 (  59.98kB)

==============================================================================

