Product: MDK-ARM Standard 5.10
Component: ARM Compiler 5.04 update 1 (build 49)
Tool: armlink [5040049]

==============================================================================

Section Cross References

    queue.o(.text) refers to port.o(.emb_text) for ulPortSetInterruptMask
    queue.o(.text) refers to port.o(.text) for vPortEnterCritical
    queue.o(.text) refers to tasks.o(.text) for xTaskRemoveFromEventList
    queue.o(.text) refers to list.o(.text) for vListInitialise
    queue.o(.text) refers to heap_2.o(.text) for pvPortMalloc
    queue.o(.text) refers to rt_memcpy_v6.o(.text) for __aeabi_memcpy
    queue.o(.text) refers to queue.o(.bss) for xQueueRegistry
    tasks.o(.text) refers to list.o(.text) for vListInitialise
    tasks.o(.text) refers to heap_2.o(.text) for pvPortMalloc
    tasks.o(.text) refers to port.o(.emb_text) for ulPortSetInterruptMask
    tasks.o(.text) refers to port.o(.text) for pxPortInitialiseStack
    tasks.o(.text) refers to tasks.o(.bss) for pxReadyTasksLists
    tasks.o(.text) refers to tasks.o(.data) for pxDelayedTaskList
    port.o(.emb_text) refers to tasks.o(.text) for vTaskSwitchContext
    port.o(.emb_text) refers to tasks.o(.data) for pxCurrentTCB
    port.o(.text) refers to port.o(.emb_text) for ulPortSetInterruptMask
    port.o(.text) refers to tasks.o(.text) for xTaskIncrementTick
    port.o(.text) refers to port.o(.data) for uxCriticalNesting
    heap_2.o(.text) refers to tasks.o(.text) for vTaskSuspendAll
    heap_2.o(.text) refers to heap_2.o(.bss) for ucHeap
    heap_2.o(.text) refers to heap_2.o(.data) for xStart
    croutine.o(.text) refers to list.o(.text) for vListInitialise
    croutine.o(.text) refers to heap_2.o(.text) for pvPortMalloc
    croutine.o(.text) refers to port.o(.emb_text) for ulPortSetInterruptMask
    croutine.o(.text) refers to tasks.o(.text) for xTaskGetTickCount
    croutine.o(.text) refers to croutine.o(.bss) for pxReadyCoRoutineLists
    croutine.o(.text) refers to croutine.o(.data) for pxDelayedCoRoutineList
    event_groups.o(.text) refers to heap_2.o(.text) for pvPortMalloc
    event_groups.o(.text) refers to list.o(.text) for vListInitialise
    event_groups.o(.text) refers to port.o(.emb_text) for ulPortSetInterruptMask
    event_groups.o(.text) refers to tasks.o(.text) for vTaskSuspendAll
    event_groups.o(.text) refers to port.o(.text) for vPortYield
    main.o(.text) refers to tasks.o(.text) for xTaskGenericCreate
    main.o(.text) refers to spi.o(.text) for SPI1_Init
    main.o(.text) refers to sci.o(.text) for sciConfiguration
    main.o(.text) refers to pwm.o(.text) for pwmConfiguration
    main.o(.text) refers to ad.o(.text) for ADC_Configuration
    main.o(.text) refers to cloop.o(.text) for currentLoopInit
    main.o(.text) refers to main.o(.data) for ledTaskHandle
    main.o(.text) refers to led.o(.text) for ledTask
    main.o(.text) refers to tempture.o(.text) for temptureTestTask
    main.o(.text) refers to voltage.o(.text) for voltageTestTask
    system_stm32f4xx.o(.text) refers to system_stm32f4xx.o(.data) for SystemCoreClock
    startup_stm32f40xx.o(STACK) refers (Special) to heapauxi.o(.text) for __use_two_region_memory
    startup_stm32f40xx.o(HEAP) refers (Special) to heapauxi.o(.text) for __use_two_region_memory
    startup_stm32f40xx.o(RESET) refers (Special) to heapauxi.o(.text) for __use_two_region_memory
    startup_stm32f40xx.o(RESET) refers to startup_stm32f40xx.o(STACK) for __initial_sp
    startup_stm32f40xx.o(RESET) refers to startup_stm32f40xx.o(.text) for Reset_Handler
    startup_stm32f40xx.o(RESET) refers to stm32f4xx_it.o(.text) for NMI_Handler
    startup_stm32f40xx.o(RESET) refers to port.o(.emb_text) for SVC_Handler
    startup_stm32f40xx.o(RESET) refers to port.o(.text) for SysTick_Handler
    startup_stm32f40xx.o(RESET) refers to ad.o(.text) for ADC_IRQHandler
    startup_stm32f40xx.o(RESET) refers to can.o(.text) for CAN1_RX0_IRQHandler
    startup_stm32f40xx.o(RESET) refers to sci.o(.text) for USART3_IRQHandler
    startup_stm32f40xx.o(RESET) refers to encoder.o(.text) for UART4_IRQHandler
    startup_stm32f40xx.o(.text) refers (Special) to heapauxi.o(.text) for __use_two_region_memory
    startup_stm32f40xx.o(.text) refers to system_stm32f4xx.o(.text) for SystemInit
    startup_stm32f40xx.o(.text) refers to __main.o(!!!main) for __main
    startup_stm32f40xx.o(.text) refers to startup_stm32f40xx.o(HEAP) for Heap_Mem
    startup_stm32f40xx.o(.text) refers to startup_stm32f40xx.o(STACK) for Stack_Mem
    stm32f4xx_adc.o(.text) refers to stm32f4xx_rcc.o(.text) for RCC_APB2PeriphResetCmd
    stm32f4xx_can.o(.text) refers to stm32f4xx_rcc.o(.text) for RCC_APB1PeriphResetCmd
    stm32f4xx_gpio.o(.text) refers to stm32f4xx_rcc.o(.text) for RCC_AHB1PeriphResetCmd
    stm32f4xx_rcc.o(.text) refers to stm32f4xx_rcc.o(.data) for APBAHBPrescTable
    stm32f4xx_spi.o(.text) refers to stm32f4xx_rcc.o(.text) for RCC_APB2PeriphResetCmd
[...]
    __scatterload                            0x08000191   Thumb Code     0  __scatter.o(!!!scatter)
    __scatterload_rt2                        0x08000191   Thumb Code    44  __scatter.o(!!!scatter)
    __scatterload_rt2_thumb_only             0x08000191   Thumb Code     0  __scatter.o(!!!scatter)
    __scatterload_null                       0x0800019f   Thumb Code     0  __scatter.o(!!!scatter)
    __decompress                             0x080001c5   Thumb Code   100  __dclz77c.o(!!dclz77c)
    __decompress2                            0x080001c5   Thumb Code     0  __dclz77c.o(!!dclz77c)
    __scatterload_zeroinit                   0x08000229   Thumb Code    28  __scatter_zi.o(!!handler_zi)
    __rt_lib_init                            0x08000245   Thumb Code     0  libinit.o(.ARM.Collect$$libinit$$00000000)
    __rt_lib_init_fp_1                       0x08000247   Thumb Code     0  libinit2.o(.ARM.Collect$$libinit$$00000001)
    __rt_lib_init_alloca_1                   0x0800024b   Thumb Code     0  libinit2.o(.ARM.Collect$$libinit$$0000002C)
    __rt_lib_init_argv_1                     0x0800024b   Thumb Code     0  libinit2.o(.ARM.Collect$$libinit$$0000002A)
    __rt_lib_init_atexit_1                   0x0800024b   Thumb Code     0  libinit2.o(.ARM.Collect$$libinit$$00000019)
    __rt_lib_init_clock_1                    0x0800024b   Thumb Code     0  libinit2.o(.ARM.Collect$$libinit$$0000001F)
    __rt_lib_init_cpp_1                      0x0800024b   Thumb Code     0  libinit2.o(.ARM.Collect$$libinit$$00000030)
    __rt_lib_init_exceptions_1               0x0800024b   Thumb Code     0  libinit2.o(.ARM.Collect$$libinit$$0000002E)
    __rt_lib_init_fp_trap_1                  0x0800024b   Thumb Code     0  libinit2.o(.ARM.Collect$$libinit$$0000001D)
    __rt_lib_init_getenv_1                   0x0800024b   Thumb Code     0  libinit2.o(.ARM.Collect$$libinit$$00000021)
    __rt_lib_init_heap_1                     0x0800024b   Thumb Code     0  libinit2.o(.ARM.Collect$$libinit$$00000008)
    __rt_lib_init_lc_collate_1               0x0800024b   Thumb Code     0  libinit2.o(.ARM.Collect$$libinit$$0000000F)
    __rt_lib_init_lc_ctype_1                 0x0800024b   Thumb Code     0  libinit2.o(.ARM.Collect$$libinit$$00000011)
    __rt_lib_init_lc_monetary_1              0x0800024b   Thumb Code     0  libinit2.o(.ARM.Collect$$libinit$$00000013)
    __rt_lib_init_lc_numeric_1               0x0800024b   Thumb Code     0  libinit2.o(.ARM.Collect$$libinit$$00000015)
    __rt_lib_init_lc_time_1                  0x0800024b   Thumb Code     0  libinit2.o(.ARM.Collect$$libinit$$00000017)
    __rt_lib_init_rand_1                     0x0800024b   Thumb Code     0  libinit2.o(.ARM.Collect$$libinit$$0000000C)
    __rt_lib_init_return                     0x0800024b   Thumb Code     0  libinit2.o(.ARM.Collect$$libinit$$00000031)
    __rt_lib_init_signal_1                   0x0800024b   Thumb Code     0  libinit2.o(.ARM.Collect$$libinit$$0000001B)
    __rt_lib_init_stdio_1                    0x0800024b   Thumb Code     0  libinit2.o(.ARM.Collect$$libinit$$00000023)
    __rt_lib_init_user_alloc_1               0x0800024b   Thumb Code     0  libinit2.o(.ARM.Collect$$libinit$$0000000A)
    __rt_lib_shutdown                        0x0800024d   Thumb Code     0  libshutdown.o(.ARM.Collect$$libshutdown$$00000000)
    __rt_lib_shutdown_fp_trap_1              0x0800024f   Thumb Code     0  libshutdown2.o(.ARM.Collect$$libshutdown$$00000006)
    __rt_lib_shutdown_heap_1                 0x0800024f   Thumb Code     0  libshutdown2.o(.ARM.Collect$$libshutdown$$0000000E)
    __rt_lib_shutdown_return                 0x0800024f   Thumb Code     0  libshutdown2.o(.ARM.Collect$$libshutdown$$0000000F)
    __rt_lib_shutdown_signal_1               0x0800024f   Thumb Code     0  libshutdown2.o(.ARM.Collect$$libshutdown$$00000009)
    __rt_lib_shutdown_stdio_1                0x0800024f   Thumb Code     0  libshutdown2.o(.ARM.Collect$$libshutdown$$00000003)
    __rt_lib_shutdown_user_alloc_1           0x0800024f   Thumb Code     0  libshutdown2.o(.ARM.Collect$$libshutdown$$0000000B)
    __rt_entry                               0x08000251   Thumb Code     0  rtentry.o(.ARM.Collect$$rtentry$$00000000)
    __rt_entry_presh_1                       0x08000251   Thumb Code     0  rtentry2.o(.ARM.Collect$$rtentry$$00000002)
    __rt_entry_sh                            0x08000251   Thumb Code     0  rtentry4.o(.ARM.Collect$$rtentry$$00000004)
    __rt_entry_li                            0x08000257   Thumb Code     0  rtentry2.o(.ARM.Collect$$rtentry$$0000000A)
    __rt_entry_postsh_1                      0x08000257   Thumb Code     0  rtentry2.o(.ARM.Collect$$rtentry$$00000009)
    __rt_entry_main                          0x0800025b   Thumb Code     0  rtentry2.o(.ARM.Collect$$rtentry$$0000000D)
    __rt_entry_postli_1                      0x0800025b   Thumb Code     0  rtentry2.o(.ARM.Collect$$rtentry$$0000000C)
    __rt_exit                                0x08000263   Thumb Code     0  rtexit.o(.ARM.Collect$$rtexit$$00000000)
    __rt_exit_ls                             0x08000265   Thumb Code     0  rtexit2.o(.ARM.Collect$$rtexit$$00000003)
    __rt_exit_prels_1                        0x08000265   Thumb Code     0  rtexit2.o(.ARM.Collect$$rtexit$$00000002)
    __rt_exit_exit                           0x08000269   Thumb Code     0  rtexit2.o(.ARM.Collect$$rtexit$$00000004)
    SVC_Handler                              0x08000271   Thumb Code    28  port.o(.emb_text)
    __asm___6_port_c_39a90d8d__prvStartFirstTask 0x08000291   Thumb Code    28  port.o(.emb_text)
    __asm___6_port_c_39a90d8d__prvEnableVFP  0x080002b1   Thumb Code    16  port.o(.emb_text)
    PendSV_Handler                           0x080002c5   Thumb Code    82  port.o(.emb_text)
    ulPortSetInterruptMask                   0x0800031d   Thumb Code    14  port.o(.emb_text)
    vPortClearInterruptMask                  0x0800032b   Thumb Code     6  port.o(.emb_text)
    vPortGetIPSR                             0x08000331   Thumb Code     6  port.o(.emb_text)
    vListInitialise                          0x08000337   Thumb Code    26  list.o(.text)
    vListInitialiseItem                      0x08000351   Thumb Code     6  list.o(.text)
    vListInsertEnd                           0x08000357   Thumb Code    24  list.o(.text)
    vListInsert                              0x0800036f   Thumb Code    52  list.o(.text)
    uxListRemove                             0x080003a3   Thumb Code    40  list.o(.text)
    xQueueGenericReset                       0x080003cd   Thumb Code   112  queue.o(.text)
    xQueueGenericCreate                      0x0800043d   Thumb Code    86  queue.o(.text)
    xQueueGenericSend                        0x080005af   Thumb Code   280  queue.o(.text)
    xQueueCreateMutex                        0x080006c7   Thumb Code    82  queue.o(.text)
    xQueueGiveMutexRecursive                 0x08000719   Thumb Code    58  queue.o(.text)
    xQueueGenericReceive                     0x08000797   Thumb Code   304  queue.o(.text)
    xQueueTakeMutexRecursive                 0x080008c7   Thumb Code    70  queue.o(.text)
    xQueueCreateCountingSemaphore            0x0800090d   Thumb Code    74  queue.o(.text)
    xQueueGenericSendFromISR                 0x08000957   Thumb Code   180  queue.o(.text)
    xQueueReceiveFromISR                     0x08000a0b   Thumb Code   136  queue.o(.text)
    xQueuePeekFromISR                        0x08000a93   Thumb Code    90  queue.o(.text)
    uxQueueMessagesWaiting                   0x08000aed   Thumb Code    28  queue.o(.text)
    uxQueueSpacesAvailable                   0x08000b09   Thumb Code    34  queue.o(.text)
    uxQueueMessagesWaitingFromISR            0x08000b2b   Thumb Code    20  queue.o(.text)
    vQueueUnregisterQueue                    0x08000b3f   Thumb Code    38  queue.o(.text)
    vQueueDelete                             0x08000b65   Thumb Code    40  queue.o(.text)
    xQueueIsQueueEmptyFromISR                0x08000b8d   Thumb Code    28  queue.o(.text)
    xQueueIsQueueFullFromISR                 0x08000ba9   Thumb Code    32  queue.o(.text)
    vQueueAddToRegistry                      0x08000bc9   Thumb Code    38  queue.o(.text)
    xTaskGenericCreate                       0x08000cc3   Thumb Code   272  tasks.o(.text)
    vTaskDelete                              0x08000dfd   Thumb Code   160  tasks.o(.text)
    xTaskIncrementTick                       0x08000e9d   Thumb Code   220  tasks.o(.text)
    xTaskResumeAll                           0x08000f79   Thumb Code   272  tasks.o(.text)
    vTaskSuspendAll                          0x080010c7   Thumb Code    12  tasks.o(.text)
    vTaskDelayUntil                          0x080010d3   Thumb Code   176  tasks.o(.text)
    vTaskDelay                               0x08001183   Thumb Code    94  tasks.o(.text)
    uxTaskPriorityGet                        0x080011e1   Thumb Code    30  tasks.o(.text)
    vTaskPrioritySet                         0x080011ff   Thumb Code   224  tasks.o(.text)
    vTaskSwitchContext                       0x080012df   Thumb Code   106  tasks.o(.text)
    vTaskSuspend                             0x08001349   Thumb Code   172  tasks.o(.text)
    vTaskResume                              0x08001471   Thumb Code    92  tasks.o(.text)
    xTaskResumeFromISR                       0x080014cd   Thumb Code   126  tasks.o(.text)
    vTaskStartScheduler                      0x080015bf   Thumb Code    64  tasks.o(.text)
    vTaskEndScheduler                        0x080015ff   Thumb Code    18  tasks.o(.text)
    xTaskGetTickCount                        0x08001611   Thumb Code    18  tasks.o(.text)
    xTaskGetTickCountFromISR                 0x08001623   Thumb Code    26  tasks.o(.text)
    uxTaskGetNumberOfTasks                   0x0800163d   Thumb Code     6  tasks.o(.text)
    vTaskPlaceOnEventList                    0x08001643   Thumb Code    94  tasks.o(.text)
    vTaskPlaceOnUnorderedEventList           0x080016a1   Thumb Code   132  tasks.o(.text)
    xTaskRemoveFromEventList                 0x08001725   Thumb Code   114  tasks.o(.text)
    xTaskRemoveFromUnorderedEventList        0x08001797   Thumb Code   126  tasks.o(.text)
    vTaskSetTimeOutState                     0x08001815   Thumb Code    28  tasks.o(.text)
    xTaskCheckForTimeOut                     0x08001831   Thumb Code   174  tasks.o(.text)
    vTaskMissedYield                         0x080018df   Thumb Code     8  tasks.o(.text)
    xTaskGetCurrentTaskHandle                0x080018e7   Thumb Code     6  tasks.o(.text)
    vTaskPriorityInherit                     0x080018ed   Thumb Code   164  tasks.o(.text)
    xTaskPriorityDisinherit                  0x08001991   Thumb Code   136  tasks.o(.text)
    uxTaskResetEventItemValue                0x08001a19   Thumb Code    24  tasks.o(.text)
    pvTaskIncrementMutexHeldCount            0x08001a31   Thumb Code    26  tasks.o(.text)
    pxPortInitialiseStack                    0x08001a81   Thumb Code    34  port.o(.text)
    vPortSetupTimerInterrupt                 0x08001aa3   Thumb Code    14  port.o(.text)
    xPortStartScheduler                      0x08001ab1   Thumb Code   156  port.o(.text)
    vPortEndScheduler                        0x08001b4d   Thumb Code    30  port.o(.text)
    vPortYield                               0x08001b6b   Thumb Code    20  port.o(.text)
    vPortEnterCritical                       0x08001b7f   Thumb Code    62  port.o(.text)
    vPortExitCritical                        0x08001bbd   Thumb Code    40  port.o(.text)
    SysTick_Handler                          0x08001be5   Thumb Code    30  port.o(.text)
    vPortValidateInterruptPriority           0x08001c03   Thumb Code    80  port.o(.text)
    pvPortMalloc                             0x08001c9b   Thumb Code   164  heap_2.o(.text)
    vPortFree                                0x08001d3f   Thumb Code    56  heap_2.o(.text)
    xPortGetFreeHeapSize                     0x08001d77   Thumb Code     6  heap_2.o(.text)
    vPortInitialiseBlocks                    0x08001d7d   Thumb Code     2  heap_2.o(.text)
    startTask                                0x08001d99   Thumb Code   154  main.o(.text)
    main                                     0x08001e4b   Thumb Code    48  main.o(.text)
    NMI_Handler                              0x08001eed   Thumb Code     2  stm32f4xx_it.o(.text)
    HardFault_Handler                        0x08001eef   Thumb Code     4  stm32f4xx_it.o(.text)
    MemManage_Handler                        0x08001ef3   Thumb Code     4  stm32f4xx_it.o(.text)
    BusFault_Handler                         0x08001ef7   Thumb Code     4  stm32f4xx_it.o(.text)
    UsageFault_Handler                       0x08001efb   Thumb Code     4  stm32f4xx_it.o(.text)
    DebugMon_Handler                         0x08001eff   Thumb Code     2  stm32f4xx_it.o(.text)
    SystemInit                               0x08001fdd   Thumb Code    88  system_stm32f4xx.o(.text)
    SystemCoreClockUpdate                    0x08002035   Thumb Code   174  system_stm32f4xx.o(.text)
    Reset_Handler                            0x08002111   Thumb Code     8  startup_stm32f40xx.o(.text)
    CAN1_RX1_IRQHandler                      0x0800212b   Thumb Code     0  startup_stm32f40xx.o(.text)
    CAN1_SCE_IRQHandler                      0x0800212b   Thumb Code     0  startup_stm32f40xx.o(.text)
    CAN1_TX_IRQHandler                       0x0800212b   Thumb Code     0  startup_stm32f40xx.o(.text)
    CAN2_RX0_IRQHandler                      0x0800212b   Thumb Code     0  startup_stm32f40xx.o(.text)
    CAN2_RX1_IRQHandler                      0x0800212b   Thumb Code     0  startup_stm32f40xx.o(.text)
    CAN2_SCE_IRQHandler                      0x0800212b   Thumb Code     0  startup_stm32f40xx.o(.text)
    CAN2_TX_IRQHandler                       0x0800212b   Thumb Code     0  startup_stm32f40xx.o(.text)
    CRYP_IRQHandler                          0x0800212b   Thumb Code     0  startup_stm32f40xx.o(.text)
    DCMI_IRQHandler                          0x0800212b   Thumb Code     0  startup_stm32f40xx.o(.text)
    DMA1_Stream0_IRQHandler                  0x0800212b   Thumb Code     0  startup_stm32f40xx.o(.text)
    DMA1_Stream1_IRQHandler                  0x0800212b   Thumb Code     0  startup_stm32f40xx.o(.text)
    DMA1_Stream2_IRQHandler                  0x0800212b   Thumb Code     0  startup_stm32f40xx.o(.text)
    DMA1_Stream3_IRQHandler                  0x0800212b   Thumb Code     0  startup_stm32f40xx.o(.text)
    DMA1_Stream4_IRQHandler                  0x0800212b   Thumb Code     0  startup_stm32f40xx.o(.text)
    DMA1_Stream5_IRQHandler                  0x0800212b   Thumb Code     0  startup_stm32f40xx.o(.text)
    DMA1_Stream6_IRQHandler                  0x0800212b   Thumb Code     0  startup_stm32f40xx.o(.text)
    DMA1_Stream7_IRQHandler                  0x0800212b   Thumb Code     0  startup_stm32f40xx.o(.text)
    DMA2_Stream0_IRQHandler                  0x0800212b   Thumb Code     0  startup_stm32f40xx.o(.text)
    DMA2_Stream1_IRQHandler                  0x0800212b   Thumb Code     0  startup_stm32f40xx.o(.text)
    DMA2_Stream2_IRQHandler                  0x0800212b   Thumb Code     0  startup_stm32f40xx.o(.text)
    DMA2_Stream3_IRQHandler                  0x0800212b   Thumb Code     0  startup_stm32f40xx.o(.text)
    DMA2_Stream4_IRQHandler                  0x0800212b   Thumb Code     0  startup_stm32f40xx.o(.text)
    DMA2_Stream5_IRQHandler                  0x0800212b   Thumb Code     0  startup_stm32f40xx.o(.text)
    DMA2_Stream6_IRQHandler                  0x0800212b   Thumb Code     0  startup_stm32f40xx.o(.text)
    DMA2_Stream7_IRQHandler                  0x0800212b   Thumb Code     0  startup_stm32f40xx.o(.text)
    ETH_IRQHandler                           0x0800212b   Thumb Code     0  startup_stm32f40xx.o(.text)
    ETH_WKUP_IRQHandler                      0x0800212b   Thumb Code     0  startup_stm32f40xx.o(.text)
    EXTI0_IRQHandler                         0x0800212b   Thumb Code     0  startup_stm32f40xx.o(.text)
    EXTI15_10_IRQHandler                     0x0800212b   Thumb Code     0  startup_stm32f40xx.o(.text)
    EXTI1_IRQHandler                         0x0800212b   Thumb Code     0  startup_stm32f40xx.o(.text)
    EXTI2_IRQHandler                         0x0800212b   Thumb Code     0  startup_stm32f40xx.o(.text)
    EXTI3_IRQHandler                         0x0800212b   Thumb Code     0  startup_stm32f40xx.o(.text)
    EXTI4_IRQHandler                         0x0800212b   Thumb Code     0  startup_stm32f40xx.o(.text)
    EXTI9_5_IRQHandler                       0x0800212b   Thumb Code     0  startup_stm32f40xx.o(.text)
    FLASH_IRQHandler                         0x0800212b   Thumb Code     0  startup_stm32f40xx.o(.text)
    FPU_IRQHandler                           0x0800212b   Thumb Code     0  startup_stm32f40xx.o(.text)
    FSMC_IRQHandler                          0x0800212b   Thumb Code     0  startup_stm32f40xx.o(.text)
    HASH_RNG_IRQHandler                      0x0800212b   Thumb Code     0  startup_stm32f40xx.o(.text)
    I2C1_ER_IRQHandler                       0x0800212b   Thumb Code     0  startup_stm32f40xx.o(.text)
    I2C1_EV_IRQHandler                       0x0800212b   Thumb Code     0  startup_stm32f40xx.o(.text)
    I2C2_ER_IRQHandler                       0x0800212b   Thumb Code     0  startup_stm32f40xx.o(.text)
    I2C2_EV_IRQHandler                       0x0800212b   Thumb Code     0  startup_stm32f40xx.o(.text)
    I2C3_ER_IRQHandler                       0x0800212b   Thumb Code     0  startup_stm32f40xx.o(.text)
    I2C3_EV_IRQHandler                       0x0800212b   Thumb Code     0  startup_stm32f40xx.o(.text)
    OTG_FS_IRQHandler                        0x0800212b   Thumb Code     0  startup_stm32f40xx.o(.text)
    OTG_FS_WKUP_IRQHandler                   0x0800212b   Thumb Code     0  startup_stm32f40xx.o(.text)
    OTG_HS_EP1_IN_IRQHandler                 0x0800212b   Thumb Code     0  startup_stm32f40xx.o(.text)
    OTG_HS_EP1_OUT_IRQHandler                0x0800212b   Thumb Code     0  startup_stm32f40xx.o(.text)
    OTG_HS_IRQHandler                        0x0800212b   Thumb Code     0  startup_stm32f40xx.o(.text)
    OTG_HS_WKUP_IRQHandler                   0x0800212b   Thumb Code     0  startup_stm32f40xx.o(.text)
    PVD_IRQHandler                           0x0800212b   Thumb Code     0  startup_stm32f40xx.o(.text)
    RCC_IRQHandler                           0x0800212b   Thumb Code     0  startup_stm32f40xx.o(.text)
    RTC_Alarm_IRQHandler                     0x0800212b   Thumb Code     0  startup_stm32f40xx.o(.text)
    RTC_WKUP_IRQHandler                      0x0800212b   Thumb Code     0  startup_stm32f40xx.o(.text)
    SDIO_IRQHandler                          0x0800212b   Thumb Code     0  startup_stm32f40xx.o(.text)
    SPI1_IRQHandler                          0x0800212b   Thumb Code     0  startup_stm32f40xx.o(.text)
    SPI2_IRQHandler                          0x0800212b   Thumb Code     0  startup_stm32f40xx.o(.text)
    SPI3_IRQHandler                          0x0800212b   Thumb Code     0  startup_stm32f40xx.o(.text)
    TAMP_STAMP_IRQHandler                    0x0800212b   Thumb Code     0  startup_stm32f40xx.o(.text)
    TIM1_BRK_TIM9_IRQHandler                 0x0800212b   Thumb Code     0  startup_stm32f40xx.o(.text)
    TIM1_CC_IRQHandler                       0x0800212b   Thumb Code     0  startup_stm32f40xx.o(.text)
    TIM1_TRG_COM_TIM11_IRQHandler            0x0800212b   Thumb Code     0  startup_stm32f40xx.o(.text)
    TIM1_UP_TIM10_IRQHandler                 0x0800212b   Thumb Code     0  startup_stm32f40xx.o(.text)
    TIM2_IRQHandler                          0x0800212b   Thumb Code     0  startup_stm32f40xx.o(.text)
    TIM3_IRQHandler                          0x0800212b   Thumb Code     0  startup_stm32f40xx.o(.text)
    TIM5_IRQHandler                          0x0800212b   Thumb Code     0  startup_stm32f40xx.o(.text)
    TIM7_IRQHandler                          0x0800212b   Thumb Code     0  startup_stm32f40xx.o(.text)
    TIM8_BRK_TIM12_IRQHandler                0x0800212b   Thumb Code     0  startup_stm32f40xx.o(.text)
    TIM8_CC_IRQHandler                       0x0800212b   Thumb Code     0  startup_stm32f40xx.o(.text)
    TIM8_TRG_COM_TIM14_IRQHandler            0x0800212b   Thumb Code     0  startup_stm32f40xx.o(.text)
    TIM8_UP_TIM13_IRQHandler                 0x0800212b   Thumb Code     0  startup_stm32f40xx.o(.text)
    UART5_IRQHandler                         0x0800212b   Thumb Code     0  startup_stm32f40xx.o(.text)
    USART1_IRQHandler                        0x0800212b   Thumb Code     0  startup_stm32f40xx.o(.text)
    USART2_IRQHandler                        0x0800212b   Thumb Code     0  startup_stm32f40xx.o(.text)
    USART6_IRQHandler                        0x0800212b   Thumb Code     0  startup_stm32f40xx.o(.text)
    WWDG_IRQHandler                          0x0800212b   Thumb Code     0  startup_stm32f40xx.o(.text)
    __user_initial_stackheap                 0x0800212d   Thumb Code     0  startup_stm32f40xx.o(.text)
    NVIC_PriorityGroupConfig                 0x08002151   Thumb Code    10  misc.o(.text)
    NVIC_Init                                0x0800215b   Thumb Code   106  misc.o(.text)
    NVIC_SetVectorTable                      0x080021c5   Thumb Code    14  misc.o(.text)
    NVIC_SystemLPConfig                      0x080021d3   Thumb Code    34  misc.o(.text)
    SysTick_CLKSourceConfig                  0x080021f5   Thumb Code    40  misc.o(.text)
    ADC_DeInit                               0x08002231   Thumb Code    22  stm32f4xx_adc.o(.text)
    ADC_Init                                 0x08002247   Thumb Code    74  stm32f4xx_adc.o(.text)
    ADC_StructInit                           0x08002291   Thumb Code    20  stm32f4xx_adc.o(.text)
    ADC_CommonInit                           0x080022a5   Thumb Code    34  stm32f4xx_adc.o(.text)
    ADC_CommonStructInit                     0x080022c7   Thumb Code    12  stm32f4xx_adc.o(.text)
    ADC_Cmd                                  0x080022d3   Thumb Code    22  stm32f4xx_adc.o(.text)
    ADC_AnalogWatchdogCmd                    0x080022e9   Thumb Code    16  stm32f4xx_adc.o(.text)
    ADC_AnalogWatchdogThresholdsConfig       0x080022f9   Thumb Code     6  stm32f4xx_adc.o(.text)
    ADC_AnalogWatchdogSingleChannelConfig    0x080022ff   Thumb Code    16  stm32f4xx_adc.o(.text)
    ADC_TempSensorVrefintCmd                 0x0800230f   Thumb Code    34  stm32f4xx_adc.o(.text)
    ADC_VBATCmd                              0x08002331   Thumb Code    34  stm32f4xx_adc.o(.text)
    ADC_RegularChannelConfig                 0x08002353   Thumb Code   184  stm32f4xx_adc.o(.text)
    ADC_SoftwareStartConv                    0x0800240b   Thumb Code    10  stm32f4xx_adc.o(.text)
    ADC_GetSoftwareStartConvStatus           0x08002415   Thumb Code    20  stm32f4xx_adc.o(.text)
    ADC_EOCOnEachRegularChannelCmd           0x08002429   Thumb Code    22  stm32f4xx_adc.o(.text)
    ADC_ContinuousModeCmd                    0x0800243f   Thumb Code    22  stm32f4xx_adc.o(.text)
    ADC_DiscModeChannelCountConfig           0x08002455   Thumb Code    24  stm32f4xx_adc.o(.text)
    ADC_DiscModeCmd                          0x0800246d   Thumb Code    22  stm32f4xx_adc.o(.text)
    ADC_GetConversionValue                   0x08002483   Thumb Code     8  stm32f4xx_adc.o(.text)
    ADC_GetMultiModeConversionValue          0x0800248b   Thumb Code     8  stm32f4xx_adc.o(.text)
    ADC_DMACmd                               0x08002493   Thumb Code    22  stm32f4xx_adc.o(.text)
    ADC_DMARequestAfterLastTransferCmd       0x080024a9   Thumb Code    22  stm32f4xx_adc.o(.text)
    ADC_MultiModeDMARequestAfterLastTransferCmd 0x080024bf   Thumb Code    34  stm32f4xx_adc.o(.text)
    ADC_InjectedChannelConfig                0x080024e1   Thumb Code   130  stm32f4xx_adc.o(.text)
    ADC_InjectedSequencerLengthConfig        0x08002563   Thumb Code    24  stm32f4xx_adc.o(.text)
    ADC_SetInjectedOffset                    0x0800257b   Thumb Code    20  stm32f4xx_adc.o(.text)
    ADC_ExternalTrigInjectedConvConfig       0x0800258f   Thumb Code    16  stm32f4xx_adc.o(.text)
    ADC_ExternalTrigInjectedConvEdgeConfig   0x0800259f   Thumb Code    16  stm32f4xx_adc.o(.text)
    ADC_SoftwareStartInjectedConv            0x080025af   Thumb Code    10  stm32f4xx_adc.o(.text)
    ADC_GetSoftwareStartInjectedConvCmdStatus 0x080025b9   Thumb Code    20  stm32f4xx_adc.o(.text)
    ADC_AutoInjectedConvCmd                  0x080025cd   Thumb Code    22  stm32f4xx_adc.o(.text)
    ADC_InjectedDiscModeCmd                  0x080025e3   Thumb Code    22  stm32f4xx_adc.o(.text)
    ADC_GetInjectedConversionValue           0x080025f9   Thumb Code    28  stm32f4xx_adc.o(.text)
    ADC_ITConfig                             0x08002615   Thumb Code    56  stm32f4xx_adc.o(.text)
    ADC_GetFlagStatus                        0x0800264d   Thumb Code    18  stm32f4xx_adc.o(.text)
    ADC_ClearFlag                            0x0800265f   Thumb Code     6  stm32f4xx_adc.o(.text)
    ADC_GetITStatus                          0x08002665   Thumb Code    38  stm32f4xx_adc.o(.text)
    ADC_ClearITPendingBit                    0x0800268b   Thumb Code    10  stm32f4xx_adc.o(.text)
    CAN_DeInit                               0x08002695   Thumb Code    50  stm32f4xx_can.o(.text)
    CAN_Init                                 0x080026c7   Thumb Code   276  stm32f4xx_can.o(.text)
    CAN_FilterInit                           0x080027db   Thumb Code   258  stm32f4xx_can.o(.text)
    CAN_StructInit                           0x080028dd   Thumb Code    32  stm32f4xx_can.o(.text)
    CAN_SlaveStartBank                       0x080028fd   Thumb Code    48  stm32f4xx_can.o(.text)
    CAN_DBGFreeze                            0x0800292d   Thumb Code    22  stm32f4xx_can.o(.text)
    CAN_TTComModeCmd                         0x08002943   Thumb Code   118  stm32f4xx_can.o(.text)
    CAN_Transmit                             0x080029b9   Thumb Code   304  stm32f4xx_can.o(.text)
    CAN_TransmitStatus                       0x08002ae9   Thumb Code   138  stm32f4xx_can.o(.text)
    CAN_CancelTransmit                       0x08002b73   Thumb Code    48  stm32f4xx_can.o(.text)
    CAN_Receive                              0x08002ba3   Thumb Code   240  stm32f4xx_can.o(.text)
    CAN_FIFORelease                          0x08002c93   Thumb Code    22  stm32f4xx_can.o(.text)
    CAN_MessagePending                       0x08002ca9   Thumb Code    30  stm32f4xx_can.o(.text)
    CAN_OperatingModeRequest                 0x08002cc7   Thumb Code   162  stm32f4xx_can.o(.text)
    CAN_Sleep                                0x08002d69   Thumb Code    30  stm32f4xx_can.o(.text)
    CAN_WakeUp                               0x08002d87   Thumb Code    48  stm32f4xx_can.o(.text)
    CAN_GetLastErrorCode                     0x08002db7   Thumb Code    12  stm32f4xx_can.o(.text)
    CAN_GetReceiveErrorCounter               0x08002dc3   Thumb Code    10  stm32f4xx_can.o(.text)
    CAN_GetLSBTransmitErrorCounter           0x08002dcd   Thumb Code    12  stm32f4xx_can.o(.text)
    CAN_ITConfig                             0x08002dd9   Thumb Code    18  stm32f4xx_can.o(.text)
    CAN_GetFlagStatus                        0x08002deb   Thumb Code   120  stm32f4xx_can.o(.text)
    CAN_ClearFlag                            0x08002e63   Thumb Code    52  stm32f4xx_can.o(.text)
    CAN_GetITStatus                          0x08002ea9   Thumb Code   310  stm32f4xx_can.o(.text)
    CAN_ClearITPendingBit                    0x08002fdf   Thumb Code   162  stm32f4xx_can.o(.text)
    GPIO_DeInit                              0x08003085   Thumb Code   268  stm32f4xx_gpio.o(.text)
    GPIO_Init                                0x08003191   Thumb Code   144  stm32f4xx_gpio.o(.text)
    GPIO_StructInit                          0x08003221   Thumb Code    18  stm32f4xx_gpio.o(.text)
    GPIO_PinLockConfig                       0x08003233   Thumb Code    34  stm32f4xx_gpio.o(.text)
    GPIO_ReadInputDataBit                    0x08003255   Thumb Code    18  stm32f4xx_gpio.o(.text)
    GPIO_ReadInputData                       0x08003267   Thumb Code     8  stm32f4xx_gpio.o(.text)
    GPIO_ReadOutputDataBit                   0x0800326f   Thumb Code    18  stm32f4xx_gpio.o(.text)
    GPIO_ReadOutputData                      0x08003281   Thumb Code     8  stm32f4xx_gpio.o(.text)
    GPIO_SetBits                             0x08003289   Thumb Code     4  stm32f4xx_gpio.o(.text)
    GPIO_ResetBits                           0x0800328d   Thumb Code     4  stm32f4xx_gpio.o(.text)
    GPIO_WriteBit                            0x08003291   Thumb Code    10  stm32f4xx_gpio.o(.text)
    GPIO_Write                               0x0800329b   Thumb Code     4  stm32f4xx_gpio.o(.text)
    GPIO_ToggleBits                          0x0800329f   Thumb Code     8  stm32f4xx_gpio.o(.text)
    GPIO_PinAFConfig                         0x080032a7   Thumb Code    70  stm32f4xx_gpio.o(.text)
    RCC_DeInit                               0x08003319   Thumb Code    82  stm32f4xx_rcc.o(.text)
    RCC_HSEConfig                            0x0800336b   Thumb Code    14  stm32f4xx_rcc.o(.text)
    RCC_GetFlagStatus                        0x08003379   Thumb Code    60  stm32f4xx_rcc.o(.text)
    RCC_WaitForHSEStartUp                    0x080033b5   Thumb Code    56  stm32f4xx_rcc.o(.text)
    RCC_AdjustHSICalibrationValue            0x080033ed   Thumb Code    20  stm32f4xx_rcc.o(.text)
    RCC_HSICmd                               0x08003401   Thumb Code     6  stm32f4xx_rcc.o(.text)
    RCC_LSEConfig                            0x08003407   Thumb Code    46  stm32f4xx_rcc.o(.text)
    RCC_LSICmd                               0x08003435   Thumb Code     6  stm32f4xx_rcc.o(.text)
    RCC_PLLConfig                            0x0800343b   Thumb Code    32  stm32f4xx_rcc.o(.text)
    RCC_PLLCmd                               0x0800345b   Thumb Code     6  stm32f4xx_rcc.o(.text)
    RCC_PLLI2SConfig                         0x08003461   Thumb Code    14  stm32f4xx_rcc.o(.text)
    RCC_PLLI2SCmd                            0x0800346f   Thumb Code     6  stm32f4xx_rcc.o(.text)
    RCC_PLLSAIConfig                         0x08003475   Thumb Code    20  stm32f4xx_rcc.o(.text)
    RCC_PLLSAICmd                            0x08003489   Thumb Code     6  stm32f4xx_rcc.o(.text)
    RCC_ClockSecuritySystemCmd               0x0800348f   Thumb Code     6  stm32f4xx_rcc.o(.text)
    RCC_MCO1Config                           0x08003495   Thumb Code    28  stm32f4xx_rcc.o(.text)
    RCC_MCO2Config                           0x080034b1   Thumb Code    28  stm32f4xx_rcc.o(.text)
    RCC_SYSCLKConfig                         0x080034cd   Thumb Code    20  stm32f4xx_rcc.o(.text)
    RCC_GetSYSCLKSource                      0x080034e1   Thumb Code    12  stm32f4xx_rcc.o(.text)
    RCC_HCLKConfig                           0x080034ed   Thumb Code    20  stm32f4xx_rcc.o(.text)
    RCC_PCLK1Config                          0x08003501   Thumb Code    20  stm32f4xx_rcc.o(.text)
    RCC_PCLK2Config                          0x08003515   Thumb Code    22  stm32f4xx_rcc.o(.text)
    RCC_GetClocksFreq                        0x0800352b   Thumb Code   222  stm32f4xx_rcc.o(.text)
    RCC_RTCCLKConfig                         0x08003609   Thumb Code    54  stm32f4xx_rcc.o(.text)
    RCC_RTCCLKCmd                            0x0800363f   Thumb Code     8  stm32f4xx_rcc.o(.text)
    RCC_BackupResetCmd                       0x08003647   Thumb Code     8  stm32f4xx_rcc.o(.text)
    RCC_I2SCLKConfig                         0x0800364f   Thumb Code     6  stm32f4xx_rcc.o(.text)
    RCC_SAIPLLI2SClkDivConfig                0x08003655   Thumb Code    26  stm32f4xx_rcc.o(.text)
    RCC_SAIPLLSAIClkDivConfig                0x0800366f   Thumb Code    28  stm32f4xx_rcc.o(.text)
    RCC_SAIBlockACLKConfig                   0x0800368b   Thumb Code    20  stm32f4xx_rcc.o(.text)
    RCC_SAIBlockBCLKConfig                   0x0800369f   Thumb Code    20  stm32f4xx_rcc.o(.text)
    RCC_LTDCCLKDivConfig                     0x080036b3   Thumb Code    20  stm32f4xx_rcc.o(.text)
    RCC_TIMCLKPresConfig                     0x080036c7   Thumb Code     6  stm32f4xx_rcc.o(.text)
    RCC_AHB1PeriphClockCmd                   0x080036cd   Thumb Code    34  stm32f4xx_rcc.o(.text)
    RCC_AHB2PeriphClockCmd                   0x080036ef   Thumb Code    78  stm32f4xx_rcc.o(.text)
    RCC_AHB3PeriphClockCmd                   0x0800373d   Thumb Code    34  stm32f4xx_rcc.o(.text)
    RCC_APB1PeriphClockCmd                   0x0800375f   Thumb Code    34  stm32f4xx_rcc.o(.text)
    RCC_APB2PeriphClockCmd                   0x08003781   Thumb Code    34  stm32f4xx_rcc.o(.text)
    RCC_AHB1PeriphResetCmd                   0x080037a3   Thumb Code    34  stm32f4xx_rcc.o(.text)
    RCC_AHB2PeriphResetCmd                   0x080037c5   Thumb Code    34  stm32f4xx_rcc.o(.text)
    RCC_AHB3PeriphResetCmd                   0x080037e7   Thumb Code    34  stm32f4xx_rcc.o(.text)
    RCC_APB1PeriphResetCmd                   0x08003809   Thumb Code    34  stm32f4xx_rcc.o(.text)
    RCC_APB2PeriphResetCmd                   0x0800382b   Thumb Code    34  stm32f4xx_rcc.o(.text)
    RCC_AHB1PeriphClockLPModeCmd             0x0800384d   Thumb Code    34  stm32f4xx_rcc.o(.text)
    RCC_AHB2PeriphClockLPModeCmd             0x0800386f   Thumb Code    34  stm32f4xx_rcc.o(.text)
    RCC_AHB3PeriphClockLPModeCmd             0x08003891   Thumb Code    34  stm32f4xx_rcc.o(.text)
    RCC_APB1PeriphClockLPModeCmd             0x080038b3   Thumb Code    34  stm32f4xx_rcc.o(.text)
    RCC_APB2PeriphClockLPModeCmd             0x080038d5   Thumb Code    34  stm32f4xx_rcc.o(.text)
    RCC_LSEModeConfig                        0x080038f7   Thumb Code    40  stm32f4xx_rcc.o(.text)
    RCC_ITConfig                             0x0800391f   Thumb Code    34  stm32f4xx_rcc.o(.text)
    RCC_ClearFlag                            0x08003941   Thumb Code    18  stm32f4xx_rcc.o(.text)
    RCC_GetITStatus                          0x08003953   Thumb Code    22  stm32f4xx_rcc.o(.text)
    RCC_ClearITPendingBit                    0x08003969   Thumb Code     8  stm32f4xx_rcc.o(.text)
    SPI_I2S_DeInit                           0x08003975   Thumb Code   152  stm32f4xx_spi.o(.text)
    SPI_Init                                 0x08003a0d   Thumb Code    60  stm32f4xx_spi.o(.text)
    I2S_Init                                 0x08003a49   Thumb Code   396  stm32f4xx_spi.o(.text)
    SPI_StructInit                           0x08003bd5   Thumb Code    24  stm32f4xx_spi.o(.text)
    I2S_StructInit                           0x08003bed   Thumb Code    20  stm32f4xx_spi.o(.text)
    SPI_Cmd                                  0x08003c01   Thumb Code    24  stm32f4xx_spi.o(.text)
    I2S_Cmd                                  0x08003c19   Thumb Code    24  stm32f4xx_spi.o(.text)
    SPI_DataSizeConfig                       0x08003c31   Thumb Code    18  stm32f4xx_spi.o(.text)
    SPI_BiDirectionalLineConfig              0x08003c43   Thumb Code    28  stm32f4xx_spi.o(.text)
    SPI_NSSInternalSoftwareConfig            0x08003c5f   Thumb Code    30  stm32f4xx_spi.o(.text)
    SPI_SSOutputCmd                          0x08003c7d   Thumb Code    24  stm32f4xx_spi.o(.text)
    SPI_TIModeCmd                            0x08003c95   Thumb Code    24  stm32f4xx_spi.o(.text)
    I2S_FullDuplexConfig                     0x08003cad   Thumb Code    80  stm32f4xx_spi.o(.text)
    SPI_I2S_ReceiveData                      0x08003cfd   Thumb Code     6  stm32f4xx_spi.o(.text)
    SPI_I2S_SendData                         0x08003d03   Thumb Code     4  stm32f4xx_spi.o(.text)
    SPI_CalculateCRC                         0x08003d07   Thumb Code    24  stm32f4xx_spi.o(.text)
    SPI_TransmitCRC                          0x08003d1f   Thumb Code    10  stm32f4xx_spi.o(.text)
    SPI_GetCRC                               0x08003d29   Thumb Code    16  stm32f4xx_spi.o(.text)
    SPI_GetCRCPolynomial                     0x08003d39   Thumb Code     6  stm32f4xx_spi.o(.text)
    SPI_I2S_DMACmd                           0x08003d3f   Thumb Code    18  stm32f4xx_spi.o(.text)
    SPI_I2S_ITConfig                         0x08003d51   Thumb Code    68  stm32f4xx_spi.o(.text)
    SPI_I2S_GetFlagStatus                    0x08003d95   Thumb Code    18  stm32f4xx_spi.o(.text)
    SPI_I2S_ClearFlag                        0x08003da7   Thumb Code     6  stm32f4xx_spi.o(.text)
    SPI_I2S_GetITStatus                      0x08003dad   Thumb Code    52  stm32f4xx_spi.o(.text)
    SPI_I2S_ClearITPendingBit                0x08003de1   Thumb Code    20  stm32f4xx_spi.o(.text)
    TIM_DeInit                               0x08003df5   Thumb Code   346  stm32f4xx_tim.o(.text)
    TIM_TimeBaseInit                         0x08003f4f   Thumb Code   104  stm32f4xx_tim.o(.text)
    TIM_TimeBaseStructInit                   0x08003fb7   Thumb Code    18  stm32f4xx_tim.o(.text)
    TIM_PrescalerConfig                      0x08003fc9   Thumb Code     6  stm32f4xx_tim.o(.text)
    TIM_CounterModeConfig                    0x08003fcf   Thumb Code    18  stm32f4xx_tim.o(.text)
    TIM_SetCounter                           0x08003fe1   Thumb Code     4  stm32f4xx_tim.o(.text)
    TIM_SetAutoreload                        0x08003fe5   Thumb Code     4  stm32f4xx_tim.o(.text)
    TIM_GetCounter                           0x08003fe9   Thumb Code     6  stm32f4xx_tim.o(.text)
    TIM_GetPrescaler                         0x08003fef   Thumb Code     6  stm32f4xx_tim.o(.text)
    TIM_UpdateDisableConfig                  0x08003ff5   Thumb Code    24  stm32f4xx_tim.o(.text)
    TIM_UpdateRequestConfig                  0x0800400d   Thumb Code    24  stm32f4xx_tim.o(.text)
    TIM_ARRPreloadConfig                     0x08004025   Thumb Code    24  stm32f4xx_tim.o(.text)
    TIM_SelectOnePulseMode                   0x0800403d   Thumb Code    18  stm32f4xx_tim.o(.text)
    TIM_SetClockDivision                     0x0800404f   Thumb Code    18  stm32f4xx_tim.o(.text)
    TIM_Cmd                                  0x08004061   Thumb Code    24  stm32f4xx_tim.o(.text)
    TIM_OC1Init                              0x08004079   Thumb Code   114  stm32f4xx_tim.o(.text)
    TIM_OC2Init                              0x080040eb   Thumb Code   154  stm32f4xx_tim.o(.text)
    TIM_OC3Init                              0x08004185   Thumb Code   204  stm32f4xx_tim.o(.text)
    TIM_OC4Init                              0x08004251   Thumb Code   112  stm32f4xx_tim.o(.text)
    TIM_OCStructInit                         0x080042c1   Thumb Code    20  stm32f4xx_tim.o(.text)
    TIM_SelectOCxM                           0x080042d5   Thumb Code    86  stm32f4xx_tim.o(.text)
    TIM_SetCompare1                          0x0800432b   Thumb Code     4  stm32f4xx_tim.o(.text)
    TIM_SetCompare2                          0x0800432f   Thumb Code     4  stm32f4xx_tim.o(.text)
    TIM_SetCompare3                          0x08004333   Thumb Code     4  stm32f4xx_tim.o(.text)
    TIM_SetCompare4                          0x08004337   Thumb Code     4  stm32f4xx_tim.o(.text)
    TIM_ForcedOC1Config                      0x0800433b   Thumb Code    18  stm32f4xx_tim.o(.text)
    TIM_ForcedOC2Config                      0x0800434d   Thumb Code    26  stm32f4xx_tim.o(.text)
    TIM_ForcedOC3Config                      0x08004367   Thumb Code    18  stm32f4xx_tim.o(.text)
    TIM_ForcedOC4Config                      0x08004379   Thumb Code    26  stm32f4xx_tim.o(.text)
    TIM_OC1PreloadConfig                     0x08004393   Thumb Code    18  stm32f4xx_tim.o(.text)
    TIM_OC2PreloadConfig                     0x080043a5   Thumb Code    26  stm32f4xx_tim.o(.text)
    TIM_OC3PreloadConfig                     0x080043bf   Thumb Code    18  stm32f4xx_tim.o(.text)
    TIM_OC4PreloadConfig                     0x080043d1   Thumb Code    26  stm32f4xx_tim.o(.text)
    TIM_OC1FastConfig                        0x080043eb   Thumb Code    18  stm32f4xx_tim.o(.text)
    TIM_OC2FastConfig                        0x080043fd   Thumb Code    26  stm32f4xx_tim.o(.text)
    TIM_OC3FastConfig                        0x08004417   Thumb Code    18  stm32f4xx_tim.o(.text)
    TIM_OC4FastConfig                        0x08004429   Thumb Code    26  stm32f4xx_tim.o(.text)
    TIM_ClearOC1Ref                          0x08004443   Thumb Code    18  stm32f4xx_tim.o(.text)
    TIM_ClearOC2Ref                          0x08004455   Thumb Code    24  stm32f4xx_tim.o(.text)
    TIM_ClearOC3Ref                          0x0800446d   Thumb Code    18  stm32f4xx_tim.o(.text)
    TIM_ClearOC4Ref                          0x0800447f   Thumb Code    24  stm32f4xx_tim.o(.text)
    TIM_OC1PolarityConfig                    0x08004497   Thumb Code    18  stm32f4xx_tim.o(.text)
    TIM_OC1NPolarityConfig                   0x080044a9   Thumb Code    18  stm32f4xx_tim.o(.text)
    TIM_OC2PolarityConfig                    0x080044bb   Thumb Code    26  stm32f4xx_tim.o(.text)
    TIM_OC2NPolarityConfig                   0x080044d5   Thumb Code    26  stm32f4xx_tim.o(.text)
    TIM_OC3PolarityConfig                    0x080044ef   Thumb Code    26  stm32f4xx_tim.o(.text)
    TIM_OC3NPolarityConfig                   0x08004509   Thumb Code    26  stm32f4xx_tim.o(.text)
    TIM_OC4PolarityConfig                    0x08004523   Thumb Code    26  stm32f4xx_tim.o(.text)
    TIM_CCxCmd                               0x0800453d   Thumb Code    30  stm32f4xx_tim.o(.text)
    TIM_CCxNCmd                              0x0800455b   Thumb Code    30  stm32f4xx_tim.o(.text)
    TIM_SetIC4Prescaler                      0x08004579   Thumb Code    26  stm32f4xx_tim.o(.text)
    TIM_SetIC3Prescaler                      0x080045e3   Thumb Code    18  stm32f4xx_tim.o(.text)
    TIM_SetIC2Prescaler                      0x0800463d   Thumb Code    26  stm32f4xx_tim.o(.text)
    TIM_SetIC1Prescaler                      0x080046b1   Thumb Code    18  stm32f4xx_tim.o(.text)
    TIM_ICInit                               0x080046fd   Thumb Code   110  stm32f4xx_tim.o(.text)
    TIM_ICStructInit                         0x0800476b   Thumb Code    18  stm32f4xx_tim.o(.text)
    TIM_PWMIConfig                           0x0800477d   Thumb Code   124  stm32f4xx_tim.o(.text)
    TIM_GetCapture1                          0x080047f9   Thumb Code     6  stm32f4xx_tim.o(.text)
    TIM_GetCapture2                          0x080047ff   Thumb Code     6  stm32f4xx_tim.o(.text)
    TIM_GetCapture3                          0x08004805   Thumb Code     6  stm32f4xx_tim.o(.text)
    TIM_GetCapture4                          0x0800480b   Thumb Code     6  stm32f4xx_tim.o(.text)
    TIM_BDTRConfig                           0x08004811   Thumb Code    32  stm32f4xx_tim.o(.text)
    TIM_BDTRStructInit                       0x08004831   Thumb Code    18  stm32f4xx_tim.o(.text)
    TIM_CtrlPWMOutputs                       0x08004843   Thumb Code    30  stm32f4xx_tim.o(.text)
    TIM_SelectCOM                            0x08004861   Thumb Code    24  stm32f4xx_tim.o(.text)
    TIM_CCPreloadControl                     0x08004879   Thumb Code    24  stm32f4xx_tim.o(.text)
    TIM_ITConfig                             0x08004891   Thumb Code    18  stm32f4xx_tim.o(.text)
    TIM_GenerateEvent                        0x080048a3   Thumb Code     4  stm32f4xx_tim.o(.text)
    TIM_GetFlagStatus                        0x080048a7   Thumb Code    18  stm32f4xx_tim.o(.text)
    TIM_ClearFlag                            0x080048b9   Thumb Code     6  stm32f4xx_tim.o(.text)
    TIM_GetITStatus                          0x080048bf   Thumb Code    34  stm32f4xx_tim.o(.text)
    TIM_ClearITPendingBit                    0x080048e1   Thumb Code     6  stm32f4xx_tim.o(.text)
    TIM_DMAConfig                            0x080048e7   Thumb Code    10  stm32f4xx_tim.o(.text)
    TIM_DMACmd                               0x080048f1   Thumb Code    18  stm32f4xx_tim.o(.text)
    TIM_SelectCCDMA                          0x08004903   Thumb Code    24  stm32f4xx_tim.o(.text)
    TIM_InternalClockConfig                  0x0800491b   Thumb Code    12  stm32f4xx_tim.o(.text)
    TIM_SelectInputTrigger                   0x08004927   Thumb Code    18  stm32f4xx_tim.o(.text)
    TIM_ITRxExternalClockConfig              0x08004939   Thumb Code    24  stm32f4xx_tim.o(.text)
    TIM_TIxExternalClockConfig               0x08004951   Thumb Code    62  stm32f4xx_tim.o(.text)
    TIM_ETRConfig                            0x0800498f   Thumb Code    28  stm32f4xx_tim.o(.text)
    TIM_ETRClockMode1Config                  0x080049ab   Thumb Code    54  stm32f4xx_tim.o(.text)
    TIM_ETRClockMode2Config                  0x080049e1   Thumb Code    32  stm32f4xx_tim.o(.text)
    TIM_SelectOutputTrigger                  0x08004a01   Thumb Code    18  stm32f4xx_tim.o(.text)
    TIM_SelectSlaveMode                      0x08004a13   Thumb Code    18  stm32f4xx_tim.o(.text)
    TIM_SelectMasterSlaveMode                0x08004a25   Thumb Code    18  stm32f4xx_tim.o(.text)
    TIM_EncoderInterfaceConfig               0x08004a37   Thumb Code    66  stm32f4xx_tim.o(.text)
    TIM_SelectHallSensor                     0x08004a79   Thumb Code    24  stm32f4xx_tim.o(.text)
    TIM_RemapConfig                          0x08004a91   Thumb Code     6  stm32f4xx_tim.o(.text)
    USART_DeInit                             0x08004a99   Thumb Code   206  stm32f4xx_usart.o(.text)
    USART_Init                               0x08004b67   Thumb Code   204  stm32f4xx_usart.o(.text)
    USART_StructInit                         0x08004c33   Thumb Code    24  stm32f4xx_usart.o(.text)
    USART_ClockInit                          0x08004c4b   Thumb Code    32  stm32f4xx_usart.o(.text)
    USART_ClockStructInit                    0x08004c6b   Thumb Code    12  stm32f4xx_usart.o(.text)
    USART_Cmd                                0x08004c77   Thumb Code    24  stm32f4xx_usart.o(.text)
    USART_SetPrescaler                       0x08004c8f   Thumb Code    16  stm32f4xx_usart.o(.text)
    USART_OverSampling8Cmd                   0x08004c9f   Thumb Code    22  stm32f4xx_usart.o(.text)
    USART_OneBitMethodCmd                    0x08004cb5   Thumb Code    24  stm32f4xx_usart.o(.text)
    USART_SendData                           0x08004ccd   Thumb Code     8  stm32f4xx_usart.o(.text)
    USART_ReceiveData                        0x08004cd5   Thumb Code    10  stm32f4xx_usart.o(.text)
    USART_SetAddress                         0x08004cdf   Thumb Code    18  stm32f4xx_usart.o(.text)
    USART_ReceiverWakeUpCmd                  0x08004cf1   Thumb Code    24  stm32f4xx_usart.o(.text)
    USART_WakeUpConfig                       0x08004d09   Thumb Code    18  stm32f4xx_usart.o(.text)
    USART_LINBreakDetectLengthConfig         0x08004d1b   Thumb Code    18  stm32f4xx_usart.o(.text)
    USART_LINCmd                             0x08004d2d   Thumb Code    24  stm32f4xx_usart.o(.text)
    USART_SendBreak                          0x08004d45   Thumb Code    10  stm32f4xx_usart.o(.text)
    USART_HalfDuplexCmd                      0x08004d4f   Thumb Code    24  stm32f4xx_usart.o(.text)
    USART_SetGuardTime                       0x08004d67   Thumb Code    16  stm32f4xx_usart.o(.text)
    USART_SmartCardCmd                       0x08004d77   Thumb Code    24  stm32f4xx_usart.o(.text)
    USART_SmartCardNACKCmd                   0x08004d8f   Thumb Code    24  stm32f4xx_usart.o(.text)
    USART_IrDAConfig                         0x08004da7   Thumb Code    18  stm32f4xx_usart.o(.text)
    USART_IrDACmd                            0x08004db9   Thumb Code    24  stm32f4xx_usart.o(.text)
    USART_DMACmd                             0x08004dd1   Thumb Code    18  stm32f4xx_usart.o(.text)
    USART_ITConfig                           0x08004de3   Thumb Code    74  stm32f4xx_usart.o(.text)
    USART_GetFlagStatus                      0x08004e2d   Thumb Code    26  stm32f4xx_usart.o(.text)
    USART_ClearFlag                          0x08004e47   Thumb Code    18  stm32f4xx_usart.o(.text)
    USART_GetITStatus                        0x08004e59   Thumb Code   118  stm32f4xx_usart.o(.text)
    USART_ClearITPendingBit                  0x08004ecf   Thumb Code    30  stm32f4xx_usart.o(.text)
    cmdlen                                   0x08004eed   Thumb Code    24  cli.o(.text)
    string2number                            0x08004f05   Thumb Code   982  cli.o(.text)
    checkNumbers                             0x080052db   Thumb Code   200  cli.o(.text)
    createCommandList                        0x080053a3   Thumb Code    10  cli.o(.text)
    addCommandToList                         0x080053ad   Thumb Code     2  cli.o(.text)
    findCommandInList                        0x080053af   Thumb Code  4132  cli.o(.text)
    SIN                                      0x0800652d   Thumb Code    34  cloop.o(.text)
    COS                                      0x0800654f   Thumb Code    36  cloop.o(.text)
    ATAN                                     0x08006573   Thumb Code   372  cloop.o(.text)
    currentLoopInit                          0x080066e7   Thumb Code    94  cloop.o(.text)
    runSVPWM                                 0x08006745   Thumb Code  1542  cloop.o(.text)
    cloopTuning                              0x08006d4b   Thumb Code   154  cloop.o(.text)
    currentLoop                              0x08006de5   Thumb Code   804  cloop.o(.text)
    testSVPWMTask                            0x08007109   Thumb Code   180  cloop.o(.text)
    test_cloopTask                           0x080071bd   Thumb Code    26  cloop.o(.text)
    vPI_Init                                 0x080071d9   Thumb Code    38  vloop.o(.text)
    vloopTuning                              0x080071ff   Thumb Code    78  vloop.o(.text)
    vloopControl                             0x0800724d   Thumb Code   180  vloop.o(.text)
    evenParity                               0x0800731d   Thumb Code    60  as5047d.o(.text)
    asSend                                   0x08007359   Thumb Code    18  as5047d.o(.text)
    asWrite                                  0x0800736b   Thumb Code    24  as5047d.o(.text)
    asRead                                   0x08007383   Thumb Code    22  as5047d.o(.text)
    getEncoderValue                          0x08007399   Thumb Code    24  as5047d.o(.text)
    as5047dTask                              0x080073b1   Thumb Code    38  as5047d.o(.text)
    getTemp                                  0x080073e1   Thumb Code    12  tempture.o(.text)
    temptureTestTask                         0x080073ed   Thumb Code    24  tempture.o(.text)
    getVoltage                               0x08007411   Thumb Code    48  voltage.o(.text)
    voltageTestTask                          0x08007441   Thumb Code    24  voltage.o(.text)
    ADC_Configuration                        0x08007469   Thumb Code   256  ad.o(.text)
    ADC_IRQHandler                           0x08007569   Thumb Code    50  ad.o(.text)
    CANMessageQueueInit                      0x080075d9   Thumb Code     8  can.o(.text)
    TIM4_Configuration                       0x080075e1   Thumb Code    98  can.o(.text)
    CAN_Configuration                        0x08007643   Thumb Code   296  can.o(.text)
    CANSendCmd                               0x0800776b   Thumb Code    50  can.o(.text)
    CAN_SendToQueue                          0x0800779d   Thumb Code    58  can.o(.text)
    CAN_send                                 0x080077d7   Thumb Code    94  can.o(.text)
    ReceiveData                              0x08007835   Thumb Code   232  can.o(.text)
    TIM4_IRQHandler                          0x0800791d   Thumb Code    38  can.o(.text)
    CAN1_RX0_IRQHandler                      0x08007943   Thumb Code    28  can.o(.text)
    EncoderObjInit                           0x080079c9   Thumb Code    22  encoder.o(.text)
    TIM6_Configuration                       0x080079df   Thumb Code    98  encoder.o(.text)
    Encoder_Configuration                    0x08007a41   Thumb Code   134  encoder.o(.text)
    USART4_Configuration                     0x08007ac7   Thumb Code   226  encoder.o(.text)
    UART4_IRQHandler                         0x08007ba9   Thumb Code   296  encoder.o(.text)
    TIM6_DAC_IRQHandler                      0x08007cd1   Thumb Code   268  encoder.o(.text)
    pwmConfiguration                         0x08007ddd   Thumb Code   368  pwm.o(.text)
    testPWMTask                              0x08007f4d   Thumb Code   384  pwm.o(.text)
    sciConfiguration                         0x080080dd   Thumb Code   276  sci.o(.text)
    sciSendChar                              0x080081f1   Thumb Code    24  sci.o(.text)
    sciSendHalfword                          0x08008209   Thumb Code    34  sci.o(.text)
    sciSendWord                              0x0800822b   Thumb Code    60  sci.o(.text)
    sciSendString                            0x08008267   Thumb Code    26  sci.o(.text)
    int2String                               0x08008281   Thumb Code   158  sci.o(.text)
    float2String                             0x0800831f   Thumb Code   392  sci.o(.text)
    hex2String                               0x080084a7   Thumb Code   236  sci.o(.text)
    USART3_IRQHandler                        0x08008593   Thumb Code   124  sci.o(.text)
    sciSendTask                              0x0800860f   Thumb Code    92  sci.o(.text)
    CLITask                                  0x0800866b   Thumb Code    72  sci.o(.text)
    ledObjInit                               0x080086fd   Thumb Code    16  led.o(.text)
    delay_ms                                 0x0800870d   Thumb Code    26  led.o(.text)
    FLASHING_Once                            0x08008727   Thumb Code    38  led.o(.text)
    LED_Configuration                        0x0800874d   Thumb Code   134  led.o(.text)
    LedOn                                    0x080087d3   Thumb Code   112  led.o(.text)
    LedOff                                   0x08008843   Thumb Code    60  led.o(.text)
    ledTask                                  0x0800887f   Thumb Code   124  led.o(.text)
    LEDALLOFF                                0x080088fb   Thumb Code    38  led.o(.text)
    SPI1_Init                                0x0800892d   Thumb Code   232  spi.o(.text)
    SPI_SEND                                 0x08008a15   Thumb Code    68  spi.o(.text)
    SPI_READ                                 0x08008a59   Thumb Code   130  spi.o(.text)
    strlen                                   0x08008ae5   Thumb Code    62  strlen.o(.text)
    __aeabi_memcpy                           0x08008b23   Thumb Code     0  rt_memcpy_v6.o(.text)
    __rt_memcpy                              0x08008b23   Thumb Code   138  rt_memcpy_v6.o(.text)
    _memcpy_lastbytes                        0x08008b89   Thumb Code     0  rt_memcpy_v6.o(.text)
    __aeabi_memcpy4                          0x08008bad   Thumb Code     0  rt_memcpy_w.o(.text)
    __aeabi_memcpy8                          0x08008bad   Thumb Code     0  rt_memcpy_w.o(.text)
    __rt_memcpy_w                            0x08008bad   Thumb Code   100  rt_memcpy_w.o(.text)
    _memcpy_lastbytes_aligned                0x08008bf5   Thumb Code     0  rt_memcpy_w.o(.text)
    strcmp                                   0x08008c11   Thumb Code   128  strcmpv7m.o(.text)
    __use_two_region_memory                  0x08008c91   Thumb Code     2  heapauxi.o(.text)
    __rt_heap_escrow$2region                 0x08008c93   Thumb Code     2  heapauxi.o(.text)
    __rt_heap_expand$2region                 0x08008c95   Thumb Code     2  heapauxi.o(.text)
    __read_errno                             0x08008c97   Thumb Code    10  _rserrno.o(.text)
    __set_errno                              0x08008ca1   Thumb Code    12  _rserrno.o(.text)
    __aeabi_errno_addr                       0x08008cad   Thumb Code     8  rt_errno_addr_intlibspace.o(.text)
    __errno$intlibspace                      0x08008cad   Thumb Code     0  rt_errno_addr_intlibspace.o(.text)
    __rt_errno_addr$intlibspace              0x08008cad   Thumb Code     0  rt_errno_addr_intlibspace.o(.text)
    __user_libspace                          0x08008cb5   Thumb Code     8  libspace.o(.text)
    __user_perproc_libspace                  0x08008cb5   Thumb Code     0  libspace.o(.text)
    __user_perthread_libspace                0x08008cb5   Thumb Code     0  libspace.o(.text)
    __user_setup_stackheap                   0x08008cbd   Thumb Code    74  sys_stackheap_outer.o(.text)
    exit                                     0x08008d07   Thumb Code    12  exit.o(.text)
    _sys_exit                                0x08008d15   Thumb Code     8  sys_exit.o(.text)
    __I$use$semihosting                      0x08008d21   Thumb Code     0  use_no_semi.o(.text)
    __use_no_semihosting_swi                 0x08008d21   Thumb Code     2  use_no_semi.o(.text)
    __ARM_fpclassify                         0x08008d23   Thumb Code    48  fpclassify.o(i.__ARM_fpclassify)
    __semihosting_library_function           0x08008d23   Thumb Code     0  indicate_semi.o(.text)
    __hardfp_pow                             0x08008d59   Thumb Code  3048  pow.o(i.__hardfp_pow)
    __hardfp_sqrt                            0x08009991   Thumb Code   122  sqrt.o(i.__hardfp_sqrt)
    __kernel_poly                            0x08009a0b   Thumb Code   248  poly.o(i.__kernel_poly)
    __mathlib_dbl_underflow                  0x08009b09   Thumb Code    24  dunder.o(i.__mathlib_dbl_underflow)
    fabs                                     0x08009b29   Thumb Code    24  fabs.o(i.fabs)
    sqrt                                     0x08009b41   Thumb Code   110  sqrt.o(i.sqrt)
    __aeabi_dneg                             0x08009baf   Thumb Code     0  basic.o(x$fpl$basic)
    _dneg                                    0x08009baf   Thumb Code     6  basic.o(x$fpl$basic)
    __aeabi_fneg                             0x08009bb5   Thumb Code     0  basic.o(x$fpl$basic)
    _fneg                                    0x08009bb5   Thumb Code     6  basic.o(x$fpl$basic)
    _dabs                                    0x08009bbb   Thumb Code     6  basic.o(x$fpl$basic)
    _fabs                                    0x08009bc1   Thumb Code     6  basic.o(x$fpl$basic)
    __aeabi_d2f                              0x08009bc9   Thumb Code     0  d2f.o(x$fpl$d2f)
    _d2f                                     0x08009bc9   Thumb Code    98  d2f.o(x$fpl$d2f)
    __aeabi_dadd                             0x08009c2d   Thumb Code     0  daddsub_clz.o(x$fpl$dadd)
    _dadd                                    0x08009c2d   Thumb Code   332  daddsub_clz.o(x$fpl$dadd)
    __fpl_dcheck_NaN1                        0x08009d7d   Thumb Code    10  dcheck1.o(x$fpl$dcheck1)
    __fpl_dcmp_Inf                           0x08009d8d   Thumb Code    24  dcmpi.o(x$fpl$dcmpinf)
    __aeabi_ddiv                             0x08009da5   Thumb Code     0  ddiv.o(x$fpl$ddiv)
    _ddiv                                    0x08009da5   Thumb Code   552  ddiv.o(x$fpl$ddiv)
    __aeabi_d2iz                             0x0800a055   Thumb Code     0  dfix.o(x$fpl$dfix)
    _dfix                                    0x0800a055   Thumb Code    94  dfix.o(x$fpl$dfix)
    __aeabi_i2d                              0x0800a0b3   Thumb Code     0  dflt_clz.o(x$fpl$dflt)
    _dflt                                    0x0800a0b3   Thumb Code    46  dflt_clz.o(x$fpl$dflt)
    __aeabi_ui2d                             0x0800a0e1   Thumb Code     0  dflt_clz.o(x$fpl$dfltu)
    _dfltu                                   0x0800a0e1   Thumb Code    38  dflt_clz.o(x$fpl$dfltu)
    __aeabi_cdcmple                          0x0800a109   Thumb Code     0  dleqf.o(x$fpl$dleqf)
    _dcmple                                  0x0800a109   Thumb Code   120  dleqf.o(x$fpl$dleqf)
    __fpl_dcmple_InfNaN                      0x0800a16b   Thumb Code     0  dleqf.o(x$fpl$dleqf)
    __aeabi_dmul                             0x0800a181   Thumb Code     0  dmul.o(x$fpl$dmul)
    _dmul                                    0x0800a181   Thumb Code   332  dmul.o(x$fpl$dmul)
    __fpl_dnaninf                            0x0800a2d5   Thumb Code   156  dnaninf.o(x$fpl$dnaninf)
    __fpl_dretinf                            0x0800a371   Thumb Code    12  dretinf.o(x$fpl$dretinf)
    __aeabi_cdrcmple                         0x0800a37d   Thumb Code     0  drleqf.o(x$fpl$drleqf)
    _drcmple                                 0x0800a37d   Thumb Code   108  drleqf.o(x$fpl$drleqf)
    __aeabi_drsub                            0x0800a3e9   Thumb Code     0  daddsub_clz.o(x$fpl$drsb)
    _drsb                                    0x0800a3e9   Thumb Code    22  daddsub_clz.o(x$fpl$drsb)
    _dsqrt                                   0x0800a401   Thumb Code   404  dsqrt_umaal.o(x$fpl$dsqrt)
    __aeabi_dsub                             0x0800a599   Thumb Code     0  daddsub_clz.o(x$fpl$dsub)
    _dsub                                    0x0800a599   Thumb Code   464  daddsub_clz.o(x$fpl$dsub)
    __aeabi_f2d                              0x0800a76d   Thumb Code     0  f2d.o(x$fpl$f2d)
    _f2d                                     0x0800a76d   Thumb Code    86  f2d.o(x$fpl$f2d)
    __fpl_fnaninf                            0x0800a7c3   Thumb Code   140  fnaninf.o(x$fpl$fnaninf)
    _fp_init                                 0x0800a84f   Thumb Code    10  fpinit.o(x$fpl$fpinit)
    __fplib_config_fpu_vfp                   0x0800a857   Thumb Code     0  fpinit.o(x$fpl$fpinit)
    __fplib_config_pureend_doubles           0x0800a857   Thumb Code     0  fpinit.o(x$fpl$fpinit)
    __fpl_fretinf                            0x0800a859   Thumb Code    10  fretinf.o(x$fpl$fretinf)
    __fpl_return_NaN                         0x0800a863   Thumb Code   100  retnan.o(x$fpl$retnan)
    __ARM_scalbn                             0x0800a8c7   Thumb Code    92  scalbn.o(x$fpl$scalbn)
    __fpl_cmpreturn                          0x0800a923   Thumb Code    48  trapv.o(x$fpl$trapveneer)
    __I$use$fp                               0x0800a952   Number         0  usenofp.o(x$fpl$usenofp)
    SinBox                                   0x0800a954   Data       14400  cloop.o(.constdata)
    ATanBox                                  0x0800e194   Data        4000  cloop.o(.constdata)
    __mathlib_zero                           0x0800f1c0   Data           8  qnan.o(.constdata)
    Region$$Table$$Base                      0x0800f1c8   Number         0  anon$$obj.o(Region$$Table)
    Region$$Table$$Limit                     0x0800f1e8   Number         0  anon$$obj.o(Region$$Table)
    pxCurrentTCB                             0x20000000   Data           4  tasks.o(.data)
    ledTaskHandle                            0x2000005c   Data           4  main.o(.data)
    encoderTaskHandle                        0x20000060   Data           4  main.o(.data)
    sciTaskHandle                            0x20000064   Data           4  main.o(.data)
    CLITaskHandle                            0x20000068   Data           4  main.o(.data)
    ploopTaskHandle                          0x2000006c   Data           4  main.o(.data)
    interpolationTaskHandle                  0x20000070   Data           4  main.o(.data)
    ledTask_PRIORITY                         0x20000074   Data           4  main.o(.data)
    sciSendTask_PRIORITY                     0x20000078   Data           4  main.o(.data)
    CLITask_PRIORITY                         0x2000007c   Data           4  main.o(.data)
    SystemCoreClock                          0x20000080   Data           4  system_stm32f4xx.o(.data)
    AHBPrescTable                            0x20000084   Data          16  system_stm32f4xx.o(.data)
    ControlWord                              0x200000a4   Data          16  canopen.o(.data)
    StatusWord                               0x200000b4   Data          16  canopen.o(.data)
    TargetTorque                             0x200000c4   Data          16  canopen.o(.data)
    TargetVelocity                           0x200000d4   Data          16  canopen.o(.data)
    ModesofOperation                         0x200000e4   Data          16  canopen.o(.data)
    ModesofOperationDisplay                  0x200000f4   Data          16  canopen.o(.data)
    MotorType                                0x20000104   Data          16  canopen.o(.data)
    CurrentLoopKcp                           0x20000114   Data          16  canopen.o(.data)
    CurrentLoopKci                           0x20000124   Data          16  canopen.o(.data)
    CurrentLoopKcff                          0x20000134   Data          16  canopen.o(.data)
    MaxCurrent                               0x20000144   Data          16  canopen.o(.data)
    TargetPosition                           0x20000154   Data          16  canopen.o(.data)
    ActualPosition                           0x20000164   Data          16  canopen.o(.data)
    Joint1                                   0x20000174   Data         100  canopen.o(.data)
    Joint2                                   0x200001d8   Data         100  canopen.o(.data)
    Joint3                                   0x2000023c   Data         100  canopen.o(.data)
    Joint4                                   0x200002a0   Data         100  canopen.o(.data)
    feedback                                 0x20000304   Data           4  cli.o(.data)
    A                                        0x20000308   Data           4  cli.o(.data)
    Cn                                       0x2000030c   Data           4  cloop.o(.data)
    tuningStartFlag                          0x20000310   Data           4  cloop.o(.data)
    Cti                                      0x20000314   Data           4  cloop.o(.data)
    Tra                                      0x20000318   Data           8  interpolation.o(.data)
    LastTra                                  0x20000320   Data           8  interpolation.o(.data)
    sendFlag                                 0x20000328   Data           4  ploop.o(.data)
    Joint1Angle                              0x2000032c   Data           4  ploop.o(.data)
    Joint2Angle                              0x20000330   Data           4  ploop.o(.data)
    JointH                                   0x20000334   Data           4  ploop.o(.data)
    JointAngle                               0x20000338   Data           4  ploop.o(.data)
    Pn                                       0x2000033c   Data           4  ploop.o(.data)
    pTuningStartFlag                         0x20000340   Data           4  ploop.o(.data)
    tra                                      0x20000344   Data           8  ploop.o(.data)
    Vn                                       0x2000034c   Data           4  vloop.o(.data)
    vloopTuningStartFlag                     0x20000350   Data           4  vloop.o(.data)
    Vt                                       0x20000354   Data           4  vloop.o(.data)
    MagnetEncValue                           0x20000358   Data           4  as5047d.o(.data)
    MagnetEncOffset                          0x2000035c   Data           4  as5047d.o(.data)
    tempture                                 0x20000360   Data           4  tempture.o(.data)
    voltage                                  0x200041e4   Data           4  voltage.o(.data)
    device_id                                0x200041e8   Data           4  can.o(.data)
    bMessage                                 0x200041ec   Data           4  sci.o(.data)
    xQueueRegistry                           0x200041f0   Data          64  queue.o(.bss)
    Current                                  0x20016f5c   Data         144  cloop.o(.bss)
    SVPWM                                    0x20016fec   Data          44  cloop.o(.bss)
    Cq                                       0x20017018   Data        4000  cloop.o(.bss)
    Position                                 0x20017fb8   Data          60  ploop.o(.bss)
    Pp                                       0x20017ff4   Data        4000  ploop.o(.bss)
    Pv                                       0x20018f94   Data        4000  ploop.o(.bss)
    Pe                                       0x20019f34   Data        4000  ploop.o(.bss)
    Po                                       0x2001aed4   Data        4000  ploop.o(.bss)
    state                                    0x2001be74   Data          16  statemonitor.o(.bss)
    Velocity                                 0x2001be84   Data          44  vloop.o(.bss)
    V                                        0x2001beb0   Data        4000  vloop.o(.bss)
    Vo                                       0x2001ce50   Data        4000  vloop.o(.bss)
    TxMessage                                0x2001ddf0   Data          20  can.o(.bss)
    RxMessage                                0x2001de04   Data          20  can.o(.bss)
    CANMessageQueue                          0x2001de18   Data         408  can.o(.bss)
    Encoder                                  0x2001dfb0   Data          36  encoder.o(.bss)
    absEnc                                   0x2001dfd4   Data          40  encoder.o(.bss)
    cmdBuf                                   0x2001dffc   Data          56  sci.o(.bss)
    LED                                      0x2001e034   Data          12  led.o(.bss)
    __libspace_start                         0x2001e040   Data          96  libspace.o(.bss)
    __temporary_stack_top$libspace           0x2001e0a0   Data           0  libspace.o(.bss)



==============================================================================

Memory Map of the image

  Image Entry point : 0x08000189

  Load Region LR_IROM1 (Base: 0x08000000, Size: 0x000133d8, Max: 0x00100000, ABSOLUTE, COMPRESSED[0x00012314])

    Execution Region ER_IROM1 (Base: 0x08000000, Size: 0x0000f1e8, Max: 0x00100000, ABSOLUTE)

    Base Addr    Size         Type   Attr      Idx    E Section Name        Object

    0x08000000   0x00000188   Data   RO          451    RESET               startup_stm32f40xx.o
    0x08000188   0x00000008   Code   RO         1209  * !!!main             c_w.l(__main.o)
    0x08000190   0x00000034   Code   RO         1464    !!!scatter          c_w.l(__scatter.o)
    0x080001c4   0x00000064   Code   RO         1462    !!dclz77c           c_w.l(__dclz77c.o)
    0x08000228   0x0000001c   Code   RO         1466    !!handler_zi        c_w.l(__scatter_zi.o)
    0x08000244   0x00000002   Code   RO         1334    .ARM.Collect$$libinit$$00000000  c_w.l(libinit.o)
    0x08000246   0x00000004   Code   RO         1339    .ARM.Collect$$libinit$$00000001  c_w.l(libinit2.o)
    0x0800024a   0x00000000   Code   RO         1343    .ARM.Collect$$libinit$$00000008  c_w.l(libinit2.o)
    0x0800024a   0x00000000   Code   RO         1345    .ARM.Collect$$libinit$$0000000A  c_w.l(libinit2.o)
    0x0800024a   0x00000000   Code   RO         1347    .ARM.Collect$$libinit$$0000000C  c_w.l(libinit2.o)
    0x0800024a   0x00000000   Code   RO         1350    .ARM.Collect$$libinit$$0000000F  c_w.l(libinit2.o)
    0x0800024a   0x00000000   Code   RO         1352    .ARM.Collect$$libinit$$00000011  c_w.l(libinit2.o)
    0x0800024a   0x00000000   Code   RO         1354    .ARM.Collect$$libinit$$00000013  c_w.l(libinit2.o)
    0x0800024a   0x00000000   Code   RO         1356    .ARM.Collect$$libinit$$00000015  c_w.l(libinit2.o)
    0x0800024a   0x00000000   Code   RO         1358    .ARM.Collect$$libinit$$00000017  c_w.l(libinit2.o)
    0x0800024a   0x00000000   Code   RO         1360    .ARM.Collect$$libinit$$00000019  c_w.l(libinit2.o)
    0x0800024a   0x00000000   Code   RO         1362    .ARM.Collect$$libinit$$0000001B  c_w.l(libinit2.o)
    0x0800024a   0x00000000   Code   RO         1364    .ARM.Collect$$libinit$$0000001D  c_w.l(libinit2.o)
    0x0800024a   0x00000000   Code   RO         1366    .ARM.Collect$$libinit$$0000001F  c_w.l(libinit2.o)
    0x0800024a   0x00000000   Code   RO         1368    .ARM.Collect$$libinit$$00000021  c_w.l(libinit2.o)
    0x0800024a   0x00000000   Code   RO         1370    .ARM.Collect$$libinit$$00000023  c_w.l(libinit2.o)
    0x0800024a   0x00000000   Code   RO         1374    .ARM.Collect$$libinit$$0000002A  c_w.l(libinit2.o)
    0x0800024a   0x00000000   Code   RO         1376    .ARM.Collect$$libinit$$0000002C  c_w.l(libinit2.o)
    0x0800024a   0x00000000   Code   RO         1378    .ARM.Collect$$libinit$$0000002E  c_w.l(libinit2.o)
    0x0800024a   0x00000000   Code   RO         1380    .ARM.Collect$$libinit$$00000030  c_w.l(libinit2.o)
    0x0800024a   0x00000002   Code   RO         1381    .ARM.Collect$$libinit$$00000031  c_w.l(libinit2.o)
    0x0800024c   0x00000002   Code   RO         1403    .ARM.Collect$$libshutdown$$00000000  c_w.l(libshutdown.o)
    0x0800024e   0x00000000   Code   RO         1417    .ARM.Collect$$libshutdown$$00000003  c_w.l(libshutdown2.o)
    0x0800024e   0x00000000   Code   RO         1420    .ARM.Collect$$libshutdown$$00000006  c_w.l(libshutdown2.o)
    0x0800024e   0x00000000   Code   RO         1423    .ARM.Collect$$libshutdown$$00000009  c_w.l(libshutdown2.o)
    0x0800024e   0x00000000   Code   RO         1425    .ARM.Collect$$libshutdown$$0000000B  c_w.l(libshutdown2.o)
    0x0800024e   0x00000000   Code   RO         1428    .ARM.Collect$$libshutdown$$0000000E  c_w.l(libshutdown2.o)
    0x0800024e   0x00000002   Code   RO         1429    .ARM.Collect$$libshutdown$$0000000F  c_w.l(libshutdown2.o)
    0x08000250   0x00000000   Code   RO         1267    .ARM.Collect$$rtentry$$00000000  c_w.l(rtentry.o)
    0x08000250   0x00000000   Code   RO         1299    .ARM.Collect$$rtentry$$00000002  c_w.l(rtentry2.o)
    0x08000250   0x00000006   Code   RO         1311    .ARM.Collect$$rtentry$$00000004  c_w.l(rtentry4.o)
    0x08000256   0x00000000   Code   RO         1301    .ARM.Collect$$rtentry$$00000009  c_w.l(rtentry2.o)
    0x08000256   0x00000004   Code   RO         1302    .ARM.Collect$$rtentry$$0000000A  c_w.l(rtentry2.o)
    0x0800025a   0x00000000   Code   RO         1304    .ARM.Collect$$rtentry$$0000000C  c_w.l(rtentry2.o)
    0x0800025a   0x00000008   Code   RO         1305    .ARM.Collect$$rtentry$$0000000D  c_w.l(rtentry2.o)
    0x08000262   0x00000002   Code   RO         1337    .ARM.Collect$$rtexit$$00000000  c_w.l(rtexit.o)
    0x08000264   0x00000000   Code   RO         1385    .ARM.Collect$$rtexit$$00000002  c_w.l(rtexit2.o)
    0x08000264   0x00000004   Code   RO         1386    .ARM.Collect$$rtexit$$00000003  c_w.l(rtexit2.o)
    0x08000268   0x00000006   Code   RO         1387    .ARM.Collect$$rtexit$$00000004  c_w.l(rtexit2.o)
    0x0800026e   0x00000002   PAD
    0x08000270   0x000000c6   Code   RO           91    .emb_text           port.o
    0x08000336   0x00000094   Code   RO            1    .text               list.o
    0x080003ca   0x00000002   PAD
    0x080003cc   0x00000828   Code   RO           45    .text               queue.o
    0x08000bf4   0x00000e6c   Code   RO           69    .text               tasks.o
    0x08001a60   0x00000214   Code   RO           92    .text               port.o
    0x08001c74   0x00000124   Code   RO          116    .text               heap_2.o
    0x08001d98   0x00000154   Code   RO          173    .text               main.o
    0x08001eec   0x00000014   Code   RO          395    .text               stm32f4xx_it.o
    0x08001f00   0x00000210   Code   RO          425    .text               system_stm32f4xx.o
    0x08002110   0x00000040   Code   RO          452    .text               startup_stm32f40xx.o
    0x08002150   0x000000e0   Code   RO          458    .text               misc.o
    0x08002230   0x00000464   Code   RO          504    .text               stm32f4xx_adc.o
    0x08002694   0x000009f0   Code   RO          524    .text               stm32f4xx_can.o
    0x08003084   0x00000294   Code   RO          604    .text               stm32f4xx_gpio.o
    0x08003318   0x0000065c   Code   RO          624    .text               stm32f4xx_rcc.o
    0x08003974   0x00000480   Code   RO          646    .text               stm32f4xx_spi.o
    0x08003df4   0x00000ca2   Code   RO          686    .text               stm32f4xx_tim.o
    0x08004a96   0x00000002   PAD
    0x08004a98   0x00000454   Code   RO          706    .text               stm32f4xx_usart.o
    0x08004eec   0x00001640   Code   RO          758    .text               cli.o
    0x0800652c   0x00000caa   Code   RO          791    .text               cloop.o
    0x080071d6   0x00000002   PAD
    0x080071d8   0x00000144   Code   RO          907    .text               vloop.o
    0x0800731c   0x000000c4   Code   RO          959    .text               as5047d.o
    0x080073e0   0x00000030   Code   RO          982    .text               tempture.o
    0x08007410   0x00000058   Code   RO         1005    .text               voltage.o
    0x08007468   0x00000150   Code   RO         1028    .text               ad.o
    0x080075b8   0x000003f0   Code   RO         1052    .text               can.o
    0x080079a8   0x00000434   Code   RO         1080    .text               encoder.o
    0x08007ddc   0x00000300   Code   RO         1106    .text               pwm.o
    0x080080dc   0x00000620   Code   RO         1126    .text               sci.o
    0x080086fc   0x00000230   Code   RO         1153    .text               led.o
    0x0800892c   0x000001b8   Code   RO         1179    .text               spi.o
    0x08008ae4   0x0000003e   Code   RO         1199    .text               c_w.l(strlen.o)
    0x08008b22   0x0000008a   Code   RO         1201    .text               c_w.l(rt_memcpy_v6.o)
    0x08008bac   0x00000064   Code   RO         1203    .text               c_w.l(rt_memcpy_w.o)
    0x08008c10   0x00000080   Code   RO         1205    .text               c_w.l(strcmpv7m.o)
    0x08008c90   0x00000006   Code   RO         1207    .text               c_w.l(heapauxi.o)
    0x08008c96   0x00000016   Code   RO         1268    .text               c_w.l(_rserrno.o)
    0x08008cac   0x00000008   Code   RO         1316    .text               c_w.l(rt_errno_addr_intlibspace.o)
    0x08008cb4   0x00000008   Code   RO         1322    .text               c_w.l(libspace.o)
    0x08008cbc   0x0000004a   Code   RO         1325    .text               c_w.l(sys_stackheap_outer.o)
    0x08008d06   0x0000000c   Code   RO         1327    .text               c_w.l(exit.o)
    0x08008d12   0x00000002   PAD
    0x08008d14   0x0000000c   Code   RO         1395    .text               c_w.l(sys_exit.o)
    0x08008d20   0x00000002   Code   RO         1406    .text               c_w.l(use_no_semi.o)
    0x08008d22   0x00000000   Code   RO         1408    .text               c_w.l(indicate_semi.o)
    0x08008d22   0x00000030   Code   RO         1293    i.__ARM_fpclassify  m_wm.l(fpclassify.o)
    0x08008d52   0x00000006   PAD
    0x08008d58   0x00000c38   Code   RO         1241    i.__hardfp_pow      m_wm.l(pow.o)
    0x08009990   0x0000007a   Code   RO         1255    i.__hardfp_sqrt     m_wm.l(sqrt.o)
    0x08009a0a   0x000000f8   Code   RO         1295    i.__kernel_poly     m_wm.l(poly.o)
    0x08009b02   0x00000006   PAD
    0x08009b08   0x00000020   Code   RO         1285    i.__mathlib_dbl_underflow  m_wm.l(dunder.o)
    0x08009b28   0x00000018   Code   RO         1289    i.fabs              m_wm.l(fabs.o)
    0x08009b40   0x0000006e   Code   RO         1257    i.sqrt              m_wm.l(sqrt.o)
    0x08009bae   0x00000018   Code   RO         1211    x$fpl$basic         fz_wm.l(basic.o)
    0x08009bc6   0x00000002   PAD
    0x08009bc8   0x00000062   Code   RO         1213    x$fpl$d2f           fz_wm.l(d2f.o)
    0x08009c2a   0x00000002   PAD
    0x08009c2c   0x00000150   Code   RO         1215    x$fpl$dadd          fz_wm.l(daddsub_clz.o)
    0x08009d7c   0x00000010   Code   RO         1318    x$fpl$dcheck1       fz_wm.l(dcheck1.o)
    0x08009d8c   0x00000018   Code   RO         1320    x$fpl$dcmpinf       fz_wm.l(dcmpi.o)
    0x08009da4   0x000002b0   Code   RO         1222    x$fpl$ddiv          fz_wm.l(ddiv.o)
    0x0800a054   0x0000005e   Code   RO         1225    x$fpl$dfix          fz_wm.l(dfix.o)
    0x0800a0b2   0x0000002e   Code   RO         1230    x$fpl$dflt          fz_wm.l(dflt_clz.o)
    0x0800a0e0   0x00000026   Code   RO         1229    x$fpl$dfltu         fz_wm.l(dflt_clz.o)
    0x0800a106   0x00000002   PAD
    0x0800a108   0x00000078   Code   RO         1270    x$fpl$dleqf         fz_wm.l(dleqf.o)
    0x0800a180   0x00000154   Code   RO         1235    x$fpl$dmul          fz_wm.l(dmul.o)
    0x0800a2d4   0x0000009c   Code   RO         1272    x$fpl$dnaninf       fz_wm.l(dnaninf.o)
    0x0800a370   0x0000000c   Code   RO         1274    x$fpl$dretinf       fz_wm.l(dretinf.o)
    0x0800a37c   0x0000006c   Code   RO         1237    x$fpl$drleqf        fz_wm.l(drleqf.o)
    0x0800a3e8   0x00000016   Code   RO         1216    x$fpl$drsb          fz_wm.l(daddsub_clz.o)
    0x0800a3fe   0x00000002   PAD
    0x0800a400   0x00000198   Code   RO         1276    x$fpl$dsqrt         fz_wm.l(dsqrt_umaal.o)
    0x0800a598   0x000001d4   Code   RO         1217    x$fpl$dsub          fz_wm.l(daddsub_clz.o)
    0x0800a76c   0x00000056   Code   RO         1239    x$fpl$f2d           fz_wm.l(f2d.o)
    0x0800a7c2   0x0000008c   Code   RO         1278    x$fpl$fnaninf       fz_wm.l(fnaninf.o)
    0x0800a84e   0x0000000a   Code   RO         1393    x$fpl$fpinit        fz_wm.l(fpinit.o)
    0x0800a858   0x0000000a   Code   RO         1280    x$fpl$fretinf       fz_wm.l(fretinf.o)
    0x0800a862   0x00000064   Code   RO         1335    x$fpl$retnan        fz_wm.l(retnan.o)
    0x0800a8c6   0x0000005c   Code   RO         1282    x$fpl$scalbn        fz_wm.l(scalbn.o)
    0x0800a922   0x00000030   Code   RO         1382    x$fpl$trapveneer    fz_wm.l(trapv.o)
    0x0800a952   0x00000000   Code   RO         1284    x$fpl$usenofp       fz_wm.l(usenofp.o)
    0x0800a952   0x00000002   PAD
    0x0800a954   0x000047e0   Data   RO          793    .constdata          cloop.o
    0x0800f134   0x00000004   PAD
    0x0800f138   0x00000088   Data   RO         1244    .constdata          m_wm.l(pow.o)
    0x0800f1c0   0x00000008   Data   RO         1297    .constdata          m_wm.l(qnan.o)
    0x0800f1c8   0x00000020   Data   RO         1460    Region$$Table       anon$$obj.o


    Execution Region RW_IRAM1 (Base: 0x20000000, Size: 0x0001e6a0, Max: 0x00020000, ABSOLUTE, COMPRESSED[0x0000312c])

    Base Addr    Size         Type   Attr      Idx    E Section Name        Object

    0x20000000   0x00000038   Data   RW           71    .data               tasks.o
    0x20000038   0x0000000c   Data   RW           93    .data               port.o
    0x20000044   0x00000018   Data   RW          118    .data               heap_2.o
    0x2000005c   0x00000024   Data   RW          174    .data               main.o
    0x20000080   0x00000014   Data   RW          426    .data               system_stm32f4xx.o
    0x20000094   0x00000010   Data   RW          625    .data               stm32f4xx_rcc.o
    0x200000a4   0x00000260   Data   RW          727    .data               canopen.o
    0x20000304   0x00000008   Data   RW          759    .data               cli.o
    0x2000030c   0x0000000c   Data   RW          794    .data               cloop.o
    0x20000318   0x00000010   Data   RW          825    .data               interpolation.o
    0x20000328   0x00000024   Data   RW          856    .data               ploop.o
    0x2000034c   0x0000000c   Data   RW          909    .data               vloop.o
    0x20000358   0x00000008   Data   RW          960    .data               as5047d.o
    0x20000360   0x00003e84   Data   RW          983    .data               tempture.o
    0x200041e4   0x00000004   Data   RW         1006    .data               voltage.o
    0x200041e8   0x00000004   Data   RW         1054    .data               can.o
    0x200041ec   0x00000004   Data   RW         1128    .data               sci.o
    0x200041f0   0x00000040   Zero   RW           46    .bss                queue.o
    0x20004230   0x0000012c   Zero   RW           70    .bss                tasks.o
    0x2000435c   0x00012c00   Zero   RW          117    .bss                heap_2.o
    0x20016f5c   0x0000105c   Zero   RW          792    .bss                cloop.o
    0x20017fb8   0x00003ebc   Zero   RW          855    .bss                ploop.o
    0x2001be74   0x00000010   Zero   RW          882    .bss                statemonitor.o
    0x2001be84   0x00001f6c   Zero   RW          908    .bss                vloop.o
    0x2001ddf0   0x000001c0   Zero   RW         1053    .bss                can.o
    0x2001dfb0   0x0000004c   Zero   RW         1081    .bss                encoder.o
    0x2001dffc   0x00000038   Zero   RW         1127    .bss                sci.o
    0x2001e034   0x0000000c   Zero   RW         1154    .bss                led.o
    0x2001e040   0x00000060   Zero   RW         1323    .bss                c_w.l(libspace.o)
    0x2001e0a0   0x00000200   Zero   RW          450    HEAP                startup_stm32f40xx.o
    0x2001e2a0   0x00000400   Zero   RW          449    STACK               startup_stm32f40xx.o


==============================================================================

Image component sizes


      Code (inc. data)   RO Data    RW Data    ZI Data      Debug   Object Name

       336         30          0          0          0      27358   ad.o
       196         10          0          8          0       1852   as5047d.o
      1008         74          0          4        448       3707   can.o
         0          0          0        608          0       5083   canopen.o
      5696       1078          0          8          0       5454   cli.o
      3242        150      18400         12       4188       5042   cloop.o
      1076         50          0          0         76       3333   encoder.o
       292         26          0         24      76800       3188   heap_2.o
         0          0          0         16          0        814   interpolation.o
       560         12          0          0         12       2743   led.o
       148          0          0          0          0      12434   list.o
       340        114          0         36          0      62747   main.o
       224         20          0          0          0     252973   misc.o
         0          0          0         36      16060       1706   ploop.o
       730         52          0         12          0       5422   port.o
       768         16          0          0          0       1079   pwm.o
      2088          6          0          0         64      15457   queue.o
      1568        142          0          4         56       5088   sci.o
       440         10          0          0          0       1122   spi.o
        64         26        392          0       1536        824   startup_stm32f40xx.o
         0          0          0          0         16        648   statemonitor.o
      1124         24          0          0          0      10478   stm32f4xx_adc.o
      2544         38          0          0          0       7948   stm32f4xx_can.o
       660         44          0          0          0       4077   stm32f4xx_gpio.o
        20          0          0          0          0        959   stm32f4xx_it.o
      1628         52          0         16          0      12864   stm32f4xx_rcc.o
      1152         36          0          0          0       6829   stm32f4xx_spi.o
      3234         60          0          0          0      22280   stm32f4xx_tim.o
      1108         34          0          0          0       7780   stm32f4xx_usart.o
       528         46          0         20          0       1815   system_stm32f4xx.o
      3692        222          0         56        300      14961   tasks.o
        48         12          0      16004          0       1306   tempture.o
       324         28          0         12       8044       2047   vloop.o
        88         16          0          4          0        935   voltage.o

    ----------------------------------------------------------------------
     34932       2428      18828      16880     107600     512353   Object Totals
         0          0         32          0          0          0   (incl. Generated)
         6          0          4          0          0          0   (incl. Padding)

    ----------------------------------------------------------------------

      Code (inc. data)   RO Data    RW Data    ZI Data      Debug   Library Member Name

       100          0          0          0          0          0   __dclz77c.o
         8          0          0          0          0         68   __main.o
        52          8          0          0          0          0   __scatter.o
        28          0          0          0          0          0   __scatter_zi.o
        22          0          0          0          0        100   _rserrno.o
        12          0          0          0          0         72   exit.o
         6          0          0          0          0        152   heapauxi.o
         0          0          0          0          0          0   indicate_semi.o
         2          0          0          0          0          0   libinit.o
         6          0          0          0          0          0   libinit2.o
         2          0          0          0          0          0   libshutdown.o
         2          0          0          0          0          0   libshutdown2.o
         8          4          0          0         96         68   libspace.o
         8          4          0          0          0         68   rt_errno_addr_intlibspace.o
       138          0          0          0          0         68   rt_memcpy_v6.o
       100          0          0          0          0         80   rt_memcpy_w.o
         0          0          0          0          0          0   rtentry.o
        12          0          0          0          0          0   rtentry2.o
         6          0          0          0          0          0   rtentry4.o
         2          0          0          0          0          0   rtexit.o
        10          0          0          0          0          0   rtexit2.o
       128          0          0          0          0         68   strcmpv7m.o
        62          0          0          0          0         76   strlen.o
        12          4          0          0          0         68   sys_exit.o
        74          0          0          0          0         80   sys_stackheap_outer.o
         2          0          0          0          0         68   use_no_semi.o
        24          0          0          0          0        164   basic.o
        98          4          0          0          0        140   d2f.o
       826         16          0          0          0        492   daddsub_clz.o
        16          4          0          0          0        116   dcheck1.o
        24          0          0          0          0        116   dcmpi.o
       688        140          0          0          0        256   ddiv.o
        94          4          0          0          0        140   dfix.o
        84          0          0          0          0        232   dflt_clz.o
       120          4          0          0          0        140   dleqf.o
       340         12          0          0          0        152   dmul.o
       156          4          0          0          0        140   dnaninf.o
        12          0          0          0          0        116   dretinf.o
       108          0          0          0          0        128   drleqf.o
       408         56          0          0          0        168   dsqrt_umaal.o
        86          4          0          0          0        132   f2d.o
       140          4          0          0          0        132   fnaninf.o
        10          0          0          0          0        116   fpinit.o
        10          0          0          0          0        116   fretinf.o
       100          0          0          0          0        116   retnan.o
        92          0          0          0          0        116   scalbn.o
        48          0          0          0          0        116   trapv.o
         0          0          0          0          0          0   usenofp.o
        32          8          0          0          0        124   dunder.o
        24          0          0          0          0        124   fabs.o
        48          0          0          0          0        124   fpclassify.o
       248          0          0          0          0        152   poly.o
      3128        304        136          0          0        216   pow.o
         0          0          8          0          0          0   qnan.o
       232          0          0          0          0        296   sqrt.o

    ----------------------------------------------------------------------
      8024        584        144          0         96       5416   Library Totals
        26          0          0          0          0          0   (incl. Padding)

    ----------------------------------------------------------------------

      Code (inc. data)   RO Data    RW Data    ZI Data      Debug   Library Name

       802         20          0          0         96       1036   c_w.l
      3484        252          0          0          0       3344   fz_wm.l
      3712        312        144          0          0       1036   m_wm.l

    ----------------------------------------------------------------------
      8024        584        144          0         96       5416   Library Totals

    ----------------------------------------------------------------------

==============================================================================


      Code (inc. data)   RO Data    RW Data    ZI Data      Debug   

     42956       3012      18972      16880     107696     507401   Grand Totals
     42956       3012      18972      12588     107696     507401   ELF Image Totals (compressed)
     42956       3012      18972      12588          0          0   ROM Totals

==============================================================================

    Total RO  Size (Code + RO Data)                61928 (  60.48kB)
    Total RW  Size (RW Data + ZI Data)            124576 ( 121.66kB)
    Total ROM Size (Code + RO Data + RW Data)      74516 (  72.77kB)

==============================================================================

